Archive member included to satisfy reference by file (symbol)

d:/softwares/stm32cubeide_1.10.0/stm32cubeide/plugins/com.st.stm32cube.ide.mcu.externaltools.gnu-tools-for-stm32.10.3-2021.10.win32_1.0.200.202301161003/tools/bin/../lib/gcc/arm-none-eabi/10.3.1/../../../../arm-none-eabi/lib/thumb/v7-m/nofp\libc_nano.a(lib_a-errno.o)
                              ./Core/Src/syscalls.o (__errno)
d:/softwares/stm32cubeide_1.10.0/stm32cubeide/plugins/com.st.stm32cube.ide.mcu.externaltools.gnu-tools-for-stm32.10.3-2021.10.win32_1.0.200.202301161003/tools/bin/../lib/gcc/arm-none-eabi/10.3.1/../../../../arm-none-eabi/lib/thumb/v7-m/nofp\libc_nano.a(lib_a-exit.o)
                              d:/softwares/stm32cubeide_1.10.0/stm32cubeide/plugins/com.st.stm32cube.ide.mcu.externaltools.gnu-tools-for-stm32.10.3-2021.10.win32_1.0.200.202301161003/tools/bin/../lib/gcc/arm-none-eabi/10.3.1/../../../../arm-none-eabi/lib/thumb/v7-m/nofp/crt0.o (exit)
d:/softwares/stm32cubeide_1.10.0/stm32cubeide/plugins/com.st.stm32cube.ide.mcu.externaltools.gnu-tools-for-stm32.10.3-2021.10.win32_1.0.200.202301161003/tools/bin/../lib/gcc/arm-none-eabi/10.3.1/../../../../arm-none-eabi/lib/thumb/v7-m/nofp\libc_nano.a(lib_a-findfp.o)
                              ./Middlewares/Third_Party/FreeRTOS/Source/tasks.o (__sf_fake_stderr)
d:/softwares/stm32cubeide_1.10.0/stm32cubeide/plugins/com.st.stm32cube.ide.mcu.externaltools.gnu-tools-for-stm32.10.3-2021.10.win32_1.0.200.202301161003/tools/bin/../lib/gcc/arm-none-eabi/10.3.1/../../../../arm-none-eabi/lib/thumb/v7-m/nofp\libc_nano.a(lib_a-fwalk.o)
                              d:/softwares/stm32cubeide_1.10.0/stm32cubeide/plugins/com.st.stm32cube.ide.mcu.externaltools.gnu-tools-for-stm32.10.3-2021.10.win32_1.0.200.202301161003/tools/bin/../lib/gcc/arm-none-eabi/10.3.1/../../../../arm-none-eabi/lib/thumb/v7-m/nofp\libc_nano.a(lib_a-findfp.o) (_fwalk)
d:/softwares/stm32cubeide_1.10.0/stm32cubeide/plugins/com.st.stm32cube.ide.mcu.externaltools.gnu-tools-for-stm32.10.3-2021.10.win32_1.0.200.202301161003/tools/bin/../lib/gcc/arm-none-eabi/10.3.1/../../../../arm-none-eabi/lib/thumb/v7-m/nofp\libc_nano.a(lib_a-impure.o)
                              d:/softwares/stm32cubeide_1.10.0/stm32cubeide/plugins/com.st.stm32cube.ide.mcu.externaltools.gnu-tools-for-stm32.10.3-2021.10.win32_1.0.200.202301161003/tools/bin/../lib/gcc/arm-none-eabi/10.3.1/../../../../arm-none-eabi/lib/thumb/v7-m/nofp\libc_nano.a(lib_a-exit.o) (_global_impure_ptr)
d:/softwares/stm32cubeide_1.10.0/stm32cubeide/plugins/com.st.stm32cube.ide.mcu.externaltools.gnu-tools-for-stm32.10.3-2021.10.win32_1.0.200.202301161003/tools/bin/../lib/gcc/arm-none-eabi/10.3.1/../../../../arm-none-eabi/lib/thumb/v7-m/nofp\libc_nano.a(lib_a-init.o)
                              d:/softwares/stm32cubeide_1.10.0/stm32cubeide/plugins/com.st.stm32cube.ide.mcu.externaltools.gnu-tools-for-stm32.10.3-2021.10.win32_1.0.200.202301161003/tools/bin/../lib/gcc/arm-none-eabi/10.3.1/../../../../arm-none-eabi/lib/thumb/v7-m/nofp/crt0.o (__libc_init_array)
d:/softwares/stm32cubeide_1.10.0/stm32cubeide/plugins/com.st.stm32cube.ide.mcu.externaltools.gnu-tools-for-stm32.10.3-2021.10.win32_1.0.200.202301161003/tools/bin/../lib/gcc/arm-none-eabi/10.3.1/../../../../arm-none-eabi/lib/thumb/v7-m/nofp\libc_nano.a(lib_a-lock.o)
                              d:/softwares/stm32cubeide_1.10.0/stm32cubeide/plugins/com.st.stm32cube.ide.mcu.externaltools.gnu-tools-for-stm32.10.3-2021.10.win32_1.0.200.202301161003/tools/bin/../lib/gcc/arm-none-eabi/10.3.1/../../../../arm-none-eabi/lib/thumb/v7-m/nofp\libc_nano.a(lib_a-findfp.o) (__retarget_lock_init_recursive)
d:/softwares/stm32cubeide_1.10.0/stm32cubeide/plugins/com.st.stm32cube.ide.mcu.externaltools.gnu-tools-for-stm32.10.3-2021.10.win32_1.0.200.202301161003/tools/bin/../lib/gcc/arm-none-eabi/10.3.1/../../../../arm-none-eabi/lib/thumb/v7-m/nofp\libc_nano.a(lib_a-memcpy-stub.o)
                              ./Core/Src/freertos.o (memcpy)
d:/softwares/stm32cubeide_1.10.0/stm32cubeide/plugins/com.st.stm32cube.ide.mcu.externaltools.gnu-tools-for-stm32.10.3-2021.10.win32_1.0.200.202301161003/tools/bin/../lib/gcc/arm-none-eabi/10.3.1/../../../../arm-none-eabi/lib/thumb/v7-m/nofp\libc_nano.a(lib_a-memset.o)
                              d:/softwares/stm32cubeide_1.10.0/stm32cubeide/plugins/com.st.stm32cube.ide.mcu.externaltools.gnu-tools-for-stm32.10.3-2021.10.win32_1.0.200.202301161003/tools/bin/../lib/gcc/arm-none-eabi/10.3.1/../../../../arm-none-eabi/lib/thumb/v7-m/nofp/crt0.o (memset)
d:/softwares/stm32cubeide_1.10.0/stm32cubeide/plugins/com.st.stm32cube.ide.mcu.externaltools.gnu-tools-for-stm32.10.3-2021.10.win32_1.0.200.202301161003/tools/bin/../lib/gcc/arm-none-eabi/10.3.1/../../../../arm-none-eabi/lib/thumb/v7-m/nofp\libc_nano.a(lib_a-nano-mallocr.o)
[...]
Memory Configuration

Name             Origin             Length             Attributes
RAM              0x0000000020000000 0x0000000000010000 xrw
FLASH            0x0000000008000000 0x0000000000080000 xr
*default*        0x0000000000000000 0xffffffffffffffff

Linker script and memory map

LOAD d:/softwares/stm32cubeide_1.10.0/stm32cubeide/plugins/com.st.stm32cube.ide.mcu.externaltools.gnu-tools-for-stm32.10.3-2021.10.win32_1.0.200.202301161003/tools/bin/../lib/gcc/arm-none-eabi/10.3.1/thumb/v7-m/nofp/crti.o
LOAD d:/softwares/stm32cubeide_1.10.0/stm32cubeide/plugins/com.st.stm32cube.ide.mcu.externaltools.gnu-tools-for-stm32.10.3-2021.10.win32_1.0.200.202301161003/tools/bin/../lib/gcc/arm-none-eabi/10.3.1/thumb/v7-m/nofp/crtbegin.o
LOAD d:/softwares/stm32cubeide_1.10.0/stm32cubeide/plugins/com.st.stm32cube.ide.mcu.externaltools.gnu-tools-for-stm32.10.3-2021.10.win32_1.0.200.202301161003/tools/bin/../lib/gcc/arm-none-eabi/10.3.1/../../../../arm-none-eabi/lib/thumb/v7-m/nofp/crt0.o
LOAD ./Core/Src/adc.o
LOAD ./Core/Src/freertos.o
LOAD ./Core/Src/gpio.o
LOAD ./Core/Src/i2c.o
LOAD ./Core/Src/main.o
LOAD ./Core/Src/stm32f1xx_hal_msp.o
LOAD ./Core/Src/stm32f1xx_hal_timebase_tim.o
LOAD ./Core/Src/stm32f1xx_it.o
LOAD ./Core/Src/syscalls.o
LOAD ./Core/Src/sysmem.o
LOAD ./Core/Src/system_stm32f1xx.o
LOAD ./Core/Src/tim.o
LOAD ./Core/Src/usart.o
LOAD ./Core/Startup/startup_stm32f103zetx.o
LOAD ./Drivers/STM32F1xx_HAL_Driver/Src/stm32f1xx_hal.o
LOAD ./Drivers/STM32F1xx_HAL_Driver/Src/stm32f1xx_hal_adc.o
LOAD ./Drivers/STM32F1xx_HAL_Driver/Src/stm32f1xx_hal_adc_ex.o
LOAD ./Drivers/STM32F1xx_HAL_Driver/Src/stm32f1xx_hal_cortex.o
LOAD ./Drivers/STM32F1xx_HAL_Driver/Src/stm32f1xx_hal_dma.o
LOAD ./Drivers/STM32F1xx_HAL_Driver/Src/stm32f1xx_hal_exti.o
LOAD ./Drivers/STM32F1xx_HAL_Driver/Src/stm32f1xx_hal_flash.o
LOAD ./Drivers/STM32F1xx_HAL_Driver/Src/stm32f1xx_hal_flash_ex.o
LOAD ./Drivers/STM32F1xx_HAL_Driver/Src/stm32f1xx_hal_gpio.o
LOAD ./Drivers/STM32F1xx_HAL_Driver/Src/stm32f1xx_hal_gpio_ex.o
LOAD ./Drivers/STM32F1xx_HAL_Driver/Src/stm32f1xx_hal_i2c.o
LOAD ./Drivers/STM32F1xx_HAL_Driver/Src/stm32f1xx_hal_pwr.o
LOAD ./Drivers/STM32F1xx_HAL_Driver/Src/stm32f1xx_hal_rcc.o
LOAD ./Drivers/STM32F1xx_HAL_Driver/Src/stm32f1xx_hal_rcc_ex.o
LOAD ./Drivers/STM32F1xx_HAL_Driver/Src/stm32f1xx_hal_tim.o
LOAD ./Drivers/STM32F1xx_HAL_Driver/Src/stm32f1xx_hal_tim_ex.o
LOAD ./Drivers/STM32F1xx_HAL_Driver/Src/stm32f1xx_hal_uart.o
LOAD ./Middlewares/Third_Party/FreeRTOS/Source/CMSIS_RTOS_V2/cmsis_os2.o
LOAD ./Middlewares/Third_Party/FreeRTOS/Source/croutine.o
LOAD ./Middlewares/Third_Party/FreeRTOS/Source/event_groups.o
LOAD ./Middlewares/Third_Party/FreeRTOS/Source/list.o
LOAD ./Middlewares/Third_Party/FreeRTOS/Source/queue.o
LOAD ./Middlewares/Third_Party/FreeRTOS/Source/stream_buffer.o
LOAD ./Middlewares/Third_Party/FreeRTOS/Source/tasks.o
LOAD ./Middlewares/Third_Party/FreeRTOS/Source/timers.o
LOAD ./Middlewares/Third_Party/FreeRTOS/Source/portable/GCC/ARM_CM3/port.o
LOAD ./Middlewares/Third_Party/FreeRTOS/Source/portable/MemMang/heap_4.o
START GROUP
LOAD d:/softwares/stm32cubeide_1.10.0/stm32cubeide/plugins/com.st.stm32cube.ide.mcu.externaltools.gnu-tools-for-stm32.10.3-2021.10.win32_1.0.200.202301161003/tools/bin/../lib/gcc/arm-none-eabi/10.3.1/../../../../arm-none-eabi/lib/thumb/v7-m/nofp\libc_nano.a
LOAD d:/softwares/stm32cubeide_1.10.0/stm32cubeide/plugins/com.st.stm32cube.ide.mcu.externaltools.gnu-tools-for-stm32.10.3-2021.10.win32_1.0.200.202301161003/tools/bin/../lib/gcc/arm-none-eabi/10.3.1/../../../../arm-none-eabi/lib/thumb/v7-m/nofp\libm.a
END GROUP
START GROUP
LOAD d:/softwares/stm32cubeide_1.10.0/stm32cubeide/plugins/com.st.stm32cube.ide.mcu.externaltools.gnu-tools-for-stm32.10.3-2021.10.win32_1.0.200.202301161003/tools/bin/../lib/gcc/arm-none-eabi/10.3.1/thumb/v7-m/nofp\libgcc.a
LOAD d:/softwares/stm32cubeide_1.10.0/stm32cubeide/plugins/com.st.stm32cube.ide.mcu.externaltools.gnu-tools-for-stm32.10.3-2021.10.win32_1.0.200.202301161003/tools/bin/../lib/gcc/arm-none-eabi/10.3.1/../../../../arm-none-eabi/lib/thumb/v7-m/nofp\libc_nano.a
END GROUP
START GROUP
LOAD d:/softwares/stm32cubeide_1.10.0/stm32cubeide/plugins/com.st.stm32cube.ide.mcu.externaltools.gnu-tools-for-stm32.10.3-2021.10.win32_1.0.200.202301161003/tools/bin/../lib/gcc/arm-none-eabi/10.3.1/thumb/v7-m/nofp\libgcc.a
LOAD d:/softwares/stm32cubeide_1.10.0/stm32cubeide/plugins/com.st.stm32cube.ide.mcu.externaltools.gnu-tools-for-stm32.10.3-2021.10.win32_1.0.200.202301161003/tools/bin/../lib/gcc/arm-none-eabi/10.3.1/../../../../arm-none-eabi/lib/thumb/v7-m/nofp\libc_nano.a
LOAD d:/softwares/stm32cubeide_1.10.0/stm32cubeide/plugins/com.st.stm32cube.ide.mcu.externaltools.gnu-tools-for-stm32.10.3-2021.10.win32_1.0.200.202301161003/tools/bin/../lib/gcc/arm-none-eabi/10.3.1/../../../../arm-none-eabi/lib/thumb/v7-m/nofp\libnosys.a
END GROUP
START GROUP
LOAD d:/softwares/stm32cubeide_1.10.0/stm32cubeide/plugins/com.st.stm32cube.ide.mcu.externaltools.gnu-tools-for-stm32.10.3-2021.10.win32_1.0.200.202301161003/tools/bin/../lib/gcc/arm-none-eabi/10.3.1/thumb/v7-m/nofp\libgcc.a
LOAD d:/softwares/stm32cubeide_1.10.0/stm32cubeide/plugins/com.st.stm32cube.ide.mcu.externaltools.gnu-tools-for-stm32.10.3-2021.10.win32_1.0.200.202301161003/tools/bin/../lib/gcc/arm-none-eabi/10.3.1/../../../../arm-none-eabi/lib/thumb/v7-m/nofp\libc_nano.a
LOAD d:/softwares/stm32cubeide_1.10.0/stm32cubeide/plugins/com.st.stm32cube.ide.mcu.externaltools.gnu-tools-for-stm32.10.3-2021.10.win32_1.0.200.202301161003/tools/bin/../lib/gcc/arm-none-eabi/10.3.1/../../../../arm-none-eabi/lib/thumb/v7-m/nofp\libnosys.a
END GROUP
LOAD d:/softwares/stm32cubeide_1.10.0/stm32cubeide/plugins/com.st.stm32cube.ide.mcu.externaltools.gnu-tools-for-stm32.10.3-2021.10.win32_1.0.200.202301161003/tools/bin/../lib/gcc/arm-none-eabi/10.3.1/thumb/v7-m/nofp/crtend.o
LOAD d:/softwares/stm32cubeide_1.10.0/stm32cubeide/plugins/com.st.stm32cube.ide.mcu.externaltools.gnu-tools-for-stm32.10.3-2021.10.win32_1.0.200.202301161003/tools/bin/../lib/gcc/arm-none-eabi/10.3.1/thumb/v7-m/nofp/crtn.o
                0x0000000020010000                _estack = (ORIGIN (RAM) + LENGTH (RAM))
                0x0000000000000200                _Min_Heap_Size = 0x200
                0x0000000000000400                _Min_Stack_Size = 0x400

.isr_vector     0x0000000008000000      0x1e4
                0x0000000008000000                . = ALIGN (0x4)
 *(.isr_vector)
 .isr_vector    0x0000000008000000      0x1e4 ./Core/Startup/startup_stm32f103zetx.o
                0x0000000008000000                g_pfnVectors
                0x00000000080001e4                . = ALIGN (0x4)

.text           0x00000000080001f0    0x110e4
                0x00000000080001f0                . = ALIGN (0x4)
 *(.text)
 .text          0x00000000080001f0       0x40 d:/softwares/stm32cubeide_1.10.0/stm32cubeide/plugins/com.st.stm32cube.ide.mcu.externaltools.gnu-tools-for-stm32.10.3-2021.10.win32_1.0.200.202301161003/tools/bin/../lib/gcc/arm-none-eabi/10.3.1/thumb/v7-m/nofp/crtbegin.o
 .text          0x0000000008000230       0x10 d:/softwares/stm32cubeide_1.10.0/stm32cubeide/plugins/com.st.stm32cube.ide.mcu.externaltools.gnu-tools-for-stm32.10.3-2021.10.win32_1.0.200.202301161003/tools/bin/../lib/gcc/arm-none-eabi/10.3.1/../../../../arm-none-eabi/lib/thumb/v7-m/nofp\libc_nano.a(lib_a-strlen.o)
                0x0000000008000230                strlen
 .text          0x0000000008000240      0x378 d:/softwares/stm32cubeide_1.10.0/stm32cubeide/plugins/com.st.stm32cube.ide.mcu.externaltools.gnu-tools-for-stm32.10.3-2021.10.win32_1.0.200.202301161003/tools/bin/../lib/gcc/arm-none-eabi/10.3.1/thumb/v7-m/nofp\libgcc.a(_arm_addsubdf3.o)
                0x0000000008000240                __aeabi_drsub
                0x0000000008000248                __aeabi_dsub
                0x0000000008000248                __subdf3
                0x000000000800024c                __aeabi_dadd
                0x000000000800024c                __adddf3
                0x00000000080004c4                __floatunsidf
                0x00000000080004c4                __aeabi_ui2d
                0x00000000080004e4                __floatsidf
                0x00000000080004e4                __aeabi_i2d
                0x0000000008000508                __aeabi_f2d
                0x0000000008000508                __extendsfdf2
                0x000000000800054c                __floatundidf
                0x000000000800054c                __aeabi_ul2d
                0x000000000800055c                __floatdidf
                0x000000000800055c                __aeabi_l2d
 .text          0x00000000080005b8      0x424 d:/softwares/stm32cubeide_1.10.0/stm32cubeide/plugins/com.st.stm32cube.ide.mcu.externaltools.gnu-tools-for-stm32.10.3-2021.10.win32_1.0.200.202301161003/tools/bin/../lib/gcc/arm-none-eabi/10.3.1/thumb/v7-m/nofp\libgcc.a(_arm_muldivdf3.o)
                0x00000000080005b8                __aeabi_dmul
                0x00000000080005b8                __muldf3
                0x000000000800080c                __divdf3
                0x000000000800080c                __aeabi_ddiv
 .text          0x00000000080009dc      0x110 d:/softwares/stm32cubeide_1.10.0/stm32cubeide/plugins/com.st.stm32cube.ide.mcu.externaltools.gnu-tools-for-stm32.10.3-2021.10.win32_1.0.200.202301161003/tools/bin/../lib/gcc/arm-none-eabi/10.3.1/thumb/v7-m/nofp\libgcc.a(_arm_cmpdf2.o)
                0x00000000080009dc                __gtdf2
                0x00000000080009dc                __gedf2
                0x00000000080009e4                __ltdf2
                0x00000000080009e4                __ledf2
                0x00000000080009ec                __nedf2
                0x00000000080009ec                __eqdf2
                0x00000000080009ec                __cmpdf2
                0x0000000008000a68                __aeabi_cdrcmple
                0x0000000008000a78                __aeabi_cdcmpeq
                0x0000000008000a78                __aeabi_cdcmple
                0x0000000008000a88                __aeabi_dcmpeq
                0x0000000008000a9c                __aeabi_dcmplt
                0x0000000008000ab0                __aeabi_dcmple
                0x0000000008000ac4                __aeabi_dcmpge
                0x0000000008000ad8                __aeabi_dcmpgt
 .text          0x0000000008000aec       0x2c d:/softwares/stm32cubeide_1.10.0/stm32cubeide/plugins/com.st.stm32cube.ide.mcu.externaltools.gnu-tools-for-stm32.10.3-2021.10.win32_1.0.200.202301161003/tools/bin/../lib/gcc/arm-none-eabi/10.3.1/thumb/v7-m/nofp\libgcc.a(_arm_unorddf2.o)
                0x0000000008000aec                __unorddf2
                0x0000000008000aec                __aeabi_dcmpun
 .text          0x0000000008000b18       0x50 d:/softwares/stm32cubeide_1.10.0/stm32cubeide/plugins/com.st.stm32cube.ide.mcu.externaltools.gnu-tools-for-stm32.10.3-2021.10.win32_1.0.200.202301161003/tools/bin/../lib/gcc/arm-none-eabi/10.3.1/thumb/v7-m/nofp\libgcc.a(_arm_fixdfsi.o)
                0x0000000008000b18                __aeabi_d2iz
                0x0000000008000b18                __fixdfsi
 .text          0x0000000008000b68       0xa0 d:/softwares/stm32cubeide_1.10.0/stm32cubeide/plugins/com.st.stm32cube.ide.mcu.externaltools.gnu-tools-for-stm32.10.3-2021.10.win32_1.0.200.202301161003/tools/bin/../lib/gcc/arm-none-eabi/10.3.1/thumb/v7-m/nofp\libgcc.a(_arm_truncdfsf2.o)
                0x0000000008000b68                __truncdfsf2
                0x0000000008000b68                __aeabi_d2f
 .text          0x0000000008000c08      0x21c d:/softwares/stm32cubeide_1.10.0/stm32cubeide/plugins/com.st.stm32cube.ide.mcu.externaltools.gnu-tools-for-stm32.10.3-2021.10.win32_1.0.200.202301161003/tools/bin/../lib/gcc/arm-none-eabi/10.3.1/thumb/v7-m/nofp\libgcc.a(_arm_addsubsf3.o)
                0x0000000008000c08                __aeabi_frsub
                0x0000000008000c10                __subsf3
                0x0000000008000c10                __aeabi_fsub
                0x0000000008000c14                __aeabi_fadd
                0x0000000008000c14                __addsf3
                0x0000000008000d74                __aeabi_ui2f
                0x0000000008000d74                __floatunsisf
                0x0000000008000d7c                __aeabi_i2f
                0x0000000008000d7c                __floatsisf
                0x0000000008000d98                __aeabi_ul2f
                0x0000000008000d98                __floatundisf
                0x0000000008000da8                __aeabi_l2f
                0x0000000008000da8                __floatdisf
 .text          0x0000000008000e24      0x2a0 d:/softwares/stm32cubeide_1.10.0/stm32cubeide/plugins/com.st.stm32cube.ide.mcu.externaltools.gnu-tools-for-stm32.10.3-2021.10.win32_1.0.200.202301161003/tools/bin/../lib/gcc/arm-none-eabi/10.3.1/thumb/v7-m/nofp\libgcc.a(_arm_muldivsf3.o)
                0x0000000008000e24                __mulsf3
                0x0000000008000e24                __aeabi_fmul
                0x0000000008000f8c                __aeabi_fdiv
                0x0000000008000f8c                __divsf3
 .text          0x00000000080010c4       0xec d:/softwares/stm32cubeide_1.10.0/stm32cubeide/plugins/com.st.stm32cube.ide.mcu.externaltools.gnu-tools-for-stm32.10.3-2021.10.win32_1.0.200.202301161003/tools/bin/../lib/gcc/arm-none-eabi/10.3.1/thumb/v7-m/nofp\libgcc.a(_arm_cmpsf2.o)
                0x00000000080010c4                __gesf2
                0x00000000080010c4                __gtsf2
                0x00000000080010cc                __lesf2
                0x00000000080010cc                __ltsf2
                0x00000000080010d4                __nesf2
                0x00000000080010d4                __eqsf2
                0x00000000080010d4                __cmpsf2
                0x0000000008001134                __aeabi_cfrcmple
                0x000000000800113c                __aeabi_cfcmpeq
                0x000000000800113c                __aeabi_cfcmple
                0x000000000800114c                __aeabi_fcmpeq
                0x0000000008001160                __aeabi_fcmplt
                0x0000000008001174                __aeabi_fcmple
                0x0000000008001188                __aeabi_fcmpge
                0x000000000800119c                __aeabi_fcmpgt
 .text          0x00000000080011b0       0x4c d:/softwares/stm32cubeide_1.10.0/stm32cubeide/plugins/com.st.stm32cube.ide.mcu.externaltools.gnu-tools-for-stm32.10.3-2021.10.win32_1.0.200.202301161003/tools/bin/../lib/gcc/arm-none-eabi/10.3.1/thumb/v7-m/nofp\libgcc.a(_arm_fixsfsi.o)
                0x00000000080011b0                __aeabi_f2iz
                0x00000000080011b0                __fixsfsi
 *(.text*)
 .text.MX_ADC1_Init
                0x00000000080011fc       0x7c ./Core/Src/adc.o
                0x00000000080011fc                MX_ADC1_Init
 .text.HAL_ADC_MspInit
                0x0000000008001278       0x78 ./Core/Src/adc.o
                0x0000000008001278                HAL_ADC_MspInit
 .text.PreSleepProcessing
                0x00000000080012f0       0x14 ./Core/Src/freertos.o
                0x00000000080012f0                PreSleepProcessing
 .text.PostSleepProcessing
                0x0000000008001304       0x14 ./Core/Src/freertos.o
                0x0000000008001304                PostSleepProcessing
 .text.MX_FREERTOS_Init
                0x0000000008001318      0x174 ./Core/Src/freertos.o
                0x0000000008001318                MX_FREERTOS_Init
 .text.StartDefaultTask
                0x000000000800148c      0x124 ./Core/Src/freertos.o
                0x000000000800148c                StartDefaultTask
 .text.patio1ComFcn
                0x00000000080015b0       0x94 ./Core/Src/freertos.o
                0x00000000080015b0                patio1ComFcn
 .text.patio1MotorCtrlFcn
                0x0000000008001644      0x278 ./Core/Src/freertos.o
                0x0000000008001644                patio1MotorCtrlFcn
 .text.patio1RangeFcn
                0x00000000080018bc      0x278 ./Core/Src/freertos.o
                0x00000000080018bc                patio1RangeFcn
 *fill*         0x0000000008001b34        0x4 
 .text.patio1Ultra1Fcn
                0x0000000008001b38       0xac ./Core/Src/freertos.o
                0x0000000008001b38                patio1Ultra1Fcn
 *fill*         0x0000000008001be4        0x4 
 .text.patio1Ultra2Fcn
                0x0000000008001be8       0xac ./Core/Src/freertos.o
                0x0000000008001be8                patio1Ultra2Fcn
 .text.patio2ComFcn
                0x0000000008001c94       0xb4 ./Core/Src/freertos.o
                0x0000000008001c94                patio2ComFcn
 .text.patio2MotorCtrlFcn
                0x0000000008001d48      0x284 ./Core/Src/freertos.o
                0x0000000008001d48                patio2MotorCtrlFcn
 .text.patio2RangeFcn
                0x0000000008001fcc      0x318 ./Core/Src/freertos.o
                0x0000000008001fcc                patio2RangeFcn
 *fill*         0x00000000080022e4        0x4 
 .text.patio2Ultra1Fcn
                0x00000000080022e8       0xac ./Core/Src/freertos.o
                0x00000000080022e8                patio2Ultra1Fcn
 .text.patio2EngineFcn
                0x0000000008002394       0x30 ./Core/Src/freertos.o
                0x0000000008002394                patio2EngineFcn
 .text.patio2TransFcn
                0x00000000080023c4       0x30 ./Core/Src/freertos.o
                0x00000000080023c4                patio2TransFcn
 *fill*         0x00000000080023f4        0x4 
 .text.patio2Ultra2Fcn
                0x00000000080023f8       0xac ./Core/Src/freertos.o
                0x00000000080023f8                patio2Ultra2Fcn
 .text.write_to_mpu
                0x00000000080024a4       0x50 ./Core/Src/freertos.o
                0x00000000080024a4                write_to_mpu
 .text.mpu_ini  0x00000000080024f4       0x5c ./Core/Src/freertos.o
                0x00000000080024f4                mpu_ini
 .text.read_from_mpu
                0x0000000008002550       0x54 ./Core/Src/freertos.o
                0x0000000008002550                read_from_mpu
 .text.read_data_from_mpu
                0x00000000080025a4       0x4a ./Core/Src/freertos.o
                0x00000000080025a4                read_data_from_mpu
 *fill*         0x00000000080025ee        0x2 
 .text.calculate_error
                0x00000000080025f0      0x348 ./Core/Src/freertos.o
                0x00000000080025f0                calculate_error
 .text.get_data_from_mpu
                0x0000000008002938      0x5cc ./Core/Src/freertos.o
                0x0000000008002938                get_data_from_mpu
 .text.right_back
                0x0000000008002f04       0x20 ./Core/Src/freertos.o
                0x0000000008002f04                right_back
 .text.left_back
                0x0000000008002f24       0x20 ./Core/Src/freertos.o
                0x0000000008002f24                left_back
 .text.move_back
                0x0000000008002f44       0x10 ./Core/Src/freertos.o
                0x0000000008002f44                move_back
 .text.right_forward
                0x0000000008002f54       0x20 ./Core/Src/freertos.o
                0x0000000008002f54                right_forward
 .text.left_forward
                0x0000000008002f74       0x20 ./Core/Src/freertos.o
                0x0000000008002f74                left_forward
 .text.move_forward
                0x0000000008002f94       0x10 ./Core/Src/freertos.o
                0x0000000008002f94                move_forward
 .text.robot_stop
                0x0000000008002fa4       0x34 ./Core/Src/freertos.o
                0x0000000008002fa4                robot_stop
 .text.left_forward_right_back
                0x0000000008002fd8       0x34 ./Core/Src/freertos.o
                0x0000000008002fd8                left_forward_right_back
 .text.right_forward_left_back
                0x000000000800300c       0x34 ./Core/Src/freertos.o
                0x000000000800300c                right_forward_left_back
 .text.pid_algorithm
                0x0000000008003040       0xd2 ./Core/Src/freertos.o
                0x0000000008003040                pid_algorithm
 *fill*         0x0000000008003112        0x2 
 .text.calculate_pulse_from_vel
                0x0000000008003114       0x60 ./Core/Src/freertos.o
                0x0000000008003114                calculate_pulse_from_vel
 .text.calculate_vel_from_encoder
                0x0000000008003174       0x84 ./Core/Src/freertos.o
                0x0000000008003174                calculate_vel_from_encoder
 .text.vel_from_round
                0x00000000080031f8       0x5c ./Core/Src/freertos.o
                0x00000000080031f8                vel_from_round
 *fill*         0x0000000008003254        0x4 
 .text.calculate_pos
                0x0000000008003258       0xec ./Core/Src/freertos.o
                0x0000000008003258                calculate_pos
 *fill*         0x0000000008003344        0x4 
 .text.tune_velocity
                0x0000000008003348      0x28c ./Core/Src/freertos.o
                0x0000000008003348                tune_velocity
 *fill*         0x00000000080035d4        0x4 
 .text.pid_algorithm_ang
                0x00000000080035d8      0x1ac ./Core/Src/freertos.o
                0x00000000080035d8                pid_algorithm_ang
 *fill*         0x0000000008003784        0x4 
 .text.patio1_calculate_targetVel
                0x0000000008003788       0x80 ./Core/Src/freertos.o
                0x0000000008003788                patio1_calculate_targetVel
 .text.patio1_compare_pos
                0x0000000008003808      0x264 ./Core/Src/freertos.o
                0x0000000008003808                patio1_compare_pos
 .text.patio1_need_pid_R
                0x0000000008003a6c       0x18 ./Core/Src/freertos.o
                0x0000000008003a6c                patio1_need_pid_R
 .text.patio1_need_pid_L
                0x0000000008003a84       0x18 ./Core/Src/freertos.o
                0x0000000008003a84                patio1_need_pid_L
 .text.patio1_need_com
                0x0000000008003a9c       0x58 ./Core/Src/freertos.o
                0x0000000008003a9c                patio1_need_com
 .text.which_is_most
                0x0000000008003af4       0x46 ./Core/Src/freertos.o
                0x0000000008003af4                which_is_most
 *fill*         0x0000000008003b3a        0x2 
 .text.patio2_compare_pos
                0x0000000008003b3c      0x5f8 ./Core/Src/freertos.o
                0x0000000008003b3c                patio2_compare_pos
 .text.patio2_need_pid_R
                0x0000000008004134       0x78 ./Core/Src/freertos.o
                0x0000000008004134                patio2_need_pid_R
 .text.patio2_need_pid_L
                0x00000000080041ac       0x78 ./Core/Src/freertos.o
                0x00000000080041ac                patio2_need_pid_L
 .text.patio2_engine_open
                0x0000000008004224       0x1c ./Core/Src/freertos.o
                0x0000000008004224                patio2_engine_open
 .text.patio2_engine_close
                0x0000000008004240       0x1c ./Core/Src/freertos.o
                0x0000000008004240                patio2_engine_close
 .text.calculate_weight_average
                0x000000000800425c       0x58 ./Core/Src/freertos.o
                0x000000000800425c                calculate_weight_average
 .text.fifo_queue
                0x00000000080042b4       0x56 ./Core/Src/freertos.o
                0x00000000080042b4                fifo_queue
 *fill*         0x000000000800430a        0x2 
 .text.read_time
                0x000000000800430c      0x1d8 ./Core/Src/freertos.o
                0x000000000800430c                read_time
 .text.stack_debug
                0x00000000080044e4       0x12 ./Core/Src/freertos.o
                0x00000000080044e4                stack_debug
 .text.decode_from_mv_p1
                0x00000000080044f6       0xb6 ./Core/Src/freertos.o
                0x00000000080044f6                decode_from_mv_p1
 .text.HAL_TIM_IC_CaptureCallback
                0x00000000080045ac       0xc0 ./Core/Src/freertos.o
                0x00000000080045ac                HAL_TIM_IC_CaptureCallback
 .text.MX_GPIO_Init
                0x000000000800466c      0x11c ./Core/Src/gpio.o
                0x000000000800466c                MX_GPIO_Init
 .text.MX_I2C1_Init
                0x0000000008004788       0x5c ./Core/Src/i2c.o
                0x0000000008004788                MX_I2C1_Init
 .text.MX_I2C2_Init
                0x00000000080047e4       0x5c ./Core/Src/i2c.o
                0x00000000080047e4                MX_I2C2_Init
 .text.HAL_I2C_MspInit
                0x0000000008004840       0xd8 ./Core/Src/i2c.o
                0x0000000008004840                HAL_I2C_MspInit
 .text.main     0x0000000008004918       0x4e ./Core/Src/main.o
                0x0000000008004918                main
 .text.SystemClock_Config
                0x0000000008004966       0xba ./Core/Src/main.o
                0x0000000008004966                SystemClock_Config
 .text.HAL_TIM_PeriodElapsedCallback
                0x0000000008004a20       0x24 ./Core/Src/main.o
                0x0000000008004a20                HAL_TIM_PeriodElapsedCallback
 .text.Error_Handler
                0x0000000008004a44        0xa ./Core/Src/main.o
                0x0000000008004a44                Error_Handler
 *fill*         0x0000000008004a4e        0x2 
 .text.HAL_MspInit
                0x0000000008004a50       0x50 ./Core/Src/stm32f1xx_hal_msp.o
                0x0000000008004a50                HAL_MspInit
 .text.HAL_InitTick
                0x0000000008004aa0       0xfc ./Core/Src/stm32f1xx_hal_timebase_tim.o
                0x0000000008004aa0                HAL_InitTick
 .text.HAL_SuspendTick
                0x0000000008004b9c       0x20 ./Core/Src/stm32f1xx_hal_timebase_tim.o
                0x0000000008004b9c                HAL_SuspendTick
 .text.HAL_ResumeTick
                0x0000000008004bbc       0x20 ./Core/Src/stm32f1xx_hal_timebase_tim.o
                0x0000000008004bbc                HAL_ResumeTick
 .text.NMI_Handler
                0x0000000008004bdc        0x6 ./Core/Src/stm32f1xx_it.o
                0x0000000008004bdc                NMI_Handler
 .text.HardFault_Handler
                0x0000000008004be2        0x6 ./Core/Src/stm32f1xx_it.o
                0x0000000008004be2                HardFault_Handler
 .text.MemManage_Handler
                0x0000000008004be8        0x6 ./Core/Src/stm32f1xx_it.o
                0x0000000008004be8                MemManage_Handler
 .text.BusFault_Handler
                0x0000000008004bee        0x6 ./Core/Src/stm32f1xx_it.o
                0x0000000008004bee                BusFault_Handler
 .text.UsageFault_Handler
                0x0000000008004bf4        0x6 ./Core/Src/stm32f1xx_it.o
                0x0000000008004bf4                UsageFault_Handler
 .text.DebugMon_Handler
                0x0000000008004bfa        0xc ./Core/Src/stm32f1xx_it.o
                0x0000000008004bfa                DebugMon_Handler
 *fill*         0x0000000008004c06        0x2 
 .text.TIM2_IRQHandler
                0x0000000008004c08       0x14 ./Core/Src/stm32f1xx_it.o
                0x0000000008004c08                TIM2_IRQHandler
 .text.TIM8_CC_IRQHandler
                0x0000000008004c1c       0x14 ./Core/Src/stm32f1xx_it.o
                0x0000000008004c1c                TIM8_CC_IRQHandler
 .text.TIM6_IRQHandler
                0x0000000008004c30       0x14 ./Core/Src/stm32f1xx_it.o
                0x0000000008004c30                TIM6_IRQHandler
 .text._getpid  0x0000000008004c44        0xe ./Core/Src/syscalls.o
                0x0000000008004c44                _getpid
 .text._kill    0x0000000008004c52       0x20 ./Core/Src/syscalls.o
                0x0000000008004c52                _kill
 .text._exit    0x0000000008004c72       0x14 ./Core/Src/syscalls.o
                0x0000000008004c72                _exit
 .text._read    0x0000000008004c86       0x3a ./Core/Src/syscalls.o
                0x0000000008004c86                _read
 .text._write   0x0000000008004cc0       0x38 ./Core/Src/syscalls.o
                0x0000000008004cc0                _write
 .text._close   0x0000000008004cf8       0x16 ./Core/Src/syscalls.o
                0x0000000008004cf8                _close
 .text._fstat   0x0000000008004d0e       0x1e ./Core/Src/syscalls.o
                0x0000000008004d0e                _fstat
 .text._isatty  0x0000000008004d2c       0x14 ./Core/Src/syscalls.o
                0x0000000008004d2c                _isatty
 .text._lseek   0x0000000008004d40       0x18 ./Core/Src/syscalls.o
                0x0000000008004d40                _lseek
 .text._sbrk    0x0000000008004d58       0x6c ./Core/Src/sysmem.o
                0x0000000008004d58                _sbrk
 .text.SystemInit
                0x0000000008004dc4        0xc ./Core/Src/system_stm32f1xx.o
                0x0000000008004dc4                SystemInit
 .text.MX_TIM1_Init
                0x0000000008004dd0       0xb0 ./Core/Src/tim.o
                0x0000000008004dd0                MX_TIM1_Init
 .text.MX_TIM2_Init
                0x0000000008004e80      0x100 ./Core/Src/tim.o
                0x0000000008004e80                MX_TIM2_Init
 .text.MX_TIM3_Init
                0x0000000008004f80       0xb4 ./Core/Src/tim.o
                0x0000000008004f80                MX_TIM3_Init
 .text.MX_TIM4_Init
                0x0000000008005034       0xa8 ./Core/Src/tim.o
                0x0000000008005034                MX_TIM4_Init
 .text.MX_TIM5_Init
                0x00000000080050dc       0xe4 ./Core/Src/tim.o
                0x00000000080050dc                MX_TIM5_Init
 .text.MX_TIM8_Init
                0x00000000080051c0      0x108 ./Core/Src/tim.o
                0x00000000080051c0                MX_TIM8_Init
 .text.HAL_TIM_Encoder_MspInit
                0x00000000080052c8      0x120 ./Core/Src/tim.o
                0x00000000080052c8                HAL_TIM_Encoder_MspInit
 .text.HAL_TIM_IC_MspInit
                0x00000000080053e8      0x120 ./Core/Src/tim.o
                0x00000000080053e8                HAL_TIM_IC_MspInit
 .text.HAL_TIM_PWM_MspInit
                0x0000000008005508       0x64 ./Core/Src/tim.o
                0x0000000008005508                HAL_TIM_PWM_MspInit
 .text.HAL_TIM_MspPostInit
                0x000000000800556c       0xd0 ./Core/Src/tim.o
                0x000000000800556c                HAL_TIM_MspPostInit
 .text.MX_UART4_Init
                0x000000000800563c       0x54 ./Core/Src/usart.o
                0x000000000800563c                MX_UART4_Init
 .text.MX_UART5_Init
                0x0000000008005690       0x54 ./Core/Src/usart.o
                0x0000000008005690                MX_UART5_Init
 .text.MX_USART1_UART_Init
                0x00000000080056e4       0x54 ./Core/Src/usart.o
                0x00000000080056e4                MX_USART1_UART_Init
 .text.HAL_UART_MspInit
                0x0000000008005738      0x1a0 ./Core/Src/usart.o
                0x0000000008005738                HAL_UART_MspInit
 .text.Reset_Handler
                0x00000000080058d8       0x48 ./Core/Startup/startup_stm32f103zetx.o
                0x00000000080058d8                Reset_Handler
 .text.Default_Handler
                0x0000000008005920        0x2 ./Core/Startup/startup_stm32f103zetx.o
                0x0000000008005920                RTC_Alarm_IRQHandler
                0x0000000008005920                EXTI2_IRQHandler
                0x0000000008005920                TIM8_TRG_COM_IRQHandler
                0x0000000008005920                TIM1_CC_IRQHandler
                0x0000000008005920                PVD_IRQHandler
                0x0000000008005920                SDIO_IRQHandler
                0x0000000008005920                EXTI3_IRQHandler
                0x0000000008005920                EXTI0_IRQHandler
                0x0000000008005920                I2C2_EV_IRQHandler
                0x0000000008005920                ADC1_2_IRQHandler
                0x0000000008005920                SPI1_IRQHandler
                0x0000000008005920                TAMPER_IRQHandler
                0x0000000008005920                TIM8_UP_IRQHandler
                0x0000000008005920                DMA2_Channel2_IRQHandler
                0x0000000008005920                DMA1_Channel4_IRQHandler
                0x0000000008005920                USART3_IRQHandler
                0x0000000008005920                RTC_IRQHandler
                0x0000000008005920                DMA1_Channel7_IRQHandler
                0x0000000008005920                CAN1_RX1_IRQHandler
                0x0000000008005920                UART5_IRQHandler
                0x0000000008005920                ADC3_IRQHandler
                0x0000000008005920                TIM4_IRQHandler
                0x0000000008005920                DMA2_Channel1_IRQHandler
                0x0000000008005920                I2C1_EV_IRQHandler
                0x0000000008005920                DMA1_Channel6_IRQHandler
                0x0000000008005920                UART4_IRQHandler
                0x0000000008005920                TIM3_IRQHandler
                0x0000000008005920                RCC_IRQHandler
                0x0000000008005920                TIM1_TRG_COM_IRQHandler
                0x0000000008005920                DMA1_Channel1_IRQHandler
                0x0000000008005920                Default_Handler
                0x0000000008005920                EXTI15_10_IRQHandler
                0x0000000008005920                TIM7_IRQHandler
                0x0000000008005920                TIM5_IRQHandler
                0x0000000008005920                EXTI9_5_IRQHandler
                0x0000000008005920                SPI2_IRQHandler
                0x0000000008005920                DMA1_Channel5_IRQHandler
                0x0000000008005920                EXTI4_IRQHandler
                0x0000000008005920                USB_LP_CAN1_RX0_IRQHandler
                0x0000000008005920                USB_HP_CAN1_TX_IRQHandler
                0x0000000008005920                DMA1_Channel3_IRQHandler
                0x0000000008005920                FSMC_IRQHandler
                0x0000000008005920                TIM1_UP_IRQHandler
                0x0000000008005920                WWDG_IRQHandler
                0x0000000008005920                TIM1_BRK_IRQHandler
                0x0000000008005920                EXTI1_IRQHandler
                0x0000000008005920                DMA2_Channel4_5_IRQHandler
                0x0000000008005920                USART2_IRQHandler
                0x0000000008005920                I2C2_ER_IRQHandler
                0x0000000008005920                DMA1_Channel2_IRQHandler
                0x0000000008005920                TIM8_BRK_IRQHandler
                0x0000000008005920                CAN1_SCE_IRQHandler
                0x0000000008005920                FLASH_IRQHandler
                0x0000000008005920                USART1_IRQHandler
                0x0000000008005920                SPI3_IRQHandler
                0x0000000008005920                I2C1_ER_IRQHandler
                0x0000000008005920                USBWakeUp_IRQHandler
                0x0000000008005920                DMA2_Channel3_IRQHandler
 *fill*         0x0000000008005922        0x2 
 .text.HAL_Init
                0x0000000008005924       0x2c ./Drivers/STM32F1xx_HAL_Driver/Src/stm32f1xx_hal.o
                0x0000000008005924                HAL_Init
 .text.HAL_IncTick
                0x0000000008005950       0x24 ./Drivers/STM32F1xx_HAL_Driver/Src/stm32f1xx_hal.o
                0x0000000008005950                HAL_IncTick
 .text.HAL_GetTick
                0x0000000008005974       0x14 ./Drivers/STM32F1xx_HAL_Driver/Src/stm32f1xx_hal.o
                0x0000000008005974                HAL_GetTick
 .text.HAL_Delay
                0x0000000008005988       0x48 ./Drivers/STM32F1xx_HAL_Driver/Src/stm32f1xx_hal.o
                0x0000000008005988                HAL_Delay
 .text.HAL_ADC_Init
                0x00000000080059d0      0x1d4 ./Drivers/STM32F1xx_HAL_Driver/Src/stm32f1xx_hal_adc.o
                0x00000000080059d0                HAL_ADC_Init
 .text.HAL_ADC_ConfigChannel
                0x0000000008005ba4      0x1f0 ./Drivers/STM32F1xx_HAL_Driver/Src/stm32f1xx_hal_adc.o
                0x0000000008005ba4                HAL_ADC_ConfigChannel
 .text.ADC_ConversionStop_Disable
                0x0000000008005d94       0x82 ./Drivers/STM32F1xx_HAL_Driver/Src/stm32f1xx_hal_adc.o
                0x0000000008005d94                ADC_ConversionStop_Disable
 *fill*         0x0000000008005e16        0x2 
 .text.__NVIC_SetPriorityGrouping
                0x0000000008005e18       0x48 ./Drivers/STM32F1xx_HAL_Driver/Src/stm32f1xx_hal_cortex.o
 .text.__NVIC_GetPriorityGrouping
                0x0000000008005e60       0x1c ./Drivers/STM32F1xx_HAL_Driver/Src/stm32f1xx_hal_cortex.o
 .text.__NVIC_EnableIRQ
                0x0000000008005e7c       0x38 ./Drivers/STM32F1xx_HAL_Driver/Src/stm32f1xx_hal_cortex.o
 .text.__NVIC_SetPriority
                0x0000000008005eb4       0x54 ./Drivers/STM32F1xx_HAL_Driver/Src/stm32f1xx_hal_cortex.o
 .text.NVIC_EncodePriority
                0x0000000008005f08       0x64 ./Drivers/STM32F1xx_HAL_Driver/Src/stm32f1xx_hal_cortex.o
 .text.HAL_NVIC_SetPriorityGrouping
                0x0000000008005f6c       0x16 ./Drivers/STM32F1xx_HAL_Driver/Src/stm32f1xx_hal_cortex.o
                0x0000000008005f6c                HAL_NVIC_SetPriorityGrouping
 .text.HAL_NVIC_SetPriority
                0x0000000008005f82       0x38 ./Drivers/STM32F1xx_HAL_Driver/Src/stm32f1xx_hal_cortex.o
                0x0000000008005f82                HAL_NVIC_SetPriority
 .text.HAL_NVIC_EnableIRQ
                0x0000000008005fba       0x1c ./Drivers/STM32F1xx_HAL_Driver/Src/stm32f1xx_hal_cortex.o
                0x0000000008005fba                HAL_NVIC_EnableIRQ
 *fill*         0x0000000008005fd6        0x2 
 .text.HAL_GPIO_Init
                0x0000000008005fd8      0x328 ./Drivers/STM32F1xx_HAL_Driver/Src/stm32f1xx_hal_gpio.o
                0x0000000008005fd8                HAL_GPIO_Init
 .text.HAL_GPIO_ReadPin
                0x0000000008006300       0x2e ./Drivers/STM32F1xx_HAL_Driver/Src/stm32f1xx_hal_gpio.o
                0x0000000008006300                HAL_GPIO_ReadPin
 .text.HAL_GPIO_WritePin
                0x000000000800632e       0x30 ./Drivers/STM32F1xx_HAL_Driver/Src/stm32f1xx_hal_gpio.o
                0x000000000800632e                HAL_GPIO_WritePin
 *fill*         0x000000000800635e        0x2 
 .text.HAL_I2C_Init
                0x0000000008006360      0x288 ./Drivers/STM32F1xx_HAL_Driver/Src/stm32f1xx_hal_i2c.o
                0x0000000008006360                HAL_I2C_Init
 .text.HAL_I2C_Mem_Write
                0x00000000080065e8      0x1f4 ./Drivers/STM32F1xx_HAL_Driver/Src/stm32f1xx_hal_i2c.o
                0x00000000080065e8                HAL_I2C_Mem_Write
 .text.HAL_I2C_Mem_Read
                0x00000000080067dc      0x4d0 ./Drivers/STM32F1xx_HAL_Driver/Src/stm32f1xx_hal_i2c.o
                0x00000000080067dc                HAL_I2C_Mem_Read
 .text.I2C_RequestMemoryWrite
                0x0000000008006cac      0x12c ./Drivers/STM32F1xx_HAL_Driver/Src/stm32f1xx_hal_i2c.o
 .text.I2C_RequestMemoryRead
                0x0000000008006dd8      0x1d0 ./Drivers/STM32F1xx_HAL_Driver/Src/stm32f1xx_hal_i2c.o
 .text.I2C_WaitOnFlagUntilTimeout
                0x0000000008006fa8       0xae ./Drivers/STM32F1xx_HAL_Driver/Src/stm32f1xx_hal_i2c.o
 .text.I2C_WaitOnMasterAddressFlagUntilTimeout
                0x0000000008007056       0xfe ./Drivers/STM32F1xx_HAL_Driver/Src/stm32f1xx_hal_i2c.o
 .text.I2C_WaitOnTXEFlagUntilTimeout
                0x0000000008007154       0x82 ./Drivers/STM32F1xx_HAL_Driver/Src/stm32f1xx_hal_i2c.o
 .text.I2C_WaitOnBTFFlagUntilTimeout
                0x00000000080071d6       0x82 ./Drivers/STM32F1xx_HAL_Driver/Src/stm32f1xx_hal_i2c.o
 .text.I2C_WaitOnRXNEFlagUntilTimeout
                0x0000000008007258       0xac ./Drivers/STM32F1xx_HAL_Driver/Src/stm32f1xx_hal_i2c.o
 .text.I2C_IsAcknowledgeFailed
                0x0000000008007304       0x5c ./Drivers/STM32F1xx_HAL_Driver/Src/stm32f1xx_hal_i2c.o
 .text.HAL_RCC_OscConfig
                0x0000000008007360      0x504 ./Drivers/STM32F1xx_HAL_Driver/Src/stm32f1xx_hal_rcc.o
                0x0000000008007360                HAL_RCC_OscConfig
 .text.HAL_RCC_ClockConfig
                0x0000000008007864      0x1d4 ./Drivers/STM32F1xx_HAL_Driver/Src/stm32f1xx_hal_rcc.o
                0x0000000008007864                HAL_RCC_ClockConfig
 .text.HAL_RCC_GetSysClockFreq
                0x0000000008007a38       0xbc ./Drivers/STM32F1xx_HAL_Driver/Src/stm32f1xx_hal_rcc.o
                0x0000000008007a38                HAL_RCC_GetSysClockFreq
 .text.HAL_RCC_GetHCLKFreq
                0x0000000008007af4       0x14 ./Drivers/STM32F1xx_HAL_Driver/Src/stm32f1xx_hal_rcc.o
                0x0000000008007af4                HAL_RCC_GetHCLKFreq
 .text.HAL_RCC_GetPCLK1Freq
                0x0000000008007b08       0x28 ./Drivers/STM32F1xx_HAL_Driver/Src/stm32f1xx_hal_rcc.o
                0x0000000008007b08                HAL_RCC_GetPCLK1Freq
 .text.HAL_RCC_GetPCLK2Freq
                0x0000000008007b30       0x28 ./Drivers/STM32F1xx_HAL_Driver/Src/stm32f1xx_hal_rcc.o
                0x0000000008007b30                HAL_RCC_GetPCLK2Freq
 .text.HAL_RCC_GetClockConfig
                0x0000000008007b58       0x60 ./Drivers/STM32F1xx_HAL_Driver/Src/stm32f1xx_hal_rcc.o
                0x0000000008007b58                HAL_RCC_GetClockConfig
 .text.RCC_Delay
                0x0000000008007bb8       0x3c ./Drivers/STM32F1xx_HAL_Driver/Src/stm32f1xx_hal_rcc.o
 .text.HAL_RCCEx_PeriphCLKConfig
                0x0000000008007bf4      0x16c ./Drivers/STM32F1xx_HAL_Driver/Src/stm32f1xx_hal_rcc_ex.o
                0x0000000008007bf4                HAL_RCCEx_PeriphCLKConfig
 .text.HAL_TIM_Base_Init
                0x0000000008007d60       0x9e ./Drivers/STM32F1xx_HAL_Driver/Src/stm32f1xx_hal_tim.o
                0x0000000008007d60                HAL_TIM_Base_Init
 .text.HAL_TIM_Base_MspInit
                0x0000000008007dfe       0x12 ./Drivers/STM32F1xx_HAL_Driver/Src/stm32f1xx_hal_tim.o
                0x0000000008007dfe                HAL_TIM_Base_MspInit
 .text.HAL_TIM_Base_Start
                0x0000000008007e10       0xb0 ./Drivers/STM32F1xx_HAL_Driver/Src/stm32f1xx_hal_tim.o
                0x0000000008007e10                HAL_TIM_Base_Start
 .text.HAL_TIM_Base_Start_IT
                0x0000000008007ec0       0xc0 ./Drivers/STM32F1xx_HAL_Driver/Src/stm32f1xx_hal_tim.o
                0x0000000008007ec0                HAL_TIM_Base_Start_IT
 .text.HAL_TIM_PWM_Init
                0x0000000008007f80       0x9e ./Drivers/STM32F1xx_HAL_Driver/Src/stm32f1xx_hal_tim.o
                0x0000000008007f80                HAL_TIM_PWM_Init
 *fill*         0x000000000800801e        0x2 
 .text.HAL_TIM_PWM_Start
                0x0000000008008020      0x174 ./Drivers/STM32F1xx_HAL_Driver/Src/stm32f1xx_hal_tim.o
                0x0000000008008020                HAL_TIM_PWM_Start
 .text.HAL_TIM_IC_Init
                0x0000000008008194       0x9e ./Drivers/STM32F1xx_HAL_Driver/Src/stm32f1xx_hal_tim.o
                0x0000000008008194                HAL_TIM_IC_Init
 *fill*         0x0000000008008232        0x2 
 .text.HAL_TIM_IC_Start_IT
                0x0000000008008234      0x228 ./Drivers/STM32F1xx_HAL_Driver/Src/stm32f1xx_hal_tim.o
                0x0000000008008234                HAL_TIM_IC_Start_IT
 .text.HAL_TIM_Encoder_Init
                0x000000000800845c      0x144 ./Drivers/STM32F1xx_HAL_Driver/Src/stm32f1xx_hal_tim.o
                0x000000000800845c                HAL_TIM_Encoder_Init
 .text.HAL_TIM_Encoder_Start
                0x00000000080085a0      0x11c ./Drivers/STM32F1xx_HAL_Driver/Src/stm32f1xx_hal_tim.o
                0x00000000080085a0                HAL_TIM_Encoder_Start
 .text.HAL_TIM_IRQHandler
                0x00000000080086bc      0x210 ./Drivers/STM32F1xx_HAL_Driver/Src/stm32f1xx_hal_tim.o
                0x00000000080086bc                HAL_TIM_IRQHandler
 .text.HAL_TIM_IC_ConfigChannel
                0x00000000080088cc      0x128 ./Drivers/STM32F1xx_HAL_Driver/Src/stm32f1xx_hal_tim.o
                0x00000000080088cc                HAL_TIM_IC_ConfigChannel
 .text.HAL_TIM_PWM_ConfigChannel
                0x00000000080089f4      0x17c ./Drivers/STM32F1xx_HAL_Driver/Src/stm32f1xx_hal_tim.o
                0x00000000080089f4                HAL_TIM_PWM_ConfigChannel
 .text.HAL_TIM_SlaveConfigSynchro
                0x0000000008008b70       0x84 ./Drivers/STM32F1xx_HAL_Driver/Src/stm32f1xx_hal_tim.o
                0x0000000008008b70                HAL_TIM_SlaveConfigSynchro
 .text.HAL_TIM_OC_DelayElapsedCallback
                0x0000000008008bf4       0x12 ./Drivers/STM32F1xx_HAL_Driver/Src/stm32f1xx_hal_tim.o
                0x0000000008008bf4                HAL_TIM_OC_DelayElapsedCallback
 .text.HAL_TIM_PWM_PulseFinishedCallback
                0x0000000008008c06       0x12 ./Drivers/STM32F1xx_HAL_Driver/Src/stm32f1xx_hal_tim.o
                0x0000000008008c06                HAL_TIM_PWM_PulseFinishedCallback
 .text.HAL_TIM_TriggerCallback
                0x0000000008008c18       0x12 ./Drivers/STM32F1xx_HAL_Driver/Src/stm32f1xx_hal_tim.o
                0x0000000008008c18                HAL_TIM_TriggerCallback
 *fill*         0x0000000008008c2a        0x2 
 .text.TIM_Base_SetConfig
                0x0000000008008c2c       0xf4 ./Drivers/STM32F1xx_HAL_Driver/Src/stm32f1xx_hal_tim.o
                0x0000000008008c2c                TIM_Base_SetConfig
 .text.TIM_OC1_SetConfig
                0x0000000008008d20       0xe0 ./Drivers/STM32F1xx_HAL_Driver/Src/stm32f1xx_hal_tim.o
 .text.TIM_OC2_SetConfig
                0x0000000008008e00       0xe8 ./Drivers/STM32F1xx_HAL_Driver/Src/stm32f1xx_hal_tim.o
                0x0000000008008e00                TIM_OC2_SetConfig
 .text.TIM_OC3_SetConfig
                0x0000000008008ee8       0xe8 ./Drivers/STM32F1xx_HAL_Driver/Src/stm32f1xx_hal_tim.o
 .text.TIM_OC4_SetConfig
                0x0000000008008fd0       0xa8 ./Drivers/STM32F1xx_HAL_Driver/Src/stm32f1xx_hal_tim.o
 .text.TIM_SlaveTimer_SetConfig
                0x0000000008009078      0x11c ./Drivers/STM32F1xx_HAL_Driver/Src/stm32f1xx_hal_tim.o
 .text.TIM_TI1_SetConfig
                0x0000000008009194       0xcc ./Drivers/STM32F1xx_HAL_Driver/Src/stm32f1xx_hal_tim.o
                0x0000000008009194                TIM_TI1_SetConfig
 .text.TIM_TI1_ConfigInputStage
                0x0000000008009260       0x5c ./Drivers/STM32F1xx_HAL_Driver/Src/stm32f1xx_hal_tim.o
 .text.TIM_TI2_SetConfig
                0x00000000080092bc       0x78 ./Drivers/STM32F1xx_HAL_Driver/Src/stm32f1xx_hal_tim.o
 .text.TIM_TI2_ConfigInputStage
                0x0000000008009334       0x5e ./Drivers/STM32F1xx_HAL_Driver/Src/stm32f1xx_hal_tim.o
 .text.TIM_TI3_SetConfig
                0x0000000008009392       0x76 ./Drivers/STM32F1xx_HAL_Driver/Src/stm32f1xx_hal_tim.o
 .text.TIM_TI4_SetConfig
                0x0000000008009408       0x78 ./Drivers/STM32F1xx_HAL_Driver/Src/stm32f1xx_hal_tim.o
 .text.TIM_ETR_SetConfig
                0x0000000008009480       0x3e ./Drivers/STM32F1xx_HAL_Driver/Src/stm32f1xx_hal_tim.o
                0x0000000008009480                TIM_ETR_SetConfig
 .text.TIM_CCxChannelCmd
                0x00000000080094be       0x48 ./Drivers/STM32F1xx_HAL_Driver/Src/stm32f1xx_hal_tim.o
                0x00000000080094be                TIM_CCxChannelCmd
 *fill*         0x0000000008009506        0x2 
 .text.HAL_TIMEx_MasterConfigSynchronization
                0x0000000008009508       0xd8 ./Drivers/STM32F1xx_HAL_Driver/Src/stm32f1xx_hal_tim_ex.o
                0x0000000008009508                HAL_TIMEx_MasterConfigSynchronization
 .text.HAL_TIMEx_CommutCallback
                0x00000000080095e0       0x12 ./Drivers/STM32F1xx_HAL_Driver/Src/stm32f1xx_hal_tim_ex.o
                0x00000000080095e0                HAL_TIMEx_CommutCallback
 .text.HAL_TIMEx_BreakCallback
                0x00000000080095f2       0x12 ./Drivers/STM32F1xx_HAL_Driver/Src/stm32f1xx_hal_tim_ex.o
                0x00000000080095f2                HAL_TIMEx_BreakCallback
 .text.HAL_UART_Init
                0x0000000008009604       0x9a ./Drivers/STM32F1xx_HAL_Driver/Src/stm32f1xx_hal_uart.o
                0x0000000008009604                HAL_UART_Init
 .text.HAL_UART_Transmit
                0x000000000800969e      0x124 ./Drivers/STM32F1xx_HAL_Driver/Src/stm32f1xx_hal_uart.o
                0x000000000800969e                HAL_UART_Transmit
 .text.HAL_UART_Receive
                0x00000000080097c2      0x144 ./Drivers/STM32F1xx_HAL_Driver/Src/stm32f1xx_hal_uart.o
                0x00000000080097c2                HAL_UART_Receive
 .text.UART_WaitOnFlagUntilTimeout
                0x0000000008009906       0x94 ./Drivers/STM32F1xx_HAL_Driver/Src/stm32f1xx_hal_uart.o
 *fill*         0x000000000800999a        0x2 
 .text.UART_SetConfig
                0x000000000800999c      0x11c ./Drivers/STM32F1xx_HAL_Driver/Src/stm32f1xx_hal_uart.o
 .text.osKernelInitialize
                0x0000000008009ab8       0x64 ./Middlewares/Third_Party/FreeRTOS/Source/CMSIS_RTOS_V2/cmsis_os2.o
                0x0000000008009ab8                osKernelInitialize
 .text.osKernelStart
                0x0000000008009b1c       0x68 ./Middlewares/Third_Party/FreeRTOS/Source/CMSIS_RTOS_V2/cmsis_os2.o
                0x0000000008009b1c                osKernelStart
 .text.osThreadNew
                0x0000000008009b84      0x154 ./Middlewares/Third_Party/FreeRTOS/Source/CMSIS_RTOS_V2/cmsis_os2.o
                0x0000000008009b84                osThreadNew
 .text.osDelay  0x0000000008009cd8       0x5c ./Middlewares/Third_Party/FreeRTOS/Source/CMSIS_RTOS_V2/cmsis_os2.o
                0x0000000008009cd8                osDelay
 .text.vApplicationGetIdleTaskMemory
                0x0000000008009d34       0x30 ./Middlewares/Third_Party/FreeRTOS/Source/CMSIS_RTOS_V2/cmsis_os2.o
                0x0000000008009d34                vApplicationGetIdleTaskMemory
 .text.vApplicationGetTimerTaskMemory
                0x0000000008009d64       0x34 ./Middlewares/Third_Party/FreeRTOS/Source/CMSIS_RTOS_V2/cmsis_os2.o
                0x0000000008009d64                vApplicationGetTimerTaskMemory
 .text.vListInitialise
                0x0000000008009d98       0x3e ./Middlewares/Third_Party/FreeRTOS/Source/list.o
                0x0000000008009d98                vListInitialise
 .text.vListInitialiseItem
                0x0000000008009dd6       0x18 ./Middlewares/Third_Party/FreeRTOS/Source/list.o
                0x0000000008009dd6                vListInitialiseItem
 .text.vListInsertEnd
                0x0000000008009dee       0x46 ./Middlewares/Third_Party/FreeRTOS/Source/list.o
                0x0000000008009dee                vListInsertEnd
 .text.vListInsert
                0x0000000008009e34       0x70 ./Middlewares/Third_Party/FreeRTOS/Source/list.o
                0x0000000008009e34                vListInsert
 .text.uxListRemove
                0x0000000008009ea4       0x52 ./Middlewares/Third_Party/FreeRTOS/Source/list.o
                0x0000000008009ea4                uxListRemove
 *fill*         0x0000000008009ef6        0x2 
 .text.xQueueGenericReset
                0x0000000008009ef8       0xd0 ./Middlewares/Third_Party/FreeRTOS/Source/queue.o
                0x0000000008009ef8                xQueueGenericReset
 .text.xQueueGenericCreateStatic
                0x0000000008009fc8       0xee ./Middlewares/Third_Party/FreeRTOS/Source/queue.o
                0x0000000008009fc8                xQueueGenericCreateStatic
 .text.prvInitialiseNewQueue
                0x000000000800a0b6       0x46 ./Middlewares/Third_Party/FreeRTOS/Source/queue.o
 .text.xQueueGenericSend
                0x000000000800a0fc      0x1fc ./Middlewares/Third_Party/FreeRTOS/Source/queue.o
                0x000000000800a0fc                xQueueGenericSend
 .text.xQueueGenericSendFromISR
                0x000000000800a2f8      0x130 ./Middlewares/Third_Party/FreeRTOS/Source/queue.o
                0x000000000800a2f8                xQueueGenericSendFromISR
 .text.xQueueReceive
                0x000000000800a428      0x1c0 ./Middlewares/Third_Party/FreeRTOS/Source/queue.o
                0x000000000800a428                xQueueReceive
 .text.prvCopyDataToQueue
                0x000000000800a5e8       0xd4 ./Middlewares/Third_Party/FreeRTOS/Source/queue.o
 .text.prvCopyDataFromQueue
                0x000000000800a6bc       0x4c ./Middlewares/Third_Party/FreeRTOS/Source/queue.o
 .text.prvUnlockQueue
                0x000000000800a708       0xa4 ./Middlewares/Third_Party/FreeRTOS/Source/queue.o
 .text.prvIsQueueEmpty
                0x000000000800a7ac       0x2c ./Middlewares/Third_Party/FreeRTOS/Source/queue.o
 .text.prvIsQueueFull
                0x000000000800a7d8       0x30 ./Middlewares/Third_Party/FreeRTOS/Source/queue.o
 .text.vQueueAddToRegistry
                0x000000000800a808       0x50 ./Middlewares/Third_Party/FreeRTOS/Source/queue.o
                0x000000000800a808                vQueueAddToRegistry
 .text.vQueueWaitForMessageRestricted
                0x000000000800a858       0x68 ./Middlewares/Third_Party/FreeRTOS/Source/queue.o
                0x000000000800a858                vQueueWaitForMessageRestricted
 .text.xTaskCreateStatic
                0x000000000800a8c0       0xb8 ./Middlewares/Third_Party/FreeRTOS/Source/tasks.o
                0x000000000800a8c0                xTaskCreateStatic
 .text.xTaskCreate
                0x000000000800a978       0x8a ./Middlewares/Third_Party/FreeRTOS/Source/tasks.o
                0x000000000800a978                xTaskCreate
 *fill*         0x000000000800aa02        0x2 
 .text.prvInitialiseNewTask
                0x000000000800aa04      0x13c ./Middlewares/Third_Party/FreeRTOS/Source/tasks.o
 .text.prvAddNewTaskToReadyList
                0x000000000800ab40       0xe0 ./Middlewares/Third_Party/FreeRTOS/Source/tasks.o
 .text.vTaskDelay
                0x000000000800ac20       0x68 ./Middlewares/Third_Party/FreeRTOS/Source/tasks.o
                0x000000000800ac20                vTaskDelay
 .text.vTaskStartScheduler
                0x000000000800ac88       0xe0 ./Middlewares/Third_Party/FreeRTOS/Source/tasks.o
                0x000000000800ac88                vTaskStartScheduler
 .text.vTaskSuspendAll
                0x000000000800ad68       0x1c ./Middlewares/Third_Party/FreeRTOS/Source/tasks.o
                0x000000000800ad68                vTaskSuspendAll
 .text.prvGetExpectedIdleTime
                0x000000000800ad84       0x6c ./Middlewares/Third_Party/FreeRTOS/Source/tasks.o
 .text.xTaskResumeAll
                0x000000000800adf0      0x13c ./Middlewares/Third_Party/FreeRTOS/Source/tasks.o
                0x000000000800adf0                xTaskResumeAll
 .text.xTaskGetTickCount
                0x000000000800af2c       0x1c ./Middlewares/Third_Party/FreeRTOS/Source/tasks.o
                0x000000000800af2c                xTaskGetTickCount
 .text.vTaskStepTick
                0x000000000800af48       0x4c ./Middlewares/Third_Party/FreeRTOS/Source/tasks.o
                0x000000000800af48                vTaskStepTick
 .text.xTaskIncrementTick
                0x000000000800af94      0x17c ./Middlewares/Third_Party/FreeRTOS/Source/tasks.o
                0x000000000800af94                xTaskIncrementTick
 .text.vTaskSwitchContext
                0x000000000800b110       0xc8 ./Middlewares/Third_Party/FreeRTOS/Source/tasks.o
                0x000000000800b110                vTaskSwitchContext
 .text.vTaskPlaceOnEventList
                0x000000000800b1d8       0x48 ./Middlewares/Third_Party/FreeRTOS/Source/tasks.o
                0x000000000800b1d8                vTaskPlaceOnEventList
 .text.vTaskPlaceOnEventListRestricted
                0x000000000800b220       0x58 ./Middlewares/Third_Party/FreeRTOS/Source/tasks.o
                0x000000000800b220                vTaskPlaceOnEventListRestricted
 .text.xTaskRemoveFromEventList
                0x000000000800b278       0xcc ./Middlewares/Third_Party/FreeRTOS/Source/tasks.o
                0x000000000800b278                xTaskRemoveFromEventList
 .text.vTaskInternalSetTimeOutState
                0x000000000800b344       0x2c ./Middlewares/Third_Party/FreeRTOS/Source/tasks.o
                0x000000000800b344                vTaskInternalSetTimeOutState
 .text.xTaskCheckForTimeOut
                0x000000000800b370       0xc4 ./Middlewares/Third_Party/FreeRTOS/Source/tasks.o
                0x000000000800b370                xTaskCheckForTimeOut
 .text.vTaskMissedYield
                0x000000000800b434       0x18 ./Middlewares/Third_Party/FreeRTOS/Source/tasks.o
                0x000000000800b434                vTaskMissedYield
 .text.prvIdleTask
                0x000000000800b44c       0x80 ./Middlewares/Third_Party/FreeRTOS/Source/tasks.o
 .text.eTaskConfirmSleepModeStatus
                0x000000000800b4cc       0x5c ./Middlewares/Third_Party/FreeRTOS/Source/tasks.o
                0x000000000800b4cc                eTaskConfirmSleepModeStatus
 .text.prvInitialiseTaskLists
                0x000000000800b528       0x80 ./Middlewares/Third_Party/FreeRTOS/Source/tasks.o
 .text.prvCheckTasksWaitingTermination
                0x000000000800b5a8       0x5c ./Middlewares/Third_Party/FreeRTOS/Source/tasks.o
 .text.prvDeleteTCB
                0x000000000800b604       0x68 ./Middlewares/Third_Party/FreeRTOS/Source/tasks.o
 .text.prvResetNextTaskUnblockTime
                0x000000000800b66c       0x48 ./Middlewares/Third_Party/FreeRTOS/Source/tasks.o
 .text.xTaskGetSchedulerState
                0x000000000800b6b4       0x3c ./Middlewares/Third_Party/FreeRTOS/Source/tasks.o
                0x000000000800b6b4                xTaskGetSchedulerState
 .text.xTaskPriorityDisinherit
                0x000000000800b6f0       0xdc ./Middlewares/Third_Party/FreeRTOS/Source/tasks.o
                0x000000000800b6f0                xTaskPriorityDisinherit
 .text.ulTaskNotifyTake
                0x000000000800b7cc       0x98 ./Middlewares/Third_Party/FreeRTOS/Source/tasks.o
                0x000000000800b7cc                ulTaskNotifyTake
 .text.xTaskGenericNotify
                0x000000000800b864      0x158 ./Middlewares/Third_Party/FreeRTOS/Source/tasks.o
                0x000000000800b864                xTaskGenericNotify
 .text.vTaskNotifyGiveFromISR
                0x000000000800b9bc      0x12c ./Middlewares/Third_Party/FreeRTOS/Source/tasks.o
                0x000000000800b9bc                vTaskNotifyGiveFromISR
 .text.prvAddCurrentTaskToDelayedList
                0x000000000800bae8       0xa8 ./Middlewares/Third_Party/FreeRTOS/Source/tasks.o
 .text.xTimerCreateTimerTask
                0x000000000800bb90       0x90 ./Middlewares/Third_Party/FreeRTOS/Source/timers.o
                0x000000000800bb90                xTimerCreateTimerTask
 .text.xTimerGenericCommand
                0x000000000800bc20       0x9c ./Middlewares/Third_Party/FreeRTOS/Source/timers.o
                0x000000000800bc20                xTimerGenericCommand
 .text.prvProcessExpiredTimer
                0x000000000800bcbc       0x80 ./Middlewares/Third_Party/FreeRTOS/Source/timers.o
 .text.prvTimerTask
                0x000000000800bd3c       0x24 ./Middlewares/Third_Party/FreeRTOS/Source/timers.o
 .text.prvProcessTimerOrBlockTask
                0x000000000800bd60       0x9c ./Middlewares/Third_Party/FreeRTOS/Source/timers.o
 .text.prvGetNextExpireTime
                0x000000000800bdfc       0x48 ./Middlewares/Third_Party/FreeRTOS/Source/timers.o
 .text.prvSampleTimeNow
                0x000000000800be44       0x40 ./Middlewares/Third_Party/FreeRTOS/Source/timers.o
 .text.prvInsertTimerInActiveList
                0x000000000800be84       0x84 ./Middlewares/Third_Party/FreeRTOS/Source/timers.o
 .text.prvProcessReceivedCommands
                0x000000000800bf08      0x168 ./Middlewares/Third_Party/FreeRTOS/Source/timers.o
 .text.prvSwitchTimerLists
                0x000000000800c070       0xc4 ./Middlewares/Third_Party/FreeRTOS/Source/timers.o
 .text.prvCheckForValidListAndQueue
                0x000000000800c134       0x80 ./Middlewares/Third_Party/FreeRTOS/Source/timers.o
 .text.pxPortInitialiseStack
                0x000000000800c1b4       0x58 ./Middlewares/Third_Party/FreeRTOS/Source/portable/GCC/ARM_CM3/port.o
                0x000000000800c1b4                pxPortInitialiseStack
 .text.prvTaskExitError
                0x000000000800c20c       0x58 ./Middlewares/Third_Party/FreeRTOS/Source/portable/GCC/ARM_CM3/port.o
 *fill*         0x000000000800c264        0xc 
 .text.SVC_Handler
                0x000000000800c270       0x28 ./Middlewares/Third_Party/FreeRTOS/Source/portable/GCC/ARM_CM3/port.o
                0x000000000800c270                SVC_Handler
 .text.prvPortStartFirstTask
                0x000000000800c298       0x20 ./Middlewares/Third_Party/FreeRTOS/Source/portable/GCC/ARM_CM3/port.o
 .text.xPortStartScheduler
                0x000000000800c2b8       0xe4 ./Middlewares/Third_Party/FreeRTOS/Source/portable/GCC/ARM_CM3/port.o
                0x000000000800c2b8                xPortStartScheduler
 .text.vPortEnterCritical
                0x000000000800c39c       0x60 ./Middlewares/Third_Party/FreeRTOS/Source/portable/GCC/ARM_CM3/port.o
                0x000000000800c39c                vPortEnterCritical
 .text.vPortExitCritical
                0x000000000800c3fc       0x50 ./Middlewares/Third_Party/FreeRTOS/Source/portable/GCC/ARM_CM3/port.o
                0x000000000800c3fc                vPortExitCritical
 *fill*         0x000000000800c44c        0x4 
 .text.PendSV_Handler
                0x000000000800c450       0x48 ./Middlewares/Third_Party/FreeRTOS/Source/portable/GCC/ARM_CM3/port.o
                0x000000000800c450                PendSV_Handler
 .text.SysTick_Handler
                0x000000000800c498       0x44 ./Middlewares/Third_Party/FreeRTOS/Source/portable/GCC/ARM_CM3/port.o
                0x000000000800c498                SysTick_Handler
 .text.vPortSuppressTicksAndSleep
                0x000000000800c4dc      0x198 ./Middlewares/Third_Party/FreeRTOS/Source/portable/GCC/ARM_CM3/port.o
                0x000000000800c4dc                vPortSuppressTicksAndSleep
 .text.vPortSetupTimerInterrupt
                0x000000000800c674       0x78 ./Middlewares/Third_Party/FreeRTOS/Source/portable/GCC/ARM_CM3/port.o
                0x000000000800c674                vPortSetupTimerInterrupt
 .text.vPortValidateInterruptPriority
                0x000000000800c6ec       0x7c ./Middlewares/Third_Party/FreeRTOS/Source/portable/GCC/ARM_CM3/port.o
                0x000000000800c6ec                vPortValidateInterruptPriority
 .text.pvPortMalloc
                0x000000000800c768      0x188 ./Middlewares/Third_Party/FreeRTOS/Source/portable/MemMang/heap_4.o
                0x000000000800c768                pvPortMalloc
 .text.vPortFree
                0x000000000800c8f0       0xb4 ./Middlewares/Third_Party/FreeRTOS/Source/portable/MemMang/heap_4.o
                0x000000000800c8f0                vPortFree
 .text.prvHeapInit
                0x000000000800c9a4       0xc4 ./Middlewares/Third_Party/FreeRTOS/Source/portable/MemMang/heap_4.o
 .text.prvInsertBlockIntoFreeList
                0x000000000800ca68       0xb0 ./Middlewares/Third_Party/FreeRTOS/Source/portable/MemMang/heap_4.o
 .text.__errno  0x000000000800cb18        0xc d:/softwares/stm32cubeide_1.10.0/stm32cubeide/plugins/com.st.stm32cube.ide.mcu.externaltools.gnu-tools-for-stm32.10.3-2021.10.win32_1.0.200.202301161003/tools/bin/../lib/gcc/arm-none-eabi/10.3.1/../../../../arm-none-eabi/lib/thumb/v7-m/nofp\libc_nano.a(lib_a-errno.o)
                0x000000000800cb18                __errno
 .text.std      0x000000000800cb24       0x48 d:/softwares/stm32cubeide_1.10.0/stm32cubeide/plugins/com.st.stm32cube.ide.mcu.externaltools.gnu-tools-for-stm32.10.3-2021.10.win32_1.0.200.202301161003/tools/bin/../lib/gcc/arm-none-eabi/10.3.1/../../../../arm-none-eabi/lib/thumb/v7-m/nofp\libc_nano.a(lib_a-findfp.o)
 .text._cleanup_r
                0x000000000800cb6c        0xc d:/softwares/stm32cubeide_1.10.0/stm32cubeide/plugins/com.st.stm32cube.ide.mcu.externaltools.gnu-tools-for-stm32.10.3-2021.10.win32_1.0.200.202301161003/tools/bin/../lib/gcc/arm-none-eabi/10.3.1/../../../../arm-none-eabi/lib/thumb/v7-m/nofp\libc_nano.a(lib_a-findfp.o)
                0x000000000800cb6c                _cleanup_r
 .text.__sfmoreglue
                0x000000000800cb78       0x2c d:/softwares/stm32cubeide_1.10.0/stm32cubeide/plugins/com.st.stm32cube.ide.mcu.externaltools.gnu-tools-for-stm32.10.3-2021.10.win32_1.0.200.202301161003/tools/bin/../lib/gcc/arm-none-eabi/10.3.1/../../../../arm-none-eabi/lib/thumb/v7-m/nofp\libc_nano.a(lib_a-findfp.o)
                0x000000000800cb78                __sfmoreglue
 .text.__sfp_lock_acquire
                0x000000000800cba4        0xc d:/softwares/stm32cubeide_1.10.0/stm32cubeide/plugins/com.st.stm32cube.ide.mcu.externaltools.gnu-tools-for-stm32.10.3-2021.10.win32_1.0.200.202301161003/tools/bin/../lib/gcc/arm-none-eabi/10.3.1/../../../../arm-none-eabi/lib/thumb/v7-m/nofp\libc_nano.a(lib_a-findfp.o)
                0x000000000800cba4                __sfp_lock_acquire
 .text.__sfp_lock_release
                0x000000000800cbb0        0xc d:/softwares/stm32cubeide_1.10.0/stm32cubeide/plugins/com.st.stm32cube.ide.mcu.externaltools.gnu-tools-for-stm32.10.3-2021.10.win32_1.0.200.202301161003/tools/bin/../lib/gcc/arm-none-eabi/10.3.1/../../../../arm-none-eabi/lib/thumb/v7-m/nofp\libc_nano.a(lib_a-findfp.o)
                0x000000000800cbb0                __sfp_lock_release
 .text.__sinit_lock_acquire
                0x000000000800cbbc        0xc d:/softwares/stm32cubeide_1.10.0/stm32cubeide/plugins/com.st.stm32cube.ide.mcu.externaltools.gnu-tools-for-stm32.10.3-2021.10.win32_1.0.200.202301161003/tools/bin/../lib/gcc/arm-none-eabi/10.3.1/../../../../arm-none-eabi/lib/thumb/v7-m/nofp\libc_nano.a(lib_a-findfp.o)
                0x000000000800cbbc                __sinit_lock_acquire
 .text.__sinit_lock_release
                0x000000000800cbc8        0xc d:/softwares/stm32cubeide_1.10.0/stm32cubeide/plugins/com.st.stm32cube.ide.mcu.externaltools.gnu-tools-for-stm32.10.3-2021.10.win32_1.0.200.202301161003/tools/bin/../lib/gcc/arm-none-eabi/10.3.1/../../../../arm-none-eabi/lib/thumb/v7-m/nofp\libc_nano.a(lib_a-findfp.o)
                0x000000000800cbc8                __sinit_lock_release
 .text.__sinit  0x000000000800cbd4       0x70 d:/softwares/stm32cubeide_1.10.0/stm32cubeide/plugins/com.st.stm32cube.ide.mcu.externaltools.gnu-tools-for-stm32.10.3-2021.10.win32_1.0.200.202301161003/tools/bin/../lib/gcc/arm-none-eabi/10.3.1/../../../../arm-none-eabi/lib/thumb/v7-m/nofp\libc_nano.a(lib_a-findfp.o)
                0x000000000800cbd4                __sinit
 .text.__sfp    0x000000000800cc44       0x8c d:/softwares/stm32cubeide_1.10.0/stm32cubeide/plugins/com.st.stm32cube.ide.mcu.externaltools.gnu-tools-for-stm32.10.3-2021.10.win32_1.0.200.202301161003/tools/bin/../lib/gcc/arm-none-eabi/10.3.1/../../../../arm-none-eabi/lib/thumb/v7-m/nofp\libc_nano.a(lib_a-findfp.o)
                0x000000000800cc44                __sfp
 .text._fwalk_reent
                0x000000000800ccd0       0x3e d:/softwares/stm32cubeide_1.10.0/stm32cubeide/plugins/com.st.stm32cube.ide.mcu.externaltools.gnu-tools-for-stm32.10.3-2021.10.win32_1.0.200.202301161003/tools/bin/../lib/gcc/arm-none-eabi/10.3.1/../../../../arm-none-eabi/lib/thumb/v7-m/nofp\libc_nano.a(lib_a-fwalk.o)
                0x000000000800ccd0                _fwalk_reent
 *fill*         0x000000000800cd0e        0x2 
 .text.__libc_init_array
                0x000000000800cd10       0x48 d:/softwares/stm32cubeide_1.10.0/stm32cubeide/plugins/com.st.stm32cube.ide.mcu.externaltools.gnu-tools-for-stm32.10.3-2021.10.win32_1.0.200.202301161003/tools/bin/../lib/gcc/arm-none-eabi/10.3.1/../../../../arm-none-eabi/lib/thumb/v7-m/nofp\libc_nano.a(lib_a-init.o)
                0x000000000800cd10                __libc_init_array
 .text.__retarget_lock_init_recursive
                0x000000000800cd58        0x2 d:/softwares/stm32cubeide_1.10.0/stm32cubeide/plugins/com.st.stm32cube.ide.mcu.externaltools.gnu-tools-for-stm32.10.3-2021.10.win32_1.0.200.202301161003/tools/bin/../lib/gcc/arm-none-eabi/10.3.1/../../../../arm-none-eabi/lib/thumb/v7-m/nofp\libc_nano.a(lib_a-lock.o)
                0x000000000800cd58                __retarget_lock_init_recursive
 .text.__retarget_lock_acquire_recursive
                0x000000000800cd5a        0x2 d:/softwares/stm32cubeide_1.10.0/stm32cubeide/plugins/com.st.stm32cube.ide.mcu.externaltools.gnu-tools-for-stm32.10.3-2021.10.win32_1.0.200.202301161003/tools/bin/../lib/gcc/arm-none-eabi/10.3.1/../../../../arm-none-eabi/lib/thumb/v7-m/nofp\libc_nano.a(lib_a-lock.o)
                0x000000000800cd5a                __retarget_lock_acquire_recursive
 .text.__retarget_lock_release_recursive
                0x000000000800cd5c        0x2 d:/softwares/stm32cubeide_1.10.0/stm32cubeide/plugins/com.st.stm32cube.ide.mcu.externaltools.gnu-tools-for-stm32.10.3-2021.10.win32_1.0.200.202301161003/tools/bin/../lib/gcc/arm-none-eabi/10.3.1/../../../../arm-none-eabi/lib/thumb/v7-m/nofp\libc_nano.a(lib_a-lock.o)
                0x000000000800cd5c                __retarget_lock_release_recursive
 .text.memcpy   0x000000000800cd5e       0x1c d:/softwares/stm32cubeide_1.10.0/stm32cubeide/plugins/com.st.stm32cube.ide.mcu.externaltools.gnu-tools-for-stm32.10.3-2021.10.win32_1.0.200.202301161003/tools/bin/../lib/gcc/arm-none-eabi/10.3.1/../../../../arm-none-eabi/lib/thumb/v7-m/nofp\libc_nano.a(lib_a-memcpy-stub.o)
                0x000000000800cd5e                memcpy
 .text.memset   0x000000000800cd7a       0x10 d:/softwares/stm32cubeide_1.10.0/stm32cubeide/plugins/com.st.stm32cube.ide.mcu.externaltools.gnu-tools-for-stm32.10.3-2021.10.win32_1.0.200.202301161003/tools/bin/../lib/gcc/arm-none-eabi/10.3.1/../../../../arm-none-eabi/lib/thumb/v7-m/nofp\libc_nano.a(lib_a-memset.o)
                0x000000000800cd7a                memset
 *fill*         0x000000000800cd8a        0x2 
 .text.sbrk_aligned
                0x000000000800cd8c       0x40 d:/softwares/stm32cubeide_1.10.0/stm32cubeide/plugins/com.st.stm32cube.ide.mcu.externaltools.gnu-tools-for-stm32.10.3-2021.10.win32_1.0.200.202301161003/tools/bin/../lib/gcc/arm-none-eabi/10.3.1/../../../../arm-none-eabi/lib/thumb/v7-m/nofp\libc_nano.a(lib_a-nano-mallocr.o)
 .text._malloc_r
                0x000000000800cdcc       0xe8 d:/softwares/stm32cubeide_1.10.0/stm32cubeide/plugins/com.st.stm32cube.ide.mcu.externaltools.gnu-tools-for-stm32.10.3-2021.10.win32_1.0.200.202301161003/tools/bin/../lib/gcc/arm-none-eabi/10.3.1/../../../../arm-none-eabi/lib/thumb/v7-m/nofp\libc_nano.a(lib_a-nano-mallocr.o)
                0x000000000800cdcc                _malloc_r
 .text.__cvt    0x000000000800ceb4       0xbe d:/softwares/stm32cubeide_1.10.0/stm32cubeide/plugins/com.st.stm32cube.ide.mcu.externaltools.gnu-tools-for-stm32.10.3-2021.10.win32_1.0.200.202301161003/tools/bin/../lib/gcc/arm-none-eabi/10.3.1/../../../../arm-none-eabi/lib/thumb/v7-m/nofp\libc_nano.a(lib_a-nano-vfprintf_float.o)
                0x000000000800ceb4                __cvt
 .text.__exponent
                0x000000000800cf72       0x7c d:/softwares/stm32cubeide_1.10.0/stm32cubeide/plugins/com.st.stm32cube.ide.mcu.externaltools.gnu-tools-for-stm32.10.3-2021.10.win32_1.0.200.202301161003/tools/bin/../lib/gcc/arm-none-eabi/10.3.1/../../../../arm-none-eabi/lib/thumb/v7-m/nofp\libc_nano.a(lib_a-nano-vfprintf_float.o)
                0x000000000800cf72                __exponent
 *fill*         0x000000000800cfee        0x2 
 .text._printf_float
                0x000000000800cff0      0x458 d:/softwares/stm32cubeide_1.10.0/stm32cubeide/plugins/com.st.stm32cube.ide.mcu.externaltools.gnu-tools-for-stm32.10.3-2021.10.win32_1.0.200.202301161003/tools/bin/../lib/gcc/arm-none-eabi/10.3.1/../../../../arm-none-eabi/lib/thumb/v7-m/nofp\libc_nano.a(lib_a-nano-vfprintf_float.o)
                0x000000000800cff0                _printf_float
 .text._printf_common
                0x000000000800d448       0xde d:/softwares/stm32cubeide_1.10.0/stm32cubeide/plugins/com.st.stm32cube.ide.mcu.externaltools.gnu-tools-for-stm32.10.3-2021.10.win32_1.0.200.202301161003/tools/bin/../lib/gcc/arm-none-eabi/10.3.1/../../../../arm-none-eabi/lib/thumb/v7-m/nofp\libc_nano.a(lib_a-nano-vfprintf_i.o)
                0x000000000800d448                _printf_common
 *fill*         0x000000000800d526        0x2 
 .text._printf_i
                0x000000000800d528      0x24c d:/softwares/stm32cubeide_1.10.0/stm32cubeide/plugins/com.st.stm32cube.ide.mcu.externaltools.gnu-tools-for-stm32.10.3-2021.10.win32_1.0.200.202301161003/tools/bin/../lib/gcc/arm-none-eabi/10.3.1/../../../../arm-none-eabi/lib/thumb/v7-m/nofp\libc_nano.a(lib_a-nano-vfprintf_i.o)
                0x000000000800d528                _printf_i
 .text.cleanup_glue
                0x000000000800d774       0x1a d:/softwares/stm32cubeide_1.10.0/stm32cubeide/plugins/com.st.stm32cube.ide.mcu.externaltools.gnu-tools-for-stm32.10.3-2021.10.win32_1.0.200.202301161003/tools/bin/../lib/gcc/arm-none-eabi/10.3.1/../../../../arm-none-eabi/lib/thumb/v7-m/nofp\libc_nano.a(lib_a-reent.o)
                0x000000000800d774                cleanup_glue
 *fill*         0x000000000800d78e        0x2 
 .text._reclaim_reent
                0x000000000800d790       0xb8 d:/softwares/stm32cubeide_1.10.0/stm32cubeide/plugins/com.st.stm32cube.ide.mcu.externaltools.gnu-tools-for-stm32.10.3-2021.10.win32_1.0.200.202301161003/tools/bin/../lib/gcc/arm-none-eabi/10.3.1/../../../../arm-none-eabi/lib/thumb/v7-m/nofp\libc_nano.a(lib_a-reent.o)
                0x000000000800d790                _reclaim_reent
 .text._sbrk_r  0x000000000800d848       0x20 d:/softwares/stm32cubeide_1.10.0/stm32cubeide/plugins/com.st.stm32cube.ide.mcu.externaltools.gnu-tools-for-stm32.10.3-2021.10.win32_1.0.200.202301161003/tools/bin/../lib/gcc/arm-none-eabi/10.3.1/../../../../arm-none-eabi/lib/thumb/v7-m/nofp\libc_nano.a(lib_a-sbrkr.o)
                0x000000000800d848                _sbrk_r
 .text.sprintf  0x000000000800d868       0x40 d:/softwares/stm32cubeide_1.10.0/stm32cubeide/plugins/com.st.stm32cube.ide.mcu.externaltools.gnu-tools-for-stm32.10.3-2021.10.win32_1.0.200.202301161003/tools/bin/../lib/gcc/arm-none-eabi/10.3.1/../../../../arm-none-eabi/lib/thumb/v7-m/nofp\libc_nano.a(lib_a-sprintf.o)
                0x000000000800d868                siprintf
                0x000000000800d868                sprintf
 .text.__sread  0x000000000800d8a8       0x22 d:/softwares/stm32cubeide_1.10.0/stm32cubeide/plugins/com.st.stm32cube.ide.mcu.externaltools.gnu-tools-for-stm32.10.3-2021.10.win32_1.0.200.202301161003/tools/bin/../lib/gcc/arm-none-eabi/10.3.1/../../../../arm-none-eabi/lib/thumb/v7-m/nofp\libc_nano.a(lib_a-stdio.o)
                0x000000000800d8a8                __sread
 .text.__swrite
                0x000000000800d8ca       0x38 d:/softwares/stm32cubeide_1.10.0/stm32cubeide/plugins/com.st.stm32cube.ide.mcu.externaltools.gnu-tools-for-stm32.10.3-2021.10.win32_1.0.200.202301161003/tools/bin/../lib/gcc/arm-none-eabi/10.3.1/../../../../arm-none-eabi/lib/thumb/v7-m/nofp\libc_nano.a(lib_a-stdio.o)
                0x000000000800d8ca                __swrite
 .text.__sseek  0x000000000800d902       0x24 d:/softwares/stm32cubeide_1.10.0/stm32cubeide/plugins/com.st.stm32cube.ide.mcu.externaltools.gnu-tools-for-stm32.10.3-2021.10.win32_1.0.200.202301161003/tools/bin/../lib/gcc/arm-none-eabi/10.3.1/../../../../arm-none-eabi/lib/thumb/v7-m/nofp\libc_nano.a(lib_a-stdio.o)
                0x000000000800d902                __sseek
 .text.__sclose
                0x000000000800d926        0x8 d:/softwares/stm32cubeide_1.10.0/stm32cubeide/plugins/com.st.stm32cube.ide.mcu.externaltools.gnu-tools-for-stm32.10.3-2021.10.win32_1.0.200.202301161003/tools/bin/../lib/gcc/arm-none-eabi/10.3.1/../../../../arm-none-eabi/lib/thumb/v7-m/nofp\libc_nano.a(lib_a-stdio.o)
                0x000000000800d926                __sclose
 *fill*         0x000000000800d92e        0x2 
 .text._write_r
                0x000000000800d930       0x24 d:/softwares/stm32cubeide_1.10.0/stm32cubeide/plugins/com.st.stm32cube.ide.mcu.externaltools.gnu-tools-for-stm32.10.3-2021.10.win32_1.0.200.202301161003/tools/bin/../lib/gcc/arm-none-eabi/10.3.1/../../../../arm-none-eabi/lib/thumb/v7-m/nofp\libc_nano.a(lib_a-writer.o)
                0x000000000800d930                _write_r
 .text._close_r
                0x000000000800d954       0x20 d:/softwares/stm32cubeide_1.10.0/stm32cubeide/plugins/com.st.stm32cube.ide.mcu.externaltools.gnu-tools-for-stm32.10.3-2021.10.win32_1.0.200.202301161003/tools/bin/../lib/gcc/arm-none-eabi/10.3.1/../../../../arm-none-eabi/lib/thumb/v7-m/nofp\libc_nano.a(lib_a-closer.o)
                0x000000000800d954                _close_r
 .text.quorem   0x000000000800d974      0x118 d:/softwares/stm32cubeide_1.10.0/stm32cubeide/plugins/com.st.stm32cube.ide.mcu.externaltools.gnu-tools-for-stm32.10.3-2021.10.win32_1.0.200.202301161003/tools/bin/../lib/gcc/arm-none-eabi/10.3.1/../../../../arm-none-eabi/lib/thumb/v7-m/nofp\libc_nano.a(lib_a-dtoa.o)
 *fill*         0x000000000800da8c        0x4 
 .text._dtoa_r  0x000000000800da90      0xbdc d:/softwares/stm32cubeide_1.10.0/stm32cubeide/plugins/com.st.stm32cube.ide.mcu.externaltools.gnu-tools-for-stm32.10.3-2021.10.win32_1.0.200.202301161003/tools/bin/../lib/gcc/arm-none-eabi/10.3.1/../../../../arm-none-eabi/lib/thumb/v7-m/nofp\libc_nano.a(lib_a-dtoa.o)
                0x000000000800da90                _dtoa_r
 .text.__sflush_r
                0x000000000800e66c      0x104 d:/softwares/stm32cubeide_1.10.0/stm32cubeide/plugins/com.st.stm32cube.ide.mcu.externaltools.gnu-tools-for-stm32.10.3-2021.10.win32_1.0.200.202301161003/tools/bin/../lib/gcc/arm-none-eabi/10.3.1/../../../../arm-none-eabi/lib/thumb/v7-m/nofp\libc_nano.a(lib_a-fflush.o)
                0x000000000800e66c                __sflush_r
 .text._fflush_r
                0x000000000800e770       0x78 d:/softwares/stm32cubeide_1.10.0/stm32cubeide/plugins/com.st.stm32cube.ide.mcu.externaltools.gnu-tools-for-stm32.10.3-2021.10.win32_1.0.200.202301161003/tools/bin/../lib/gcc/arm-none-eabi/10.3.1/../../../../arm-none-eabi/lib/thumb/v7-m/nofp\libc_nano.a(lib_a-fflush.o)
                0x000000000800e770                _fflush_r
 .text._localeconv_r
                0x000000000800e7e8        0x8 d:/softwares/stm32cubeide_1.10.0/stm32cubeide/plugins/com.st.stm32cube.ide.mcu.externaltools.gnu-tools-for-stm32.10.3-2021.10.win32_1.0.200.202301161003/tools/bin/../lib/gcc/arm-none-eabi/10.3.1/../../../../arm-none-eabi/lib/thumb/v7-m/nofp\libc_nano.a(lib_a-localeconv.o)
                0x000000000800e7e8                _localeconv_r
 .text._lseek_r
                0x000000000800e7f0       0x24 d:/softwares/stm32cubeide_1.10.0/stm32cubeide/plugins/com.st.stm32cube.ide.mcu.externaltools.gnu-tools-for-stm32.10.3-2021.10.win32_1.0.200.202301161003/tools/bin/../lib/gcc/arm-none-eabi/10.3.1/../../../../arm-none-eabi/lib/thumb/v7-m/nofp\libc_nano.a(lib_a-lseekr.o)
                0x000000000800e7f0                _lseek_r
 .text.malloc   0x000000000800e814       0x10 d:/softwares/stm32cubeide_1.10.0/stm32cubeide/plugins/com.st.stm32cube.ide.mcu.externaltools.gnu-tools-for-stm32.10.3-2021.10.win32_1.0.200.202301161003/tools/bin/../lib/gcc/arm-none-eabi/10.3.1/../../../../arm-none-eabi/lib/thumb/v7-m/nofp\libc_nano.a(lib_a-malloc.o)
                0x000000000800e814                malloc
 .text.memchr   0x000000000800e824       0x1c d:/softwares/stm32cubeide_1.10.0/stm32cubeide/plugins/com.st.stm32cube.ide.mcu.externaltools.gnu-tools-for-stm32.10.3-2021.10.win32_1.0.200.202301161003/tools/bin/../lib/gcc/arm-none-eabi/10.3.1/../../../../arm-none-eabi/lib/thumb/v7-m/nofp\libc_nano.a(lib_a-memchr-stub.o)
                0x000000000800e824                memchr
 .text.__malloc_lock
                0x000000000800e840        0xc d:/softwares/stm32cubeide_1.10.0/stm32cubeide/plugins/com.st.stm32cube.ide.mcu.externaltools.gnu-tools-for-stm32.10.3-2021.10.win32_1.0.200.202301161003/tools/bin/../lib/gcc/arm-none-eabi/10.3.1/../../../../arm-none-eabi/lib/thumb/v7-m/nofp\libc_nano.a(lib_a-mlock.o)
                0x000000000800e840                __malloc_lock
 .text.__malloc_unlock
                0x000000000800e84c        0xc d:/softwares/stm32cubeide_1.10.0/stm32cubeide/plugins/com.st.stm32cube.ide.mcu.externaltools.gnu-tools-for-stm32.10.3-2021.10.win32_1.0.200.202301161003/tools/bin/../lib/gcc/arm-none-eabi/10.3.1/../../../../arm-none-eabi/lib/thumb/v7-m/nofp\libc_nano.a(lib_a-mlock.o)
                0x000000000800e84c                __malloc_unlock
 .text._Balloc  0x000000000800e858       0x80 d:/softwares/stm32cubeide_1.10.0/stm32cubeide/plugins/com.st.stm32cube.ide.mcu.externaltools.gnu-tools-for-stm32.10.3-2021.10.win32_1.0.200.202301161003/tools/bin/../lib/gcc/arm-none-eabi/10.3.1/../../../../arm-none-eabi/lib/thumb/v7-m/nofp\libc_nano.a(lib_a-mprec.o)
                0x000000000800e858                _Balloc
 .text._Bfree   0x000000000800e8d8       0x44 d:/softwares/stm32cubeide_1.10.0/stm32cubeide/plugins/com.st.stm32cube.ide.mcu.externaltools.gnu-tools-for-stm32.10.3-2021.10.win32_1.0.200.202301161003/tools/bin/../lib/gcc/arm-none-eabi/10.3.1/../../../../arm-none-eabi/lib/thumb/v7-m/nofp\libc_nano.a(lib_a-mprec.o)
                0x000000000800e8d8                _Bfree
 .text.__multadd
                0x000000000800e91c       0x8c d:/softwares/stm32cubeide_1.10.0/stm32cubeide/plugins/com.st.stm32cube.ide.mcu.externaltools.gnu-tools-for-stm32.10.3-2021.10.win32_1.0.200.202301161003/tools/bin/../lib/gcc/arm-none-eabi/10.3.1/../../../../arm-none-eabi/lib/thumb/v7-m/nofp\libc_nano.a(lib_a-mprec.o)
                0x000000000800e91c                __multadd
 .text.__hi0bits
                0x000000000800e9a8       0x40 d:/softwares/stm32cubeide_1.10.0/stm32cubeide/plugins/com.st.stm32cube.ide.mcu.externaltools.gnu-tools-for-stm32.10.3-2021.10.win32_1.0.200.202301161003/tools/bin/../lib/gcc/arm-none-eabi/10.3.1/../../../../arm-none-eabi/lib/thumb/v7-m/nofp\libc_nano.a(lib_a-mprec.o)
                0x000000000800e9a8                __hi0bits
 .text.__lo0bits
                0x000000000800e9e8       0x5a d:/softwares/stm32cubeide_1.10.0/stm32cubeide/plugins/com.st.stm32cube.ide.mcu.externaltools.gnu-tools-for-stm32.10.3-2021.10.win32_1.0.200.202301161003/tools/bin/../lib/gcc/arm-none-eabi/10.3.1/../../../../arm-none-eabi/lib/thumb/v7-m/nofp\libc_nano.a(lib_a-mprec.o)
                0x000000000800e9e8                __lo0bits
 *fill*         0x000000000800ea42        0x2 
 .text.__i2b    0x000000000800ea44       0x2c d:/softwares/stm32cubeide_1.10.0/stm32cubeide/plugins/com.st.stm32cube.ide.mcu.externaltools.gnu-tools-for-stm32.10.3-2021.10.win32_1.0.200.202301161003/tools/bin/../lib/gcc/arm-none-eabi/10.3.1/../../../../arm-none-eabi/lib/thumb/v7-m/nofp\libc_nano.a(lib_a-mprec.o)
                0x000000000800ea44                __i2b
 .text.__multiply
                0x000000000800ea70      0x150 d:/softwares/stm32cubeide_1.10.0/stm32cubeide/plugins/com.st.stm32cube.ide.mcu.externaltools.gnu-tools-for-stm32.10.3-2021.10.win32_1.0.200.202301161003/tools/bin/../lib/gcc/arm-none-eabi/10.3.1/../../../../arm-none-eabi/lib/thumb/v7-m/nofp\libc_nano.a(lib_a-mprec.o)
                0x000000000800ea70                __multiply
 .text.__pow5mult
                0x000000000800ebc0       0xb4 d:/softwares/stm32cubeide_1.10.0/stm32cubeide/plugins/com.st.stm32cube.ide.mcu.externaltools.gnu-tools-for-stm32.10.3-2021.10.win32_1.0.200.202301161003/tools/bin/../lib/gcc/arm-none-eabi/10.3.1/../../../../arm-none-eabi/lib/thumb/v7-m/nofp\libc_nano.a(lib_a-mprec.o)
                0x000000000800ebc0                __pow5mult
 .text.__lshift
                0x000000000800ec74       0xe0 d:/softwares/stm32cubeide_1.10.0/stm32cubeide/plugins/com.st.stm32cube.ide.mcu.externaltools.gnu-tools-for-stm32.10.3-2021.10.win32_1.0.200.202301161003/tools/bin/../lib/gcc/arm-none-eabi/10.3.1/../../../../arm-none-eabi/lib/thumb/v7-m/nofp\libc_nano.a(lib_a-mprec.o)
                0x000000000800ec74                __lshift
 .text.__mcmp   0x000000000800ed54       0x36 d:/softwares/stm32cubeide_1.10.0/stm32cubeide/plugins/com.st.stm32cube.ide.mcu.externaltools.gnu-tools-for-stm32.10.3-2021.10.win32_1.0.200.202301161003/tools/bin/../lib/gcc/arm-none-eabi/10.3.1/../../../../arm-none-eabi/lib/thumb/v7-m/nofp\libc_nano.a(lib_a-mprec.o)
                0x000000000800ed54                __mcmp
 *fill*         0x000000000800ed8a        0x2 
 .text.__mdiff  0x000000000800ed8c      0x118 d:/softwares/stm32cubeide_1.10.0/stm32cubeide/plugins/com.st.stm32cube.ide.mcu.externaltools.gnu-tools-for-stm32.10.3-2021.10.win32_1.0.200.202301161003/tools/bin/../lib/gcc/arm-none-eabi/10.3.1/../../../../arm-none-eabi/lib/thumb/v7-m/nofp\libc_nano.a(lib_a-mprec.o)
                0x000000000800ed8c                __mdiff
 .text.__d2b    0x000000000800eea4       0xb8 d:/softwares/stm32cubeide_1.10.0/stm32cubeide/plugins/com.st.stm32cube.ide.mcu.externaltools.gnu-tools-for-stm32.10.3-2021.10.win32_1.0.200.202301161003/tools/bin/../lib/gcc/arm-none-eabi/10.3.1/../../../../arm-none-eabi/lib/thumb/v7-m/nofp\libc_nano.a(lib_a-mprec.o)
                0x000000000800eea4                __d2b
 .text._calloc_r
                0x000000000800ef5c       0x28 d:/softwares/stm32cubeide_1.10.0/stm32cubeide/plugins/com.st.stm32cube.ide.mcu.externaltools.gnu-tools-for-stm32.10.3-2021.10.win32_1.0.200.202301161003/tools/bin/../lib/gcc/arm-none-eabi/10.3.1/../../../../arm-none-eabi/lib/thumb/v7-m/nofp\libc_nano.a(lib_a-nano-callocr.o)
                0x000000000800ef5c                _calloc_r
 .text._free_r  0x000000000800ef84       0x90 d:/softwares/stm32cubeide_1.10.0/stm32cubeide/plugins/com.st.stm32cube.ide.mcu.externaltools.gnu-tools-for-stm32.10.3-2021.10.win32_1.0.200.202301161003/tools/bin/../lib/gcc/arm-none-eabi/10.3.1/../../../../arm-none-eabi/lib/thumb/v7-m/nofp\libc_nano.a(lib_a-nano-freer.o)
                0x000000000800ef84                _free_r
 .text.__ssputs_r
                0x000000000800f014       0xb6 d:/softwares/stm32cubeide_1.10.0/stm32cubeide/plugins/com.st.stm32cube.ide.mcu.externaltools.gnu-tools-for-stm32.10.3-2021.10.win32_1.0.200.202301161003/tools/bin/../lib/gcc/arm-none-eabi/10.3.1/../../../../arm-none-eabi/lib/thumb/v7-m/nofp\libc_nano.a(lib_a-nano-svfprintf.o)
                0x000000000800f014                __ssputs_r
 *fill*         0x000000000800f0ca        0x2 
 .text._svfprintf_r
                0x000000000800f0cc      0x200 d:/softwares/stm32cubeide_1.10.0/stm32cubeide/plugins/com.st.stm32cube.ide.mcu.externaltools.gnu-tools-for-stm32.10.3-2021.10.win32_1.0.200.202301161003/tools/bin/../lib/gcc/arm-none-eabi/10.3.1/../../../../arm-none-eabi/lib/thumb/v7-m/nofp\libc_nano.a(lib_a-nano-svfprintf.o)
                0x000000000800f0cc                _svfiprintf_r
                0x000000000800f0cc                _svfprintf_r
 .text._read_r  0x000000000800f2cc       0x24 d:/softwares/stm32cubeide_1.10.0/stm32cubeide/plugins/com.st.stm32cube.ide.mcu.externaltools.gnu-tools-for-stm32.10.3-2021.10.win32_1.0.200.202301161003/tools/bin/../lib/gcc/arm-none-eabi/10.3.1/../../../../arm-none-eabi/lib/thumb/v7-m/nofp\libc_nano.a(lib_a-readr.o)
                0x000000000800f2cc                _read_r
 .text.__assert_func
                0x000000000800f2f0       0x3c d:/softwares/stm32cubeide_1.10.0/stm32cubeide/plugins/com.st.stm32cube.ide.mcu.externaltools.gnu-tools-for-stm32.10.3-2021.10.win32_1.0.200.202301161003/tools/bin/../lib/gcc/arm-none-eabi/10.3.1/../../../../arm-none-eabi/lib/thumb/v7-m/nofp\libc_nano.a(lib_a-assert.o)
                0x000000000800f2f0                __assert_func
 .text.fprintf  0x000000000800f32c       0x24 d:/softwares/stm32cubeide_1.10.0/stm32cubeide/plugins/com.st.stm32cube.ide.mcu.externaltools.gnu-tools-for-stm32.10.3-2021.10.win32_1.0.200.202301161003/tools/bin/../lib/gcc/arm-none-eabi/10.3.1/../../../../arm-none-eabi/lib/thumb/v7-m/nofp\libc_nano.a(lib_a-fprintf.o)
                0x000000000800f32c                fiprintf
                0x000000000800f32c                fprintf
 .text.__ascii_mbtowc
                0x000000000800f350       0x24 d:/softwares/stm32cubeide_1.10.0/stm32cubeide/plugins/com.st.stm32cube.ide.mcu.externaltools.gnu-tools-for-stm32.10.3-2021.10.win32_1.0.200.202301161003/tools/bin/../lib/gcc/arm-none-eabi/10.3.1/../../../../arm-none-eabi/lib/thumb/v7-m/nofp\libc_nano.a(lib_a-mbtowc_r.o)
                0x000000000800f350                __ascii_mbtowc
 .text.memmove  0x000000000800f374       0x34 d:/softwares/stm32cubeide_1.10.0/stm32cubeide/plugins/com.st.stm32cube.ide.mcu.externaltools.gnu-tools-for-stm32.10.3-2021.10.win32_1.0.200.202301161003/tools/bin/../lib/gcc/arm-none-eabi/10.3.1/../../../../arm-none-eabi/lib/thumb/v7-m/nofp\libc_nano.a(lib_a-memmove.o)
                0x000000000800f374                memmove
 .text._realloc_r
                0x000000000800f3a8       0x5e d:/softwares/stm32cubeide_1.10.0/stm32cubeide/plugins/com.st.stm32cube.ide.mcu.externaltools.gnu-tools-for-stm32.10.3-2021.10.win32_1.0.200.202301161003/tools/bin/../lib/gcc/arm-none-eabi/10.3.1/../../../../arm-none-eabi/lib/thumb/v7-m/nofp\libc_nano.a(lib_a-nano-reallocr.o)
                0x000000000800f3a8                _realloc_r
 .text.__sfputc_r
                0x000000000800f406       0x2a d:/softwares/stm32cubeide_1.10.0/stm32cubeide/plugins/com.st.stm32cube.ide.mcu.externaltools.gnu-tools-for-stm32.10.3-2021.10.win32_1.0.200.202301161003/tools/bin/../lib/gcc/arm-none-eabi/10.3.1/../../../../arm-none-eabi/lib/thumb/v7-m/nofp\libc_nano.a(lib_a-nano-vfprintf.o)
 .text.__sfputs_r
                0x000000000800f430       0x24 d:/softwares/stm32cubeide_1.10.0/stm32cubeide/plugins/com.st.stm32cube.ide.mcu.externaltools.gnu-tools-for-stm32.10.3-2021.10.win32_1.0.200.202301161003/tools/bin/../lib/gcc/arm-none-eabi/10.3.1/../../../../arm-none-eabi/lib/thumb/v7-m/nofp\libc_nano.a(lib_a-nano-vfprintf.o)
                0x000000000800f430                __sfputs_r
 .text._vfprintf_r
                0x000000000800f454      0x260 d:/softwares/stm32cubeide_1.10.0/stm32cubeide/plugins/com.st.stm32cube.ide.mcu.externaltools.gnu-tools-for-stm32.10.3-2021.10.win32_1.0.200.202301161003/tools/bin/../lib/gcc/arm-none-eabi/10.3.1/../../../../arm-none-eabi/lib/thumb/v7-m/nofp\libc_nano.a(lib_a-nano-vfprintf.o)
                0x000000000800f454                _vfprintf_r
                0x000000000800f454                _vfiprintf_r
 .text.__swbuf_r
                0x000000000800f6b4       0xa4 d:/softwares/stm32cubeide_1.10.0/stm32cubeide/plugins/com.st.stm32cube.ide.mcu.externaltools.gnu-tools-for-stm32.10.3-2021.10.win32_1.0.200.202301161003/tools/bin/../lib/gcc/arm-none-eabi/10.3.1/../../../../arm-none-eabi/lib/thumb/v7-m/nofp\libc_nano.a(lib_a-wbuf.o)
                0x000000000800f6b4                __swbuf_r
 .text.__ascii_wctomb
                0x000000000800f758       0x1a d:/softwares/stm32cubeide_1.10.0/stm32cubeide/plugins/com.st.stm32cube.ide.mcu.externaltools.gnu-tools-for-stm32.10.3-2021.10.win32_1.0.200.202301161003/tools/bin/../lib/gcc/arm-none-eabi/10.3.1/../../../../arm-none-eabi/lib/thumb/v7-m/nofp\libc_nano.a(lib_a-wctomb_r.o)
                0x000000000800f758                __ascii_wctomb
 *fill*         0x000000000800f772        0x2 
 .text.__swsetup_r
                0x000000000800f774       0xdc d:/softwares/stm32cubeide_1.10.0/stm32cubeide/plugins/com.st.stm32cube.ide.mcu.externaltools.gnu-tools-for-stm32.10.3-2021.10.win32_1.0.200.202301161003/tools/bin/../lib/gcc/arm-none-eabi/10.3.1/../../../../arm-none-eabi/lib/thumb/v7-m/nofp\libc_nano.a(lib_a-wsetup.o)
                0x000000000800f774                __swsetup_r
 .text.abort    0x000000000800f850        0xe d:/softwares/stm32cubeide_1.10.0/stm32cubeide/plugins/com.st.stm32cube.ide.mcu.externaltools.gnu-tools-for-stm32.10.3-2021.10.win32_1.0.200.202301161003/tools/bin/../lib/gcc/arm-none-eabi/10.3.1/../../../../arm-none-eabi/lib/thumb/v7-m/nofp\libc_nano.a(lib_a-abort.o)
                0x000000000800f850                abort
 .text.__swhatbuf_r
                0x000000000800f85e       0x4a d:/softwares/stm32cubeide_1.10.0/stm32cubeide/plugins/com.st.stm32cube.ide.mcu.externaltools.gnu-tools-for-stm32.10.3-2021.10.win32_1.0.200.202301161003/tools/bin/../lib/gcc/arm-none-eabi/10.3.1/../../../../arm-none-eabi/lib/thumb/v7-m/nofp\libc_nano.a(lib_a-makebuf.o)
                0x000000000800f85e                __swhatbuf_r
 .text.__smakebuf_r
                0x000000000800f8a8       0x80 d:/softwares/stm32cubeide_1.10.0/stm32cubeide/plugins/com.st.stm32cube.ide.mcu.externaltools.gnu-tools-for-stm32.10.3-2021.10.win32_1.0.200.202301161003/tools/bin/../lib/gcc/arm-none-eabi/10.3.1/../../../../arm-none-eabi/lib/thumb/v7-m/nofp\libc_nano.a(lib_a-makebuf.o)
                0x000000000800f8a8                __smakebuf_r
 .text._malloc_usable_size_r
                0x000000000800f928       0x10 d:/softwares/stm32cubeide_1.10.0/stm32cubeide/plugins/com.st.stm32cube.ide.mcu.externaltools.gnu-tools-for-stm32.10.3-2021.10.win32_1.0.200.202301161003/tools/bin/../lib/gcc/arm-none-eabi/10.3.1/../../../../arm-none-eabi/lib/thumb/v7-m/nofp\libc_nano.a(lib_a-nano-msizer.o)
                0x000000000800f928                _malloc_usable_size_r
 .text._raise_r
                0x000000000800f938       0x50 d:/softwares/stm32cubeide_1.10.0/stm32cubeide/plugins/com.st.stm32cube.ide.mcu.externaltools.gnu-tools-for-stm32.10.3-2021.10.win32_1.0.200.202301161003/tools/bin/../lib/gcc/arm-none-eabi/10.3.1/../../../../arm-none-eabi/lib/thumb/v7-m/nofp\libc_nano.a(lib_a-signal.o)
                0x000000000800f938                _raise_r