../Core/Src/freertos.c:673:6:patio1Ultra1Fcn	32	static
../Core/Src/freertos.c:951:6:patio2Ultra1Fcn	8	static
../Core/Src/freertos.c:704:6:patio1Ultra2Fcn	32	static
../Core/Src/freertos.c:367:13:PreSleepProcessing	0	static
../Core/Src/freertos.c:373:13:PostSleepProcessing	0	static
../Core/Src/freertos.c:385:6:MX_FREERTOS_Init	8	static
../Core/Src/freertos.c:1027:6:write_to_mpu	48	static
../Core/Src/freertos.c:1032:6:mpu_ini	8	static
../Core/Src/freertos.c:1046:6:read_from_mpu	40	static
../Core/Src/freertos.c:1051:6:read_data_from_mpu	24	static
../Core/Src/freertos.c:1059:6:calculate_error	32	static
../Core/Src/freertos.c:1086:6:get_data_from_mpu	64	static
../Core/Src/freertos.c:1107:6:right_back	8	static
../Core/Src/freertos.c:1111:6:left_back	8	static
../Core/Src/freertos.c:1115:6:move_back	8	static
../Core/Src/freertos.c:1119:6:right_forward	8	static
../Core/Src/freertos.c:1123:6:left_forward	8	static
../Core/Src/freertos.c:1127:6:move_forward	8	static
../Core/Src/freertos.c:1131:6:robot_stop	8	static
../Core/Src/freertos.c:1138:6:right_forward_only	8	static
../Core/Src/freertos.c:1145:6:left_forward_only	8	static
../Core/Src/freertos.c:1152:6:left_forward_right_back	8	static
../Core/Src/freertos.c:1158:6:right_forward_left_back	8	static
../Core/Src/freertos.c:1165:9:pid_algorithm	24	static
../Core/Src/freertos.c:1177:9:calculate_pulse_from_vel	8	static
../Core/Src/freertos.c:1185:6:calculate_vel_from_encoder	16	static
../Core/Src/freertos.c:1191:7:vel_from_round	8	static
../Core/Src/freertos.c:1199:6:calculate_pos	104	static
../Core/Src/freertos.c:1222:6:patio1_calculate_targetVel	16	static
../Core/Src/freertos.c:1315:9:which_is_most	0	static
../Core/Src/freertos.c:735:6:patio2ComFcn	40	static
../Core/Src/freertos.c:1324:9:patio2_compare_pos	16	static
../Core/Src/freertos.c:836:6:patio2RangeFcn	88	static
../Core/Src/freertos.c:1529:9:patio2_need_pid_R	8	static
../Core/Src/freertos.c:777:6:patio2MotorCtrlFcn	80	static
../Core/Src/freertos.c:1541:9:patio2_need_pid_L	0	static
../Core/Src/freertos.c:1553:6:patio2_engine_open	0	static
../Core/Src/freertos.c:982:6:patio2EngineFcn	8	static
../Core/Src/freertos.c:1557:6:patio2_engine_close	0	static
../Core/Src/freertos.c:460:6:StartDefaultTask	8	static
../Core/Src/freertos.c:1561:7:calculate_average_dis	8	static
../Core/Src/freertos.c:1232:9:patio1_compare_pos	16	static
../Core/Src/freertos.c:600:6:patio1RangeFcn	88	static
../Core/Src/freertos.c:1289:9:patio1_need_pid_R	8	static
../Core/Src/freertos.c:542:6:patio1MotorCtrlFcn	80	static
../Core/Src/freertos.c:1296:9:patio1_need_pid_L	0	static
../Core/Src/freertos.c:1303:9:patio1_need_com	8	static
../Core/Src/freertos.c:512:6:patio1ComFcn	32	static
../Core/Src/freertos.c:1568:6:write_time	32	static
../Core/Src/freertos.c:1573:6:read_time	208	static
../Core/Src/freertos.c:1005:6:patio2TransFcn	8	static
../Core/Src/freertos.c:1592:6:HAL_TIM_IC_CaptureCallback	16	static,ignoring_inline_asm
