../Core/Src/tim.c:35:6:MX_TIM1_Init	56	static
../Core/Src/tim.c:80:6:MX_TIM2_Init	56	static
../Core/Src/tim.c:188:6:MX_TIM4_Init	56	static
../Core/Src/tim.c:285:6:MX_TIM8_Init	56	static
../Core/Src/tim.c:345:6:HAL_TIM_Encoder_MspInit	40	static
../Core/Src/tim.c:402:6:HAL_TIM_IC_MspInit	40	static
../Core/Src/tim.c:455:6:HAL_TIM_PWM_MspInit	8	static
../Core/Src/tim.c:481:6:HAL_TIM_MspPostInit	32	static
../Core/Src/tim.c:139:6:MX_TIM3_Init	48	static
../Core/Src/tim.c:232:6:MX_TIM5_Init	48	static
../Core/Src/tim.c:530:6:HAL_TIM_Encoder_MspDeInit	8	static
../Core/Src/tim.c:573:6:HAL_TIM_IC_MspDeInit	8	static
../Core/Src/tim.c:614:6:HAL_TIM_PWM_MspDeInit	0	static
