../Core/Src/freertos.c:489:13:PreSleepProcessing	16	static
../Core/Src/freertos.c:495:13:PostSleepProcessing	16	static
../Core/Src/freertos.c:507:6:MX_FREERTOS_Init	8	static
../Core/Src/freertos.c:585:6:StartDefaultTask	24	static
../Core/Src/freertos.c:669:6:patio1ComFcn	48	static
../Core/Src/freertos.c:712:6:patio1MotorCtrlFcn	88	static
../Core/Src/freertos.c:808:6:patio1RangeFcn	112	static
../Core/Src/freertos.c:919:6:patio1Ultra1Fcn	24	static
../Core/Src/freertos.c:962:6:patio1Ultra2Fcn	24	static
../Core/Src/freertos.c:1002:6:patio2ComFcn	24	static
../Core/Src/freertos.c:1053:6:patio2MotorCtrlFcn	88	static
../Core/Src/freertos.c:1141:6:patio2RangeFcn	120	static
../Core/Src/freertos.c:1282:6:patio2Ultra1Fcn	24	static
../Core/Src/freertos.c:1324:6:patio2EngineFcn	16	static
../Core/Src/freertos.c:1352:6:patio2TransFcn	16	static
../Core/Src/freertos.c:1380:6:patio2Ultra2Fcn	24	static
../Core/Src/freertos.c:1421:6:write_to_mpu	32	static
../Core/Src/freertos.c:1426:6:mpu_ini	8	static
../Core/Src/freertos.c:1444:6:read_from_mpu	40	static
../Core/Src/freertos.c:1449:6:read_data_from_mpu	32	static
../Core/Src/freertos.c:1457:6:calculate_error	32	static
../Core/Src/freertos.c:1486:6:get_data_from_mpu	64	static
../Core/Src/freertos.c:1507:6:right_back	8	static
../Core/Src/freertos.c:1511:6:left_back	8	static
../Core/Src/freertos.c:1515:6:move_back	8	static
../Core/Src/freertos.c:1519:6:right_forward	8	static
../Core/Src/freertos.c:1523:6:left_forward	8	static
../Core/Src/freertos.c:1527:6:move_forward	8	static
../Core/Src/freertos.c:1531:6:robot_stop	8	static
../Core/Src/freertos.c:1538:6:right_forward_only	8	static
../Core/Src/freertos.c:1545:6:left_forward_only	8	static
../Core/Src/freertos.c:1552:6:left_forward_right_back	8	static
../Core/Src/freertos.c:1558:6:right_forward_left_back	8	static
../Core/Src/freertos.c:1565:9:pid_algorithm	48	static
../Core/Src/freertos.c:1577:9:calculate_pulse_from_vel	24	static
../Core/Src/freertos.c:1592:6:calculate_vel_from_encoder	40	static
../Core/Src/freertos.c:1598:7:vel_from_round	24	static
../Core/Src/freertos.c:1605:6:calculate_pos	32	static
../Core/Src/freertos.c:1622:6:tune_velocity	56	static
../Core/Src/freertos.c:1672:7:pid_algorithm_ang	40	static
../Core/Src/freertos.c:1693:6:patio1_calculate_targetVel	24	static
../Core/Src/freertos.c:1715:9:patio1_compare_pos	8	static
../Core/Src/freertos.c:1836:9:patio1_need_pid_R	8	static
../Core/Src/freertos.c:1843:9:patio1_need_pid_L	8	static
../Core/Src/freertos.c:1850:9:patio1_need_com	8	static
../Core/Src/freertos.c:1866:9:which_is_most	16	static
../Core/Src/freertos.c:1875:9:patio2_compare_pos	8	static
../Core/Src/freertos.c:2244:9:patio2_need_pid_R	8	static
../Core/Src/freertos.c:2256:9:patio2_need_pid_L	8	static
../Core/Src/freertos.c:2268:6:patio2_engine_open	4	static
../Core/Src/freertos.c:2272:6:patio2_engine_close	4	static
../Core/Src/freertos.c:2276:7:calculate_weight_average	24	static
../Core/Src/freertos.c:2284:6:fifo_queue	32	static
../Core/Src/freertos.c:2291:6:write_time	32	static
../Core/Src/freertos.c:2296:6:read_time	312	static
../Core/Src/freertos.c:2316:6:stack_debug	16	static
../Core/Src/freertos.c:2325:6:start_info_debug	72	static
../Core/Src/freertos.c:2332:6:decode_from_mv_p1	32	static
../Core/Src/freertos.c:2345:6:decode_from_mv_p2	24	static
../Core/Src/freertos.c:2356:6:HAL_TIM_IC_CaptureCallback	24	static,ignoring_inline_asm
