Archive member included to satisfy reference by file (symbol)

d:/softwares/stm32cubeide_1.10.0/stm32cubeide/plugins/com.st.stm32cube.ide.mcu.externaltools.gnu-tools-for-stm32.10.3-2021.10.win32_1.0.0.202111181127/tools/bin/../lib/gcc/arm-none-eabi/10.3.1/../../../../arm-none-eabi/lib/thumb/v7-m/nofp\libc_nano.a(lib_a-errno.o)
                              ./Core/Src/syscalls.o (__errno)
d:/softwares/stm32cubeide_1.10.0/stm32cubeide/plugins/com.st.stm32cube.ide.mcu.externaltools.gnu-tools-for-stm32.10.3-2021.10.win32_1.0.0.202111181127/tools/bin/../lib/gcc/arm-none-eabi/10.3.1/../../../../arm-none-eabi/lib/thumb/v7-m/nofp\libc_nano.a(lib_a-exit.o)
                              d:/softwares/stm32cubeide_1.10.0/stm32cubeide/plugins/com.st.stm32cube.ide.mcu.externaltools.gnu-tools-for-stm32.10.3-2021.10.win32_1.0.0.202111181127/tools/bin/../lib/gcc/arm-none-eabi/10.3.1/../../../../arm-none-eabi/lib/thumb/v7-m/nofp/crt0.o (exit)
d:/softwares/stm32cubeide_1.10.0/stm32cubeide/plugins/com.st.stm32cube.ide.mcu.externaltools.gnu-tools-for-stm32.10.3-2021.10.win32_1.0.0.202111181127/tools/bin/../lib/gcc/arm-none-eabi/10.3.1/../../../../arm-none-eabi/lib/thumb/v7-m/nofp\libc_nano.a(lib_a-findfp.o)
                              ./Middlewares/Third_Party/FreeRTOS/Source/tasks.o (__sf_fake_stderr)
d:/softwares/stm32cubeide_1.10.0/stm32cubeide/plugins/com.st.stm32cube.ide.mcu.externaltools.gnu-tools-for-stm32.10.3-2021.10.win32_1.0.0.202111181127/tools/bin/../lib/gcc/arm-none-eabi/10.3.1/../../../../arm-none-eabi/lib/thumb/v7-m/nofp\libc_nano.a(lib_a-fwalk.o)
                              d:/softwares/stm32cubeide_1.10.0/stm32cubeide/plugins/com.st.stm32cube.ide.mcu.externaltools.gnu-tools-for-stm32.10.3-2021.10.win32_1.0.0.202111181127/tools/bin/../lib/gcc/arm-none-eabi/10.3.1/../../../../arm-none-eabi/lib/thumb/v7-m/nofp\libc_nano.a(lib_a-findfp.o) (_fwalk)
d:/softwares/stm32cubeide_1.10.0/stm32cubeide/plugins/com.st.stm32cube.ide.mcu.externaltools.gnu-tools-for-stm32.10.3-2021.10.win32_1.0.0.202111181127/tools/bin/../lib/gcc/arm-none-eabi/10.3.1/../../../../arm-none-eabi/lib/thumb/v7-m/nofp\libc_nano.a(lib_a-impure.o)
                              d:/softwares/stm32cubeide_1.10.0/stm32cubeide/plugins/com.st.stm32cube.ide.mcu.externaltools.gnu-tools-for-stm32.10.3-2021.10.win32_1.0.0.202111181127/tools/bin/../lib/gcc/arm-none-eabi/10.3.1/../../../../arm-none-eabi/lib/thumb/v7-m/nofp\libc_nano.a(lib_a-exit.o) (_global_impure_ptr)
d:/softwares/stm32cubeide_1.10.0/stm32cubeide/plugins/com.st.stm32cube.ide.mcu.externaltools.gnu-tools-for-stm32.10.3-2021.10.win32_1.0.0.202111181127/tools/bin/../lib/gcc/arm-none-eabi/10.3.1/../../../../arm-none-eabi/lib/thumb/v7-m/nofp\libc_nano.a(lib_a-init.o)
                              d:/softwares/stm32cubeide_1.10.0/stm32cubeide/plugins/com.st.stm32cube.ide.mcu.externaltools.gnu-tools-for-stm32.10.3-2021.10.win32_1.0.0.202111181127/tools/bin/../lib/gcc/arm-none-eabi/10.3.1/../../../../arm-none-eabi/lib/thumb/v7-m/nofp/crt0.o (__libc_init_array)
d:/softwares/stm32cubeide_1.10.0/stm32cubeide/plugins/com.st.stm32cube.ide.mcu.externaltools.gnu-tools-for-stm32.10.3-2021.10.win32_1.0.0.202111181127/tools/bin/../lib/gcc/arm-none-eabi/10.3.1/../../../../arm-none-eabi/lib/thumb/v7-m/nofp\libc_nano.a(lib_a-lock.o)
                              d:/softwares/stm32cubeide_1.10.0/stm32cubeide/plugins/com.st.stm32cube.ide.mcu.externaltools.gnu-tools-for-stm32.10.3-2021.10.win32_1.0.0.202111181127/tools/bin/../lib/gcc/arm-none-eabi/10.3.1/../../../../arm-none-eabi/lib/thumb/v7-m/nofp\libc_nano.a(lib_a-findfp.o) (__retarget_lock_init_recursive)
d:/softwares/stm32cubeide_1.10.0/stm32cubeide/plugins/com.st.stm32cube.ide.mcu.externaltools.gnu-tools-for-stm32.10.3-2021.10.win32_1.0.0.202111181127/tools/bin/../lib/gcc/arm-none-eabi/10.3.1/../../../../arm-none-eabi/lib/thumb/v7-m/nofp\libc_nano.a(lib_a-memcpy-stub.o)
                              ./Core/Src/freertos.o (memcpy)
d:/softwares/stm32cubeide_1.10.0/stm32cubeide/plugins/com.st.stm32cube.ide.mcu.externaltools.gnu-tools-for-stm32.10.3-2021.10.win32_1.0.0.202111181127/tools/bin/../lib/gcc/arm-none-eabi/10.3.1/../../../../arm-none-eabi/lib/thumb/v7-m/nofp\libc_nano.a(lib_a-memset.o)
                              d:/softwares/stm32cubeide_1.10.0/stm32cubeide/plugins/com.st.stm32cube.ide.mcu.externaltools.gnu-tools-for-stm32.10.3-2021.10.win32_1.0.0.202111181127/tools/bin/../lib/gcc/arm-none-eabi/10.3.1/../../../../arm-none-eabi/lib/thumb/v7-m/nofp/crt0.o (memset)
d:/softwares/stm32cubeide_1.10.0/stm32cubeide/plugins/com.st.stm32cube.ide.mcu.externaltools.gnu-tools-for-stm32.10.3-2021.10.win32_1.0.0.202111181127/tools/bin/../lib/gcc/arm-none-eabi/10.3.1/../../../../arm-none-eabi/lib/thumb/v7-m/nofp\libc_nano.a(lib_a-nano-mallocr.o)
[...]
Memory Configuration

Name             Origin             Length             Attributes
RAM              0x0000000020000000 0x0000000000010000 xrw
FLASH            0x0000000008000000 0x0000000000080000 xr
*default*        0x0000000000000000 0xffffffffffffffff

Linker script and memory map

LOAD d:/softwares/stm32cubeide_1.10.0/stm32cubeide/plugins/com.st.stm32cube.ide.mcu.externaltools.gnu-tools-for-stm32.10.3-2021.10.win32_1.0.0.202111181127/tools/bin/../lib/gcc/arm-none-eabi/10.3.1/thumb/v7-m/nofp/crti.o
LOAD d:/softwares/stm32cubeide_1.10.0/stm32cubeide/plugins/com.st.stm32cube.ide.mcu.externaltools.gnu-tools-for-stm32.10.3-2021.10.win32_1.0.0.202111181127/tools/bin/../lib/gcc/arm-none-eabi/10.3.1/thumb/v7-m/nofp/crtbegin.o
LOAD d:/softwares/stm32cubeide_1.10.0/stm32cubeide/plugins/com.st.stm32cube.ide.mcu.externaltools.gnu-tools-for-stm32.10.3-2021.10.win32_1.0.0.202111181127/tools/bin/../lib/gcc/arm-none-eabi/10.3.1/../../../../arm-none-eabi/lib/thumb/v7-m/nofp/crt0.o
LOAD ./Core/Src/adc.o
LOAD ./Core/Src/freertos.o
LOAD ./Core/Src/gpio.o
LOAD ./Core/Src/i2c.o
LOAD ./Core/Src/main.o
LOAD ./Core/Src/stm32f1xx_hal_msp.o
LOAD ./Core/Src/stm32f1xx_hal_timebase_tim.o
LOAD ./Core/Src/stm32f1xx_it.o
LOAD ./Core/Src/syscalls.o
LOAD ./Core/Src/sysmem.o
LOAD ./Core/Src/system_stm32f1xx.o
LOAD ./Core/Src/tim.o
LOAD ./Core/Src/usart.o
LOAD ./Core/Startup/startup_stm32f103zetx.o
LOAD ./Drivers/STM32F1xx_HAL_Driver/Src/stm32f1xx_hal.o
LOAD ./Drivers/STM32F1xx_HAL_Driver/Src/stm32f1xx_hal_adc.o
LOAD ./Drivers/STM32F1xx_HAL_Driver/Src/stm32f1xx_hal_adc_ex.o
LOAD ./Drivers/STM32F1xx_HAL_Driver/Src/stm32f1xx_hal_cortex.o
LOAD ./Drivers/STM32F1xx_HAL_Driver/Src/stm32f1xx_hal_dma.o
LOAD ./Drivers/STM32F1xx_HAL_Driver/Src/stm32f1xx_hal_exti.o
LOAD ./Drivers/STM32F1xx_HAL_Driver/Src/stm32f1xx_hal_flash.o
LOAD ./Drivers/STM32F1xx_HAL_Driver/Src/stm32f1xx_hal_flash_ex.o
LOAD ./Drivers/STM32F1xx_HAL_Driver/Src/stm32f1xx_hal_gpio.o
LOAD ./Drivers/STM32F1xx_HAL_Driver/Src/stm32f1xx_hal_gpio_ex.o
LOAD ./Drivers/STM32F1xx_HAL_Driver/Src/stm32f1xx_hal_i2c.o
LOAD ./Drivers/STM32F1xx_HAL_Driver/Src/stm32f1xx_hal_pwr.o
LOAD ./Drivers/STM32F1xx_HAL_Driver/Src/stm32f1xx_hal_rcc.o
LOAD ./Drivers/STM32F1xx_HAL_Driver/Src/stm32f1xx_hal_rcc_ex.o
LOAD ./Drivers/STM32F1xx_HAL_Driver/Src/stm32f1xx_hal_tim.o
LOAD ./Drivers/STM32F1xx_HAL_Driver/Src/stm32f1xx_hal_tim_ex.o
LOAD ./Drivers/STM32F1xx_HAL_Driver/Src/stm32f1xx_hal_uart.o
LOAD ./Middlewares/Third_Party/FreeRTOS/Source/CMSIS_RTOS_V2/cmsis_os2.o
LOAD ./Middlewares/Third_Party/FreeRTOS/Source/croutine.o
LOAD ./Middlewares/Third_Party/FreeRTOS/Source/event_groups.o
LOAD ./Middlewares/Third_Party/FreeRTOS/Source/list.o
LOAD ./Middlewares/Third_Party/FreeRTOS/Source/queue.o
LOAD ./Middlewares/Third_Party/FreeRTOS/Source/stream_buffer.o
LOAD ./Middlewares/Third_Party/FreeRTOS/Source/tasks.o
LOAD ./Middlewares/Third_Party/FreeRTOS/Source/timers.o
LOAD ./Middlewares/Third_Party/FreeRTOS/Source/portable/GCC/ARM_CM3/port.o
LOAD ./Middlewares/Third_Party/FreeRTOS/Source/portable/MemMang/heap_4.o
START GROUP
LOAD d:/softwares/stm32cubeide_1.10.0/stm32cubeide/plugins/com.st.stm32cube.ide.mcu.externaltools.gnu-tools-for-stm32.10.3-2021.10.win32_1.0.0.202111181127/tools/bin/../lib/gcc/arm-none-eabi/10.3.1/../../../../arm-none-eabi/lib/thumb/v7-m/nofp\libc_nano.a
LOAD d:/softwares/stm32cubeide_1.10.0/stm32cubeide/plugins/com.st.stm32cube.ide.mcu.externaltools.gnu-tools-for-stm32.10.3-2021.10.win32_1.0.0.202111181127/tools/bin/../lib/gcc/arm-none-eabi/10.3.1/../../../../arm-none-eabi/lib/thumb/v7-m/nofp\libm.a
END GROUP
START GROUP
LOAD d:/softwares/stm32cubeide_1.10.0/stm32cubeide/plugins/com.st.stm32cube.ide.mcu.externaltools.gnu-tools-for-stm32.10.3-2021.10.win32_1.0.0.202111181127/tools/bin/../lib/gcc/arm-none-eabi/10.3.1/thumb/v7-m/nofp\libgcc.a
LOAD d:/softwares/stm32cubeide_1.10.0/stm32cubeide/plugins/com.st.stm32cube.ide.mcu.externaltools.gnu-tools-for-stm32.10.3-2021.10.win32_1.0.0.202111181127/tools/bin/../lib/gcc/arm-none-eabi/10.3.1/../../../../arm-none-eabi/lib/thumb/v7-m/nofp\libc_nano.a
END GROUP
START GROUP
LOAD d:/softwares/stm32cubeide_1.10.0/stm32cubeide/plugins/com.st.stm32cube.ide.mcu.externaltools.gnu-tools-for-stm32.10.3-2021.10.win32_1.0.0.202111181127/tools/bin/../lib/gcc/arm-none-eabi/10.3.1/thumb/v7-m/nofp\libgcc.a
LOAD d:/softwares/stm32cubeide_1.10.0/stm32cubeide/plugins/com.st.stm32cube.ide.mcu.externaltools.gnu-tools-for-stm32.10.3-2021.10.win32_1.0.0.202111181127/tools/bin/../lib/gcc/arm-none-eabi/10.3.1/../../../../arm-none-eabi/lib/thumb/v7-m/nofp\libc_nano.a
LOAD d:/softwares/stm32cubeide_1.10.0/stm32cubeide/plugins/com.st.stm32cube.ide.mcu.externaltools.gnu-tools-for-stm32.10.3-2021.10.win32_1.0.0.202111181127/tools/bin/../lib/gcc/arm-none-eabi/10.3.1/../../../../arm-none-eabi/lib/thumb/v7-m/nofp\libnosys.a
END GROUP
START GROUP
LOAD d:/softwares/stm32cubeide_1.10.0/stm32cubeide/plugins/com.st.stm32cube.ide.mcu.externaltools.gnu-tools-for-stm32.10.3-2021.10.win32_1.0.0.202111181127/tools/bin/../lib/gcc/arm-none-eabi/10.3.1/thumb/v7-m/nofp\libgcc.a
LOAD d:/softwares/stm32cubeide_1.10.0/stm32cubeide/plugins/com.st.stm32cube.ide.mcu.externaltools.gnu-tools-for-stm32.10.3-2021.10.win32_1.0.0.202111181127/tools/bin/../lib/gcc/arm-none-eabi/10.3.1/../../../../arm-none-eabi/lib/thumb/v7-m/nofp\libc_nano.a
LOAD d:/softwares/stm32cubeide_1.10.0/stm32cubeide/plugins/com.st.stm32cube.ide.mcu.externaltools.gnu-tools-for-stm32.10.3-2021.10.win32_1.0.0.202111181127/tools/bin/../lib/gcc/arm-none-eabi/10.3.1/../../../../arm-none-eabi/lib/thumb/v7-m/nofp\libnosys.a
END GROUP
LOAD d:/softwares/stm32cubeide_1.10.0/stm32cubeide/plugins/com.st.stm32cube.ide.mcu.externaltools.gnu-tools-for-stm32.10.3-2021.10.win32_1.0.0.202111181127/tools/bin/../lib/gcc/arm-none-eabi/10.3.1/thumb/v7-m/nofp/crtend.o
LOAD d:/softwares/stm32cubeide_1.10.0/stm32cubeide/plugins/com.st.stm32cube.ide.mcu.externaltools.gnu-tools-for-stm32.10.3-2021.10.win32_1.0.0.202111181127/tools/bin/../lib/gcc/arm-none-eabi/10.3.1/thumb/v7-m/nofp/crtn.o
                0x0000000020010000                _estack = (ORIGIN (RAM) + LENGTH (RAM))
                0x0000000000000200                _Min_Heap_Size = 0x200
                0x0000000000000400                _Min_Stack_Size = 0x400

.isr_vector     0x0000000008000000      0x1e4
                0x0000000008000000                . = ALIGN (0x4)
 *(.isr_vector)
 .isr_vector    0x0000000008000000      0x1e4 ./Core/Startup/startup_stm32f103zetx.o
                0x0000000008000000                g_pfnVectors
                0x00000000080001e4                . = ALIGN (0x4)

.text           0x00000000080001f0     0x98c4
                0x00000000080001f0                . = ALIGN (0x4)
 *(.text)
 .text          0x00000000080001f0       0x40 d:/softwares/stm32cubeide_1.10.0/stm32cubeide/plugins/com.st.stm32cube.ide.mcu.externaltools.gnu-tools-for-stm32.10.3-2021.10.win32_1.0.0.202111181127/tools/bin/../lib/gcc/arm-none-eabi/10.3.1/thumb/v7-m/nofp/crtbegin.o
 .text          0x0000000008000230      0x378 d:/softwares/stm32cubeide_1.10.0/stm32cubeide/plugins/com.st.stm32cube.ide.mcu.externaltools.gnu-tools-for-stm32.10.3-2021.10.win32_1.0.0.202111181127/tools/bin/../lib/gcc/arm-none-eabi/10.3.1/thumb/v7-m/nofp\libgcc.a(_arm_addsubdf3.o)
                0x0000000008000230                __aeabi_drsub
                0x0000000008000238                __aeabi_dsub
                0x0000000008000238                __subdf3
                0x000000000800023c                __aeabi_dadd
                0x000000000800023c                __adddf3
                0x00000000080004b4                __floatunsidf
                0x00000000080004b4                __aeabi_ui2d
                0x00000000080004d4                __floatsidf
                0x00000000080004d4                __aeabi_i2d
                0x00000000080004f8                __aeabi_f2d
                0x00000000080004f8                __extendsfdf2
                0x000000000800053c                __floatundidf
                0x000000000800053c                __aeabi_ul2d
                0x000000000800054c                __floatdidf
                0x000000000800054c                __aeabi_l2d
 .text          0x00000000080005a8      0x424 d:/softwares/stm32cubeide_1.10.0/stm32cubeide/plugins/com.st.stm32cube.ide.mcu.externaltools.gnu-tools-for-stm32.10.3-2021.10.win32_1.0.0.202111181127/tools/bin/../lib/gcc/arm-none-eabi/10.3.1/thumb/v7-m/nofp\libgcc.a(_arm_muldivdf3.o)
                0x00000000080005a8                __aeabi_dmul
                0x00000000080005a8                __muldf3
                0x00000000080007fc                __divdf3
                0x00000000080007fc                __aeabi_ddiv
 .text          0x00000000080009cc      0x110 d:/softwares/stm32cubeide_1.10.0/stm32cubeide/plugins/com.st.stm32cube.ide.mcu.externaltools.gnu-tools-for-stm32.10.3-2021.10.win32_1.0.0.202111181127/tools/bin/../lib/gcc/arm-none-eabi/10.3.1/thumb/v7-m/nofp\libgcc.a(_arm_cmpdf2.o)
                0x00000000080009cc                __gtdf2
                0x00000000080009cc                __gedf2
                0x00000000080009d4                __ltdf2
                0x00000000080009d4                __ledf2
                0x00000000080009dc                __nedf2
                0x00000000080009dc                __eqdf2
                0x00000000080009dc                __cmpdf2
                0x0000000008000a58                __aeabi_cdrcmple
                0x0000000008000a68                __aeabi_cdcmpeq
                0x0000000008000a68                __aeabi_cdcmple
                0x0000000008000a78                __aeabi_dcmpeq
                0x0000000008000a8c                __aeabi_dcmplt
                0x0000000008000aa0                __aeabi_dcmple
                0x0000000008000ab4                __aeabi_dcmpge
                0x0000000008000ac8                __aeabi_dcmpgt
 .text          0x0000000008000adc       0x50 d:/softwares/stm32cubeide_1.10.0/stm32cubeide/plugins/com.st.stm32cube.ide.mcu.externaltools.gnu-tools-for-stm32.10.3-2021.10.win32_1.0.0.202111181127/tools/bin/../lib/gcc/arm-none-eabi/10.3.1/thumb/v7-m/nofp\libgcc.a(_arm_fixdfsi.o)
                0x0000000008000adc                __aeabi_d2iz
                0x0000000008000adc                __fixdfsi
 .text          0x0000000008000b2c       0xa0 d:/softwares/stm32cubeide_1.10.0/stm32cubeide/plugins/com.st.stm32cube.ide.mcu.externaltools.gnu-tools-for-stm32.10.3-2021.10.win32_1.0.0.202111181127/tools/bin/../lib/gcc/arm-none-eabi/10.3.1/thumb/v7-m/nofp\libgcc.a(_arm_truncdfsf2.o)
                0x0000000008000b2c                __truncdfsf2
                0x0000000008000b2c                __aeabi_d2f
 .text          0x0000000008000bcc      0x21c d:/softwares/stm32cubeide_1.10.0/stm32cubeide/plugins/com.st.stm32cube.ide.mcu.externaltools.gnu-tools-for-stm32.10.3-2021.10.win32_1.0.0.202111181127/tools/bin/../lib/gcc/arm-none-eabi/10.3.1/thumb/v7-m/nofp\libgcc.a(_arm_addsubsf3.o)
                0x0000000008000bcc                __aeabi_frsub
                0x0000000008000bd4                __subsf3
                0x0000000008000bd4                __aeabi_fsub
                0x0000000008000bd8                __aeabi_fadd
                0x0000000008000bd8                __addsf3
                0x0000000008000d38                __aeabi_ui2f
                0x0000000008000d38                __floatunsisf
                0x0000000008000d40                __aeabi_i2f
                0x0000000008000d40                __floatsisf
                0x0000000008000d5c                __aeabi_ul2f
                0x0000000008000d5c                __floatundisf
                0x0000000008000d6c                __aeabi_l2f
                0x0000000008000d6c                __floatdisf
 .text          0x0000000008000de8      0x2a0 d:/softwares/stm32cubeide_1.10.0/stm32cubeide/plugins/com.st.stm32cube.ide.mcu.externaltools.gnu-tools-for-stm32.10.3-2021.10.win32_1.0.0.202111181127/tools/bin/../lib/gcc/arm-none-eabi/10.3.1/thumb/v7-m/nofp\libgcc.a(_arm_muldivsf3.o)
                0x0000000008000de8                __mulsf3
                0x0000000008000de8                __aeabi_fmul
                0x0000000008000f50                __aeabi_fdiv
                0x0000000008000f50                __divsf3
 .text          0x0000000008001088       0xec d:/softwares/stm32cubeide_1.10.0/stm32cubeide/plugins/com.st.stm32cube.ide.mcu.externaltools.gnu-tools-for-stm32.10.3-2021.10.win32_1.0.0.202111181127/tools/bin/../lib/gcc/arm-none-eabi/10.3.1/thumb/v7-m/nofp\libgcc.a(_arm_cmpsf2.o)
                0x0000000008001088                __gesf2
                0x0000000008001088                __gtsf2
                0x0000000008001090                __lesf2
                0x0000000008001090                __ltsf2
                0x0000000008001098                __nesf2
                0x0000000008001098                __eqsf2
                0x0000000008001098                __cmpsf2
                0x00000000080010f8                __aeabi_cfrcmple
                0x0000000008001100                __aeabi_cfcmpeq
                0x0000000008001100                __aeabi_cfcmple
                0x0000000008001110                __aeabi_fcmpeq
                0x0000000008001124                __aeabi_fcmplt
                0x0000000008001138                __aeabi_fcmple
                0x000000000800114c                __aeabi_fcmpge
                0x0000000008001160                __aeabi_fcmpgt
 *(.text*)
 .text.MX_ADC1_Init
                0x0000000008001174       0x50 ./Core/Src/adc.o
                0x0000000008001174                MX_ADC1_Init
 .text.HAL_ADC_MspInit
                0x00000000080011c4       0x5c ./Core/Src/adc.o
                0x00000000080011c4                HAL_ADC_MspInit
 .text.patio1Ultra1Fcn
                0x0000000008001220       0x84 ./Core/Src/freertos.o
                0x0000000008001220                patio1Ultra1Fcn
 .text.patio2Ultra1Fcn
                0x00000000080012a4        0x6 ./Core/Src/freertos.o
                0x00000000080012a4                patio2Ultra1Fcn
 *fill*         0x00000000080012aa        0x6 
 .text.patio1Ultra2Fcn
                0x00000000080012b0       0x84 ./Core/Src/freertos.o
                0x00000000080012b0                patio1Ultra2Fcn
 .text.PreSleepProcessing
                0x0000000008001334        0x4 ./Core/Src/freertos.o
                0x0000000008001334                PreSleepProcessing
 .text.PostSleepProcessing
                0x0000000008001338        0x4 ./Core/Src/freertos.o
                0x0000000008001338                PostSleepProcessing
 .text.MX_FREERTOS_Init
                0x000000000800133c      0x13c ./Core/Src/freertos.o
                0x000000000800133c                MX_FREERTOS_Init
 .text.write_to_mpu
                0x0000000008001478       0x48 ./Core/Src/freertos.o
                0x0000000008001478                write_to_mpu
 .text.mpu_ini  0x00000000080014c0       0x54 ./Core/Src/freertos.o
                0x00000000080014c0                mpu_ini
 .text.read_from_mpu
                0x0000000008001514       0x40 ./Core/Src/freertos.o
                0x0000000008001514                read_from_mpu
 .text.read_data_from_mpu
                0x0000000008001554       0x24 ./Core/Src/freertos.o
                0x0000000008001554                read_data_from_mpu
 .text.calculate_error
                0x0000000008001578      0x240 ./Core/Src/freertos.o
                0x0000000008001578                calculate_error
 .text.get_data_from_mpu
                0x00000000080017b8      0x420 ./Core/Src/freertos.o
                0x00000000080017b8                get_data_from_mpu
 .text.right_back
                0x0000000008001bd8       0x20 ./Core/Src/freertos.o
                0x0000000008001bd8                right_back
 .text.left_back
                0x0000000008001bf8       0x20 ./Core/Src/freertos.o
                0x0000000008001bf8                left_back
 .text.move_back
                0x0000000008001c18        0xe ./Core/Src/freertos.o
                0x0000000008001c18                move_back
 *fill*         0x0000000008001c26        0x2 
 .text.right_forward
                0x0000000008001c28       0x20 ./Core/Src/freertos.o
                0x0000000008001c28                right_forward
 .text.left_forward
                0x0000000008001c48       0x20 ./Core/Src/freertos.o
                0x0000000008001c48                left_forward
 .text.move_forward
                0x0000000008001c68        0xe ./Core/Src/freertos.o
                0x0000000008001c68                move_forward
 *fill*         0x0000000008001c76        0x2 
 .text.robot_stop
                0x0000000008001c78       0x34 ./Core/Src/freertos.o
                0x0000000008001c78                robot_stop
 .text.left_forward_right_back
                0x0000000008001cac       0x34 ./Core/Src/freertos.o
                0x0000000008001cac                left_forward_right_back
 .text.right_forward_left_back
                0x0000000008001ce0       0x34 ./Core/Src/freertos.o
                0x0000000008001ce0                right_forward_left_back
 *fill*         0x0000000008001d14        0x4 
 .text.pid_algorithm
                0x0000000008001d18       0x8c ./Core/Src/freertos.o
                0x0000000008001d18                pid_algorithm
 *fill*         0x0000000008001da4        0x4 
 .text.calculate_vel_from_encoder
                0x0000000008001da8       0x68 ./Core/Src/freertos.o
                0x0000000008001da8                calculate_vel_from_encoder
 .text.calculate_pos
                0x0000000008001e10      0x358 ./Core/Src/freertos.o
                0x0000000008001e10                calculate_pos
 .text.patio1_calculate_targetVel
                0x0000000008002168       0x84 ./Core/Src/freertos.o
                0x0000000008002168                patio1_calculate_targetVel
 .text.which_is_most
                0x00000000080021ec       0x1e ./Core/Src/freertos.o
                0x00000000080021ec                which_is_most
 *fill*         0x000000000800220a        0x2 
 .text.patio2ComFcn
                0x000000000800220c       0x98 ./Core/Src/freertos.o
                0x000000000800220c                patio2ComFcn
 .text.patio2_compare_pos
                0x00000000080022a4      0x28c ./Core/Src/freertos.o
                0x00000000080022a4                patio2_compare_pos
 .text.patio2RangeFcn
                0x0000000008002530      0x100 ./Core/Src/freertos.o
                0x0000000008002530                patio2RangeFcn
 .text.patio2_need_pid_R
                0x0000000008002630       0x24 ./Core/Src/freertos.o
                0x0000000008002630                patio2_need_pid_R
 .text.patio2MotorCtrlFcn
                0x0000000008002654      0x120 ./Core/Src/freertos.o
                0x0000000008002654                patio2MotorCtrlFcn
 .text.patio2_engine_open
                0x0000000008002774       0x10 ./Core/Src/freertos.o
                0x0000000008002774                patio2_engine_open
 .text.patio2EngineFcn
                0x0000000008002784       0x24 ./Core/Src/freertos.o
                0x0000000008002784                patio2EngineFcn
 .text.patio2_engine_close
                0x00000000080027a8       0x10 ./Core/Src/freertos.o
                0x00000000080027a8                patio2_engine_close
 .text.StartDefaultTask
                0x00000000080027b8       0xf4 ./Core/Src/freertos.o
                0x00000000080027b8                StartDefaultTask
 .text.calculate_average_dis
                0x00000000080028ac       0x20 ./Core/Src/freertos.o
                0x00000000080028ac                calculate_average_dis
 .text.patio1_compare_pos
                0x00000000080028cc      0x150 ./Core/Src/freertos.o
                0x00000000080028cc                patio1_compare_pos
 .text.patio1RangeFcn
                0x0000000008002a1c      0x11c ./Core/Src/freertos.o
                0x0000000008002a1c                patio1RangeFcn
 .text.patio1_need_pid_R
                0x0000000008002b38        0xe ./Core/Src/freertos.o
                0x0000000008002b38                patio1_need_pid_R
 *fill*         0x0000000008002b46        0x2 
 .text.patio1MotorCtrlFcn
                0x0000000008002b48      0x120 ./Core/Src/freertos.o
                0x0000000008002b48                patio1MotorCtrlFcn
 .text.patio1_need_com
                0x0000000008002c68       0x1c ./Core/Src/freertos.o
                0x0000000008002c68                patio1_need_com
 .text.patio1ComFcn
                0x0000000008002c84       0x60 ./Core/Src/freertos.o
                0x0000000008002c84                patio1ComFcn
 .text.read_time
                0x0000000008002ce4      0x100 ./Core/Src/freertos.o
                0x0000000008002ce4                read_time
 .text.patio2TransFcn
                0x0000000008002de4       0x24 ./Core/Src/freertos.o
                0x0000000008002de4                patio2TransFcn
 .text.HAL_TIM_IC_CaptureCallback
                0x0000000008002e08       0x6c ./Core/Src/freertos.o
                0x0000000008002e08                HAL_TIM_IC_CaptureCallback
 .text.MX_GPIO_Init
                0x0000000008002e74       0xe0 ./Core/Src/gpio.o
                0x0000000008002e74                MX_GPIO_Init
 .text.MX_I2C1_Init
                0x0000000008002f54       0x3c ./Core/Src/i2c.o
                0x0000000008002f54                MX_I2C1_Init
 .text.MX_I2C2_Init
                0x0000000008002f90       0x3c ./Core/Src/i2c.o
                0x0000000008002f90                MX_I2C2_Init
 .text.HAL_I2C_MspInit
                0x0000000008002fcc       0xac ./Core/Src/i2c.o
                0x0000000008002fcc                HAL_I2C_MspInit
 .text.SystemClock_Config
                0x0000000008003078       0x7e ./Core/Src/main.o
                0x0000000008003078                SystemClock_Config
 .text.startup.main
                0x00000000080030f6       0x48 ./Core/Src/main.o
                0x00000000080030f6                main
 *fill*         0x000000000800313e        0x2 
 .text.HAL_TIM_PeriodElapsedCallback
                0x0000000008003140       0x14 ./Core/Src/main.o
                0x0000000008003140                HAL_TIM_PeriodElapsedCallback
 .text.Error_Handler
                0x0000000008003154        0x4 ./Core/Src/main.o
                0x0000000008003154                Error_Handler
 .text.HAL_MspInit
                0x0000000008003158       0x3c ./Core/Src/stm32f1xx_hal_msp.o
                0x0000000008003158                HAL_MspInit
 .text.HAL_InitTick
                0x0000000008003194       0x9c ./Core/Src/stm32f1xx_hal_timebase_tim.o
                0x0000000008003194                HAL_InitTick
 .text.HAL_SuspendTick
                0x0000000008003230       0x14 ./Core/Src/stm32f1xx_hal_timebase_tim.o
                0x0000000008003230                HAL_SuspendTick
 .text.HAL_ResumeTick
                0x0000000008003244       0x14 ./Core/Src/stm32f1xx_hal_timebase_tim.o
                0x0000000008003244                HAL_ResumeTick
 .text.NMI_Handler
                0x0000000008003258        0x2 ./Core/Src/stm32f1xx_it.o
                0x0000000008003258                NMI_Handler
 .text.HardFault_Handler
                0x000000000800325a        0x2 ./Core/Src/stm32f1xx_it.o
                0x000000000800325a                HardFault_Handler
 .text.MemManage_Handler
                0x000000000800325c        0x2 ./Core/Src/stm32f1xx_it.o
                0x000000000800325c                MemManage_Handler
 .text.BusFault_Handler
                0x000000000800325e        0x2 ./Core/Src/stm32f1xx_it.o
                0x000000000800325e                BusFault_Handler
 .text.UsageFault_Handler
                0x0000000008003260        0x2 ./Core/Src/stm32f1xx_it.o
                0x0000000008003260                UsageFault_Handler
 .text.DebugMon_Handler
                0x0000000008003262        0x2 ./Core/Src/stm32f1xx_it.o
                0x0000000008003262                DebugMon_Handler
 .text.TIM4_IRQHandler
                0x0000000008003264        0xc ./Core/Src/stm32f1xx_it.o
                0x0000000008003264                TIM4_IRQHandler
 .text.TIM8_CC_IRQHandler
                0x0000000008003270        0xc ./Core/Src/stm32f1xx_it.o
                0x0000000008003270                TIM8_CC_IRQHandler
 .text.TIM6_IRQHandler
                0x000000000800327c        0xc ./Core/Src/stm32f1xx_it.o
                0x000000000800327c                TIM6_IRQHandler
 .text._sbrk    0x0000000008003288       0x40 ./Core/Src/sysmem.o
                0x0000000008003288                _sbrk
 .text.SystemInit
                0x00000000080032c8        0x2 ./Core/Src/system_stm32f1xx.o
                0x00000000080032c8                SystemInit
 *fill*         0x00000000080032ca        0x2 
 .text.MX_TIM1_Init
                0x00000000080032cc       0x60 ./Core/Src/tim.o
                0x00000000080032cc                MX_TIM1_Init
 .text.MX_TIM2_Init
                0x000000000800332c       0xac ./Core/Src/tim.o
                0x000000000800332c                MX_TIM2_Init
 .text.MX_TIM4_Init
                0x00000000080033d8       0x5c ./Core/Src/tim.o
                0x00000000080033d8                MX_TIM4_Init
 .text.MX_TIM8_Init
                0x0000000008003434       0xb0 ./Core/Src/tim.o
                0x0000000008003434                MX_TIM8_Init
 .text.HAL_TIM_Encoder_MspInit
                0x00000000080034e4       0xd4 ./Core/Src/tim.o
                0x00000000080034e4                HAL_TIM_Encoder_MspInit
 .text.HAL_TIM_IC_MspInit
                0x00000000080035b8       0xc4 ./Core/Src/tim.o
                0x00000000080035b8                HAL_TIM_IC_MspInit
 .text.HAL_TIM_PWM_MspInit
                0x000000000800367c       0x4c ./Core/Src/tim.o
                0x000000000800367c                HAL_TIM_PWM_MspInit
 .text.HAL_TIM_MspPostInit
                0x00000000080036c8       0x9c ./Core/Src/tim.o
                0x00000000080036c8                HAL_TIM_MspPostInit
 .text.MX_TIM3_Init
                0x0000000008003764       0x8c ./Core/Src/tim.o
                0x0000000008003764                MX_TIM3_Init
 .text.MX_TIM5_Init
                0x00000000080037f0       0x9c ./Core/Src/tim.o
                0x00000000080037f0                MX_TIM5_Init
 .text.MX_UART4_Init
                0x000000000800388c       0x38 ./Core/Src/usart.o
                0x000000000800388c                MX_UART4_Init
 .text.MX_UART5_Init
                0x00000000080038c4       0x38 ./Core/Src/usart.o
                0x00000000080038c4                MX_UART5_Init
 .text.HAL_UART_MspInit
                0x00000000080038fc       0xe4 ./Core/Src/usart.o
                0x00000000080038fc                HAL_UART_MspInit
 .text.Reset_Handler
                0x00000000080039e0       0x48 ./Core/Startup/startup_stm32f103zetx.o
                0x00000000080039e0                Reset_Handler
 .text.Default_Handler
                0x0000000008003a28        0x2 ./Core/Startup/startup_stm32f103zetx.o
                0x0000000008003a28                RTC_Alarm_IRQHandler
                0x0000000008003a28                EXTI2_IRQHandler
                0x0000000008003a28                TIM8_TRG_COM_IRQHandler
                0x0000000008003a28                TIM1_CC_IRQHandler
                0x0000000008003a28                PVD_IRQHandler
                0x0000000008003a28                SDIO_IRQHandler
                0x0000000008003a28                EXTI3_IRQHandler
                0x0000000008003a28                EXTI0_IRQHandler
                0x0000000008003a28                I2C2_EV_IRQHandler
                0x0000000008003a28                ADC1_2_IRQHandler
                0x0000000008003a28                SPI1_IRQHandler
                0x0000000008003a28                TAMPER_IRQHandler
                0x0000000008003a28                TIM8_UP_IRQHandler
                0x0000000008003a28                DMA2_Channel2_IRQHandler
                0x0000000008003a28                DMA1_Channel4_IRQHandler
                0x0000000008003a28                USART3_IRQHandler
                0x0000000008003a28                RTC_IRQHandler
                0x0000000008003a28                DMA1_Channel7_IRQHandler
                0x0000000008003a28                CAN1_RX1_IRQHandler
                0x0000000008003a28                UART5_IRQHandler
                0x0000000008003a28                ADC3_IRQHandler
                0x0000000008003a28                DMA2_Channel1_IRQHandler
                0x0000000008003a28                I2C1_EV_IRQHandler
                0x0000000008003a28                DMA1_Channel6_IRQHandler
                0x0000000008003a28                UART4_IRQHandler
                0x0000000008003a28                TIM3_IRQHandler
                0x0000000008003a28                RCC_IRQHandler
                0x0000000008003a28                TIM1_TRG_COM_IRQHandler
                0x0000000008003a28                DMA1_Channel1_IRQHandler
                0x0000000008003a28                Default_Handler
                0x0000000008003a28                EXTI15_10_IRQHandler
                0x0000000008003a28                TIM7_IRQHandler
                0x0000000008003a28                TIM5_IRQHandler
                0x0000000008003a28                EXTI9_5_IRQHandler
                0x0000000008003a28                SPI2_IRQHandler
                0x0000000008003a28                DMA1_Channel5_IRQHandler
                0x0000000008003a28                EXTI4_IRQHandler
                0x0000000008003a28                USB_LP_CAN1_RX0_IRQHandler
                0x0000000008003a28                USB_HP_CAN1_TX_IRQHandler
                0x0000000008003a28                DMA1_Channel3_IRQHandler
                0x0000000008003a28                FSMC_IRQHandler
                0x0000000008003a28                TIM1_UP_IRQHandler
                0x0000000008003a28                WWDG_IRQHandler
                0x0000000008003a28                TIM2_IRQHandler
                0x0000000008003a28                TIM1_BRK_IRQHandler
                0x0000000008003a28                EXTI1_IRQHandler
                0x0000000008003a28                DMA2_Channel4_5_IRQHandler
                0x0000000008003a28                USART2_IRQHandler
                0x0000000008003a28                I2C2_ER_IRQHandler
                0x0000000008003a28                DMA1_Channel2_IRQHandler
                0x0000000008003a28                TIM8_BRK_IRQHandler
                0x0000000008003a28                CAN1_SCE_IRQHandler
                0x0000000008003a28                FLASH_IRQHandler
                0x0000000008003a28                USART1_IRQHandler
                0x0000000008003a28                SPI3_IRQHandler
                0x0000000008003a28                I2C1_ER_IRQHandler
                0x0000000008003a28                USBWakeUp_IRQHandler
                0x0000000008003a28                DMA2_Channel3_IRQHandler
 *fill*         0x0000000008003a2a        0x2 
 .text.HAL_Init
                0x0000000008003a2c       0x24 ./Drivers/STM32F1xx_HAL_Driver/Src/stm32f1xx_hal.o
                0x0000000008003a2c                HAL_Init
 .text.HAL_IncTick
                0x0000000008003a50       0x18 ./Drivers/STM32F1xx_HAL_Driver/Src/stm32f1xx_hal.o
                0x0000000008003a50                HAL_IncTick
 .text.HAL_GetTick
                0x0000000008003a68        0xc ./Drivers/STM32F1xx_HAL_Driver/Src/stm32f1xx_hal.o
                0x0000000008003a68                HAL_GetTick
 .text.HAL_Delay
                0x0000000008003a74       0x24 ./Drivers/STM32F1xx_HAL_Driver/Src/stm32f1xx_hal.o
                0x0000000008003a74                HAL_Delay
 .text.HAL_ADC_ConfigChannel
                0x0000000008003a98       0xfc ./Drivers/STM32F1xx_HAL_Driver/Src/stm32f1xx_hal_adc.o
                0x0000000008003a98                HAL_ADC_ConfigChannel
 .text.ADC_ConversionStop_Disable
                0x0000000008003b94       0x4c ./Drivers/STM32F1xx_HAL_Driver/Src/stm32f1xx_hal_adc.o
                0x0000000008003b94                ADC_ConversionStop_Disable
 .text.HAL_ADC_Init
                0x0000000008003be0      0x114 ./Drivers/STM32F1xx_HAL_Driver/Src/stm32f1xx_hal_adc.o
                0x0000000008003be0                HAL_ADC_Init
 .text.HAL_NVIC_SetPriorityGrouping
                0x0000000008003cf4       0x24 ./Drivers/STM32F1xx_HAL_Driver/Src/stm32f1xx_hal_cortex.o
                0x0000000008003cf4                HAL_NVIC_SetPriorityGrouping
 .text.HAL_NVIC_SetPriority
                0x0000000008003d18       0x64 ./Drivers/STM32F1xx_HAL_Driver/Src/stm32f1xx_hal_cortex.o
                0x0000000008003d18                HAL_NVIC_SetPriority
 .text.HAL_NVIC_EnableIRQ
                0x0000000008003d7c       0x1c ./Drivers/STM32F1xx_HAL_Driver/Src/stm32f1xx_hal_cortex.o
                0x0000000008003d7c                HAL_NVIC_EnableIRQ
 .text.HAL_GPIO_Init
                0x0000000008003d98      0x1d0 ./Drivers/STM32F1xx_HAL_Driver/Src/stm32f1xx_hal_gpio.o
                0x0000000008003d98                HAL_GPIO_Init
 .text.HAL_GPIO_ReadPin
                0x0000000008003f68        0xc ./Drivers/STM32F1xx_HAL_Driver/Src/stm32f1xx_hal_gpio.o
                0x0000000008003f68                HAL_GPIO_ReadPin
 .text.HAL_GPIO_WritePin
                0x0000000008003f74        0xa ./Drivers/STM32F1xx_HAL_Driver/Src/stm32f1xx_hal_gpio.o
                0x0000000008003f74                HAL_GPIO_WritePin
 .text.I2C_IsAcknowledgeFailed
                0x0000000008003f7e       0x32 ./Drivers/STM32F1xx_HAL_Driver/Src/stm32f1xx_hal_i2c.o
 .text.I2C_WaitOnFlagUntilTimeout
                0x0000000008003fb0       0x64 ./Drivers/STM32F1xx_HAL_Driver/Src/stm32f1xx_hal_i2c.o
 .text.I2C_WaitOnMasterAddressFlagUntilTimeout
                0x0000000008004014       0x76 ./Drivers/STM32F1xx_HAL_Driver/Src/stm32f1xx_hal_i2c.o
 .text.I2C_WaitOnRXNEFlagUntilTimeout
                0x000000000800408a       0x5e ./Drivers/STM32F1xx_HAL_Driver/Src/stm32f1xx_hal_i2c.o
 .text.I2C_WaitOnBTFFlagUntilTimeout
                0x00000000080040e8       0x4c ./Drivers/STM32F1xx_HAL_Driver/Src/stm32f1xx_hal_i2c.o
 .text.I2C_WaitOnTXEFlagUntilTimeout
                0x0000000008004134       0x4c ./Drivers/STM32F1xx_HAL_Driver/Src/stm32f1xx_hal_i2c.o
 .text.I2C_RequestMemoryWrite
                0x0000000008004180       0xb0 ./Drivers/STM32F1xx_HAL_Driver/Src/stm32f1xx_hal_i2c.o
 .text.I2C_RequestMemoryRead
                0x0000000008004230      0x104 ./Drivers/STM32F1xx_HAL_Driver/Src/stm32f1xx_hal_i2c.o
 .text.HAL_I2C_Init
                0x0000000008004334      0x150 ./Drivers/STM32F1xx_HAL_Driver/Src/stm32f1xx_hal_i2c.o
                0x0000000008004334                HAL_I2C_Init
 .text.HAL_I2C_Mem_Write
                0x0000000008004484      0x120 ./Drivers/STM32F1xx_HAL_Driver/Src/stm32f1xx_hal_i2c.o
                0x0000000008004484                HAL_I2C_Mem_Write
 .text.HAL_I2C_Mem_Read
                0x00000000080045a4      0x27c ./Drivers/STM32F1xx_HAL_Driver/Src/stm32f1xx_hal_i2c.o
                0x00000000080045a4                HAL_I2C_Mem_Read
 .text.HAL_RCC_OscConfig
                0x0000000008004820      0x338 ./Drivers/STM32F1xx_HAL_Driver/Src/stm32f1xx_hal_rcc.o
                0x0000000008004820                HAL_RCC_OscConfig
 .text.HAL_RCC_GetSysClockFreq
                0x0000000008004b58       0x74 ./Drivers/STM32F1xx_HAL_Driver/Src/stm32f1xx_hal_rcc.o
                0x0000000008004b58                HAL_RCC_GetSysClockFreq
 .text.HAL_RCC_ClockConfig
                0x0000000008004bcc      0x138 ./Drivers/STM32F1xx_HAL_Driver/Src/stm32f1xx_hal_rcc.o
                0x0000000008004bcc                HAL_RCC_ClockConfig
 .text.HAL_RCC_GetPCLK1Freq
                0x0000000008004d04       0x20 ./Drivers/STM32F1xx_HAL_Driver/Src/stm32f1xx_hal_rcc.o
                0x0000000008004d04                HAL_RCC_GetPCLK1Freq
 .text.HAL_RCC_GetPCLK2Freq
                0x0000000008004d24       0x20 ./Drivers/STM32F1xx_HAL_Driver/Src/stm32f1xx_hal_rcc.o
                0x0000000008004d24                HAL_RCC_GetPCLK2Freq
 .text.HAL_RCC_GetClockConfig
                0x0000000008004d44       0x3c ./Drivers/STM32F1xx_HAL_Driver/Src/stm32f1xx_hal_rcc.o
                0x0000000008004d44                HAL_RCC_GetClockConfig
 .text.HAL_RCCEx_PeriphCLKConfig
                0x0000000008004d80       0xf4 ./Drivers/STM32F1xx_HAL_Driver/Src/stm32f1xx_hal_rcc_ex.o
                0x0000000008004d80                HAL_RCCEx_PeriphCLKConfig
 .text.TIM_OC1_SetConfig
                0x0000000008004e74       0x64 ./Drivers/STM32F1xx_HAL_Driver/Src/stm32f1xx_hal_tim.o
 .text.TIM_OC3_SetConfig
                0x0000000008004ed8       0x6c ./Drivers/STM32F1xx_HAL_Driver/Src/stm32f1xx_hal_tim.o
 .text.TIM_OC4_SetConfig
                0x0000000008004f44       0x4c ./Drivers/STM32F1xx_HAL_Driver/Src/stm32f1xx_hal_tim.o
 .text.HAL_TIM_Base_MspInit
                0x0000000008004f90        0x2 ./Drivers/STM32F1xx_HAL_Driver/Src/stm32f1xx_hal_tim.o
                0x0000000008004f90                HAL_TIM_Base_MspInit
 *fill*         0x0000000008004f92        0x2 
 .text.HAL_TIM_Base_Start
                0x0000000008004f94       0x5c ./Drivers/STM32F1xx_HAL_Driver/Src/stm32f1xx_hal_tim.o
                0x0000000008004f94                HAL_TIM_Base_Start
 .text.HAL_TIM_Base_Start_IT
                0x0000000008004ff0       0x64 ./Drivers/STM32F1xx_HAL_Driver/Src/stm32f1xx_hal_tim.o
                0x0000000008004ff0                HAL_TIM_Base_Start_IT
 .text.HAL_TIM_Encoder_Start
                0x0000000008005054       0xb6 ./Drivers/STM32F1xx_HAL_Driver/Src/stm32f1xx_hal_tim.o
                0x0000000008005054                HAL_TIM_Encoder_Start
 .text.HAL_TIM_OC_DelayElapsedCallback
                0x000000000800510a        0x2 ./Drivers/STM32F1xx_HAL_Driver/Src/stm32f1xx_hal_tim.o
                0x000000000800510a                HAL_TIM_OC_DelayElapsedCallback
 .text.HAL_TIM_PWM_PulseFinishedCallback
                0x000000000800510c        0x2 ./Drivers/STM32F1xx_HAL_Driver/Src/stm32f1xx_hal_tim.o
                0x000000000800510c                HAL_TIM_PWM_PulseFinishedCallback
 .text.HAL_TIM_TriggerCallback
                0x000000000800510e        0x2 ./Drivers/STM32F1xx_HAL_Driver/Src/stm32f1xx_hal_tim.o
                0x000000000800510e                HAL_TIM_TriggerCallback
 .text.HAL_TIM_IRQHandler
                0x0000000008005110      0x144 ./Drivers/STM32F1xx_HAL_Driver/Src/stm32f1xx_hal_tim.o
                0x0000000008005110                HAL_TIM_IRQHandler
 .text.TIM_Base_SetConfig
                0x0000000008005254       0x98 ./Drivers/STM32F1xx_HAL_Driver/Src/stm32f1xx_hal_tim.o
                0x0000000008005254                TIM_Base_SetConfig
 .text.HAL_TIM_Base_Init
                0x00000000080052ec       0x58 ./Drivers/STM32F1xx_HAL_Driver/Src/stm32f1xx_hal_tim.o
                0x00000000080052ec                HAL_TIM_Base_Init
 .text.HAL_TIM_PWM_Init
                0x0000000008005344       0x58 ./Drivers/STM32F1xx_HAL_Driver/Src/stm32f1xx_hal_tim.o
                0x0000000008005344                HAL_TIM_PWM_Init
 .text.HAL_TIM_IC_Init
                0x000000000800539c       0x58 ./Drivers/STM32F1xx_HAL_Driver/Src/stm32f1xx_hal_tim.o
                0x000000000800539c                HAL_TIM_IC_Init
 .text.HAL_TIM_Encoder_Init
                0x00000000080053f4       0xaa ./Drivers/STM32F1xx_HAL_Driver/Src/stm32f1xx_hal_tim.o
                0x00000000080053f4                HAL_TIM_Encoder_Init
 *fill*         0x000000000800549e        0x2 
 .text.TIM_OC2_SetConfig
                0x00000000080054a0       0x6c ./Drivers/STM32F1xx_HAL_Driver/Src/stm32f1xx_hal_tim.o
                0x00000000080054a0                TIM_OC2_SetConfig
 .text.HAL_TIM_PWM_ConfigChannel
                0x000000000800550c       0xb6 ./Drivers/STM32F1xx_HAL_Driver/Src/stm32f1xx_hal_tim.o
                0x000000000800550c                HAL_TIM_PWM_ConfigChannel
 *fill*         0x00000000080055c2        0x2 
 .text.TIM_TI1_SetConfig
                0x00000000080055c4       0x64 ./Drivers/STM32F1xx_HAL_Driver/Src/stm32f1xx_hal_tim.o
                0x00000000080055c4                TIM_TI1_SetConfig
 .text.HAL_TIM_IC_ConfigChannel
                0x0000000008005628      0x108 ./Drivers/STM32F1xx_HAL_Driver/Src/stm32f1xx_hal_tim.o
                0x0000000008005628                HAL_TIM_IC_ConfigChannel
 .text.TIM_ETR_SetConfig
                0x0000000008005730       0x14 ./Drivers/STM32F1xx_HAL_Driver/Src/stm32f1xx_hal_tim.o
                0x0000000008005730                TIM_ETR_SetConfig
 .text.TIM_SlaveTimer_SetConfig
                0x0000000008005744       0xa4 ./Drivers/STM32F1xx_HAL_Driver/Src/stm32f1xx_hal_tim.o
 .text.HAL_TIM_SlaveConfigSynchro
                0x00000000080057e8       0x4e ./Drivers/STM32F1xx_HAL_Driver/Src/stm32f1xx_hal_tim.o
                0x00000000080057e8                HAL_TIM_SlaveConfigSynchro
 .text.TIM_CCxChannelCmd
                0x0000000008005836       0x1c ./Drivers/STM32F1xx_HAL_Driver/Src/stm32f1xx_hal_tim.o
                0x0000000008005836                TIM_CCxChannelCmd
 *fill*         0x0000000008005852        0x2 
 .text.HAL_TIM_OC_Start
                0x0000000008005854       0xc0 ./Drivers/STM32F1xx_HAL_Driver/Src/stm32f1xx_hal_tim.o
                0x0000000008005854                HAL_TIM_OC_Start
 .text.HAL_TIM_PWM_Start
                0x0000000008005914        0x4 ./Drivers/STM32F1xx_HAL_Driver/Src/stm32f1xx_hal_tim.o
                0x0000000008005914                HAL_TIM_PWM_Start
 .text.HAL_TIM_IC_Start_IT
                0x0000000008005918       0xf0 ./Drivers/STM32F1xx_HAL_Driver/Src/stm32f1xx_hal_tim.o
                0x0000000008005918                HAL_TIM_IC_Start_IT
 .text.HAL_TIM_IC_Stop_IT
                0x0000000008005a08       0x94 ./Drivers/STM32F1xx_HAL_Driver/Src/stm32f1xx_hal_tim.o
                0x0000000008005a08                HAL_TIM_IC_Stop_IT
 .text.HAL_TIMEx_MasterConfigSynchronization
                0x0000000008005a9c       0x6c ./Drivers/STM32F1xx_HAL_Driver/Src/stm32f1xx_hal_tim_ex.o
                0x0000000008005a9c                HAL_TIMEx_MasterConfigSynchronization
 .text.HAL_TIMEx_CommutCallback
                0x0000000008005b08        0x2 ./Drivers/STM32F1xx_HAL_Driver/Src/stm32f1xx_hal_tim_ex.o
                0x0000000008005b08                HAL_TIMEx_CommutCallback
 .text.HAL_TIMEx_BreakCallback
                0x0000000008005b0a        0x2 ./Drivers/STM32F1xx_HAL_Driver/Src/stm32f1xx_hal_tim_ex.o
                0x0000000008005b0a                HAL_TIMEx_BreakCallback
 .text.UART_SetConfig
                0x0000000008005b0c       0x74 ./Drivers/STM32F1xx_HAL_Driver/Src/stm32f1xx_hal_uart.o
 .text.UART_WaitOnFlagUntilTimeout.constprop.0
                0x0000000008005b80       0x50 ./Drivers/STM32F1xx_HAL_Driver/Src/stm32f1xx_hal_uart.o
 .text.HAL_UART_Init
                0x0000000008005bd0       0x5c ./Drivers/STM32F1xx_HAL_Driver/Src/stm32f1xx_hal_uart.o
                0x0000000008005bd0                HAL_UART_Init
 .text.HAL_UART_Transmit
                0x0000000008005c2c       0xaa ./Drivers/STM32F1xx_HAL_Driver/Src/stm32f1xx_hal_uart.o
                0x0000000008005c2c                HAL_UART_Transmit
 .text.HAL_UART_Receive
                0x0000000008005cd6       0xbc ./Drivers/STM32F1xx_HAL_Driver/Src/stm32f1xx_hal_uart.o
                0x0000000008005cd6                HAL_UART_Receive
 *fill*         0x0000000008005d92        0x2 
 .text.osKernelInitialize
                0x0000000008005d94       0x38 ./Middlewares/Third_Party/FreeRTOS/Source/CMSIS_RTOS_V2/cmsis_os2.o
                0x0000000008005d94                osKernelInitialize
 .text.osKernelStart
                0x0000000008005dcc       0x40 ./Middlewares/Third_Party/FreeRTOS/Source/CMSIS_RTOS_V2/cmsis_os2.o
                0x0000000008005dcc                osKernelStart
 .text.osThreadNew
                0x0000000008005e0c       0xbc ./Middlewares/Third_Party/FreeRTOS/Source/CMSIS_RTOS_V2/cmsis_os2.o
                0x0000000008005e0c                osThreadNew
 .text.osDelay  0x0000000008005ec8       0x38 ./Middlewares/Third_Party/FreeRTOS/Source/CMSIS_RTOS_V2/cmsis_os2.o
                0x0000000008005ec8                osDelay
 .text.vApplicationGetIdleTaskMemory
                0x0000000008005f00       0x18 ./Middlewares/Third_Party/FreeRTOS/Source/CMSIS_RTOS_V2/cmsis_os2.o
                0x0000000008005f00                vApplicationGetIdleTaskMemory
 .text.vApplicationGetTimerTaskMemory
                0x0000000008005f18       0x18 ./Middlewares/Third_Party/FreeRTOS/Source/CMSIS_RTOS_V2/cmsis_os2.o
                0x0000000008005f18                vApplicationGetTimerTaskMemory
 .text.vListInitialise
                0x0000000008005f30       0x16 ./Middlewares/Third_Party/FreeRTOS/Source/list.o
                0x0000000008005f30                vListInitialise
 .text.vListInitialiseItem
                0x0000000008005f46        0x6 ./Middlewares/Third_Party/FreeRTOS/Source/list.o
                0x0000000008005f46                vListInitialiseItem
 .text.vListInsertEnd
                0x0000000008005f4c       0x18 ./Middlewares/Third_Party/FreeRTOS/Source/list.o
                0x0000000008005f4c                vListInsertEnd
 .text.vListInsert
                0x0000000008005f64       0x2e ./Middlewares/Third_Party/FreeRTOS/Source/list.o
                0x0000000008005f64                vListInsert
 .text.uxListRemove
                0x0000000008005f92       0x20 ./Middlewares/Third_Party/FreeRTOS/Source/list.o
                0x0000000008005f92                uxListRemove
 .text.prvIsQueueEmpty
                0x0000000008005fb2       0x16 ./Middlewares/Third_Party/FreeRTOS/Source/queue.o
 .text.prvCopyDataToQueue
                0x0000000008005fc8       0x6a ./Middlewares/Third_Party/FreeRTOS/Source/queue.o
 .text.prvCopyDataFromQueue
                0x0000000008006032       0x28 ./Middlewares/Third_Party/FreeRTOS/Source/queue.o
 .text.prvUnlockQueue
                0x000000000800605a       0x70 ./Middlewares/Third_Party/FreeRTOS/Source/queue.o
 .text.xQueueGenericReset
                0x00000000080060ca       0x7e ./Middlewares/Third_Party/FreeRTOS/Source/queue.o
                0x00000000080060ca                xQueueGenericReset
 .text.xQueueGenericCreateStatic
                0x0000000008006148       0x9a ./Middlewares/Third_Party/FreeRTOS/Source/queue.o
                0x0000000008006148                xQueueGenericCreateStatic
 .text.xQueueGenericSend
                0x00000000080061e2      0x166 ./Middlewares/Third_Party/FreeRTOS/Source/queue.o
                0x00000000080061e2                xQueueGenericSend
 .text.xQueueGenericSendFromISR
                0x0000000008006348       0xc2 ./Middlewares/Third_Party/FreeRTOS/Source/queue.o
                0x0000000008006348                xQueueGenericSendFromISR
 .text.xQueueReceive
                0x000000000800640a      0x13e ./Middlewares/Third_Party/FreeRTOS/Source/queue.o
                0x000000000800640a                xQueueReceive
 .text.vQueueAddToRegistry
                0x0000000008006548       0x24 ./Middlewares/Third_Party/FreeRTOS/Source/queue.o
                0x0000000008006548                vQueueAddToRegistry
 .text.vQueueWaitForMessageRestricted
                0x000000000800656c       0x46 ./Middlewares/Third_Party/FreeRTOS/Source/queue.o
                0x000000000800656c                vQueueWaitForMessageRestricted
 *fill*         0x00000000080065b2        0x2 
 .text.prvAddNewTaskToReadyList
                0x00000000080065b4      0x100 ./Middlewares/Third_Party/FreeRTOS/Source/tasks.o
 .text.prvAddCurrentTaskToDelayedList
                0x00000000080066b4       0x70 ./Middlewares/Third_Party/FreeRTOS/Source/tasks.o
 .text.prvGetExpectedIdleTime
                0x0000000008006724       0x3c ./Middlewares/Third_Party/FreeRTOS/Source/tasks.o
 .text.prvResetNextTaskUnblockTime
                0x0000000008006760       0x24 ./Middlewares/Third_Party/FreeRTOS/Source/tasks.o
 .text.prvDeleteTCB
                0x0000000008006784       0x3c ./Middlewares/Third_Party/FreeRTOS/Source/tasks.o
 .text.prvInitialiseNewTask.constprop.0
                0x00000000080067c0       0xb4 ./Middlewares/Third_Party/FreeRTOS/Source/tasks.o
 .text.xTaskCreateStatic
                0x0000000008006874       0x6e ./Middlewares/Third_Party/FreeRTOS/Source/tasks.o
                0x0000000008006874                xTaskCreateStatic
 .text.xTaskCreate
                0x00000000080068e2       0x5a ./Middlewares/Third_Party/FreeRTOS/Source/tasks.o
                0x00000000080068e2                xTaskCreate
 .text.vTaskStartScheduler
                0x000000000800693c       0xa0 ./Middlewares/Third_Party/FreeRTOS/Source/tasks.o
                0x000000000800693c                vTaskStartScheduler
 .text.vTaskSuspendAll
                0x00000000080069dc       0x10 ./Middlewares/Third_Party/FreeRTOS/Source/tasks.o
                0x00000000080069dc                vTaskSuspendAll
 .text.xTaskGetTickCount
                0x00000000080069ec        0xc ./Middlewares/Third_Party/FreeRTOS/Source/tasks.o
                0x00000000080069ec                xTaskGetTickCount
 .text.vTaskStepTick
                0x00000000080069f8       0x30 ./Middlewares/Third_Party/FreeRTOS/Source/tasks.o
                0x00000000080069f8                vTaskStepTick
 .text.xTaskIncrementTick
                0x0000000008006a28      0x120 ./Middlewares/Third_Party/FreeRTOS/Source/tasks.o
                0x0000000008006a28                xTaskIncrementTick
 .text.xTaskResumeAll
                0x0000000008006b48       0xe8 ./Middlewares/Third_Party/FreeRTOS/Source/tasks.o
                0x0000000008006b48                xTaskResumeAll
 .text.vTaskDelay
                0x0000000008006c30       0x48 ./Middlewares/Third_Party/FreeRTOS/Source/tasks.o
                0x0000000008006c30                vTaskDelay
 .text.prvIdleTask
                0x0000000008006c78       0xa4 ./Middlewares/Third_Party/FreeRTOS/Source/tasks.o
 .text.vTaskSwitchContext
                0x0000000008006d1c       0x84 ./Middlewares/Third_Party/FreeRTOS/Source/tasks.o
                0x0000000008006d1c                vTaskSwitchContext
 .text.vTaskPlaceOnEventList
                0x0000000008006da0       0x34 ./Middlewares/Third_Party/FreeRTOS/Source/tasks.o
                0x0000000008006da0                vTaskPlaceOnEventList
 .text.vTaskPlaceOnEventListRestricted
                0x0000000008006dd4       0x40 ./Middlewares/Third_Party/FreeRTOS/Source/tasks.o
                0x0000000008006dd4                vTaskPlaceOnEventListRestricted
 .text.xTaskRemoveFromEventList
                0x0000000008006e14       0x84 ./Middlewares/Third_Party/FreeRTOS/Source/tasks.o
                0x0000000008006e14                xTaskRemoveFromEventList
 .text.vTaskInternalSetTimeOutState
                0x0000000008006e98       0x18 ./Middlewares/Third_Party/FreeRTOS/Source/tasks.o
                0x0000000008006e98                vTaskInternalSetTimeOutState
 .text.xTaskCheckForTimeOut
                0x0000000008006eb0       0x78 ./Middlewares/Third_Party/FreeRTOS/Source/tasks.o
                0x0000000008006eb0                xTaskCheckForTimeOut
 .text.vTaskMissedYield
                0x0000000008006f28        0xc ./Middlewares/Third_Party/FreeRTOS/Source/tasks.o
                0x0000000008006f28                vTaskMissedYield
 .text.eTaskConfirmSleepModeStatus
                0x0000000008006f34       0x34 ./Middlewares/Third_Party/FreeRTOS/Source/tasks.o
                0x0000000008006f34                eTaskConfirmSleepModeStatus
 .text.xTaskGetSchedulerState
                0x0000000008006f68       0x20 ./Middlewares/Third_Party/FreeRTOS/Source/tasks.o
                0x0000000008006f68                xTaskGetSchedulerState
 .text.xTaskPriorityDisinherit
                0x0000000008006f88       0x84 ./Middlewares/Third_Party/FreeRTOS/Source/tasks.o
                0x0000000008006f88                xTaskPriorityDisinherit
 .text.ulTaskNotifyTake
                0x000000000800700c       0x6c ./Middlewares/Third_Party/FreeRTOS/Source/tasks.o
                0x000000000800700c                ulTaskNotifyTake
 .text.xTaskGenericNotify
                0x0000000008007078       0xdc ./Middlewares/Third_Party/FreeRTOS/Source/tasks.o
                0x0000000008007078                xTaskGenericNotify
 .text.vTaskNotifyGiveFromISR
                0x0000000008007154       0xc8 ./Middlewares/Third_Party/FreeRTOS/Source/tasks.o
                0x0000000008007154                vTaskNotifyGiveFromISR
 .text.prvCheckForValidListAndQueue
                0x000000000800721c       0x68 ./Middlewares/Third_Party/FreeRTOS/Source/timers.o
 .text.prvInsertTimerInActiveList
                0x0000000008007284       0x3c ./Middlewares/Third_Party/FreeRTOS/Source/timers.o
 .text.xTimerCreateTimerTask
                0x00000000080072c0       0x64 ./Middlewares/Third_Party/FreeRTOS/Source/timers.o
                0x00000000080072c0                xTimerCreateTimerTask
 .text.xTimerGenericCommand
                0x0000000008007324       0x58 ./Middlewares/Third_Party/FreeRTOS/Source/timers.o
                0x0000000008007324                xTimerGenericCommand
 .text.prvSampleTimeNow
                0x000000000800737c       0xa8 ./Middlewares/Third_Party/FreeRTOS/Source/timers.o
 .text.prvTimerTask
                0x0000000008007424      0x1b8 ./Middlewares/Third_Party/FreeRTOS/Source/timers.o
 .text.prvPortStartFirstTask
                0x00000000080075dc       0x20 ./Middlewares/Third_Party/FreeRTOS/Source/portable/GCC/ARM_CM3/port.o
 .text.prvTaskExitError
                0x00000000080075fc       0x40 ./Middlewares/Third_Party/FreeRTOS/Source/portable/GCC/ARM_CM3/port.o
 .text.pxPortInitialiseStack
                0x000000000800763c       0x24 ./Middlewares/Third_Party/FreeRTOS/Source/portable/GCC/ARM_CM3/port.o
                0x000000000800763c                pxPortInitialiseStack
 .text.SVC_Handler
                0x0000000008007660       0x24 ./Middlewares/Third_Party/FreeRTOS/Source/portable/GCC/ARM_CM3/port.o
                0x0000000008007660                SVC_Handler
 .text.vPortEnterCritical
                0x0000000008007684       0x40 ./Middlewares/Third_Party/FreeRTOS/Source/portable/GCC/ARM_CM3/port.o
                0x0000000008007684                vPortEnterCritical
 .text.vPortExitCritical
                0x00000000080076c4       0x28 ./Middlewares/Third_Party/FreeRTOS/Source/portable/GCC/ARM_CM3/port.o
                0x00000000080076c4                vPortExitCritical
 *fill*         0x00000000080076ec        0x4 
 .text.PendSV_Handler
                0x00000000080076f0       0x44 ./Middlewares/Third_Party/FreeRTOS/Source/portable/GCC/ARM_CM3/port.o
                0x00000000080076f0                PendSV_Handler
 .text.SysTick_Handler
                0x0000000008007734       0x2c ./Middlewares/Third_Party/FreeRTOS/Source/portable/GCC/ARM_CM3/port.o
                0x0000000008007734                SysTick_Handler
 .text.vPortSuppressTicksAndSleep
                0x0000000008007760      0x110 ./Middlewares/Third_Party/FreeRTOS/Source/portable/GCC/ARM_CM3/port.o
                0x0000000008007760                vPortSuppressTicksAndSleep
 .text.vPortSetupTimerInterrupt
                0x0000000008007870       0x4c ./Middlewares/Third_Party/FreeRTOS/Source/portable/GCC/ARM_CM3/port.o
                0x0000000008007870                vPortSetupTimerInterrupt
 .text.xPortStartScheduler
                0x00000000080078bc       0xb8 ./Middlewares/Third_Party/FreeRTOS/Source/portable/GCC/ARM_CM3/port.o
                0x00000000080078bc                xPortStartScheduler
 .text.vPortValidateInterruptPriority
                0x0000000008007974       0x5c ./Middlewares/Third_Party/FreeRTOS/Source/portable/GCC/ARM_CM3/port.o
                0x0000000008007974                vPortValidateInterruptPriority
 .text.prvInsertBlockIntoFreeList
                0x00000000080079d0       0x48 ./Middlewares/Third_Party/FreeRTOS/Source/portable/MemMang/heap_4.o
 .text.pvPortMalloc
                0x0000000008007a18      0x120 ./Middlewares/Third_Party/FreeRTOS/Source/portable/MemMang/heap_4.o
                0x0000000008007a18                pvPortMalloc
 .text.vPortFree
                0x0000000008007b38       0x70 ./Middlewares/Third_Party/FreeRTOS/Source/portable/MemMang/heap_4.o
                0x0000000008007b38                vPortFree
 .text.__errno  0x0000000008007ba8        0xc d:/softwares/stm32cubeide_1.10.0/stm32cubeide/plugins/com.st.stm32cube.ide.mcu.externaltools.gnu-tools-for-stm32.10.3-2021.10.win32_1.0.0.202111181127/tools/bin/../lib/gcc/arm-none-eabi/10.3.1/../../../../arm-none-eabi/lib/thumb/v7-m/nofp\libc_nano.a(lib_a-errno.o)
                0x0000000008007ba8                __errno
 .text.__libc_init_array
                0x0000000008007bb4       0x48 d:/softwares/stm32cubeide_1.10.0/stm32cubeide/plugins/com.st.stm32cube.ide.mcu.externaltools.gnu-tools-for-stm32.10.3-2021.10.win32_1.0.0.202111181127/tools/bin/../lib/gcc/arm-none-eabi/10.3.1/../../../../arm-none-eabi/lib/thumb/v7-m/nofp\libc_nano.a(lib_a-init.o)
                0x0000000008007bb4                __libc_init_array
 .text.__retarget_lock_acquire_recursive
                0x0000000008007bfc        0x2 d:/softwares/stm32cubeide_1.10.0/stm32cubeide/plugins/com.st.stm32cube.ide.mcu.externaltools.gnu-tools-for-stm32.10.3-2021.10.win32_1.0.0.202111181127/tools/bin/../lib/gcc/arm-none-eabi/10.3.1/../../../../arm-none-eabi/lib/thumb/v7-m/nofp\libc_nano.a(lib_a-lock.o)
                0x0000000008007bfc                __retarget_lock_acquire_recursive
 .text.__retarget_lock_release_recursive
                0x0000000008007bfe        0x2 d:/softwares/stm32cubeide_1.10.0/stm32cubeide/plugins/com.st.stm32cube.ide.mcu.externaltools.gnu-tools-for-stm32.10.3-2021.10.win32_1.0.0.202111181127/tools/bin/../lib/gcc/arm-none-eabi/10.3.1/../../../../arm-none-eabi/lib/thumb/v7-m/nofp\libc_nano.a(lib_a-lock.o)
                0x0000000008007bfe                __retarget_lock_release_recursive
 .text.memcpy   0x0000000008007c00       0x1c d:/softwares/stm32cubeide_1.10.0/stm32cubeide/plugins/com.st.stm32cube.ide.mcu.externaltools.gnu-tools-for-stm32.10.3-2021.10.win32_1.0.0.202111181127/tools/bin/../lib/gcc/arm-none-eabi/10.3.1/../../../../arm-none-eabi/lib/thumb/v7-m/nofp\libc_nano.a(lib_a-memcpy-stub.o)
                0x0000000008007c00                memcpy
 .text.memset   0x0000000008007c1c       0x10 d:/softwares/stm32cubeide_1.10.0/stm32cubeide/plugins/com.st.stm32cube.ide.mcu.externaltools.gnu-tools-for-stm32.10.3-2021.10.win32_1.0.0.202111181127/tools/bin/../lib/gcc/arm-none-eabi/10.3.1/../../../../arm-none-eabi/lib/thumb/v7-m/nofp\libc_nano.a(lib_a-memset.o)
                0x0000000008007c1c                memset
 .text.sbrk_aligned
                0x0000000008007c2c       0x40 d:/softwares/stm32cubeide_1.10.0/stm32cubeide/plugins/com.st.stm32cube.ide.mcu.externaltools.gnu-tools-for-stm32.10.3-2021.10.win32_1.0.0.202111181127/tools/bin/../lib/gcc/arm-none-eabi/10.3.1/../../../../arm-none-eabi/lib/thumb/v7-m/nofp\libc_nano.a(lib_a-nano-mallocr.o)
 .text._malloc_r
                0x0000000008007c6c       0xe8 d:/softwares/stm32cubeide_1.10.0/stm32cubeide/plugins/com.st.stm32cube.ide.mcu.externaltools.gnu-tools-for-stm32.10.3-2021.10.win32_1.0.0.202111181127/tools/bin/../lib/gcc/arm-none-eabi/10.3.1/../../../../arm-none-eabi/lib/thumb/v7-m/nofp\libc_nano.a(lib_a-nano-mallocr.o)
                0x0000000008007c6c                _malloc_r
 .text.cleanup_glue
                0x0000000008007d54       0x1a d:/softwares/stm32cubeide_1.10.0/stm32cubeide/plugins/com.st.stm32cube.ide.mcu.externaltools.gnu-tools-for-stm32.10.3-2021.10.win32_1.0.0.202111181127/tools/bin/../lib/gcc/arm-none-eabi/10.3.1/../../../../arm-none-eabi/lib/thumb/v7-m/nofp\libc_nano.a(lib_a-reent.o)
                0x0000000008007d54                cleanup_glue
 *fill*         0x0000000008007d6e        0x2 
 .text._reclaim_reent
                0x0000000008007d70       0xb8 d:/softwares/stm32cubeide_1.10.0/stm32cubeide/plugins/com.st.stm32cube.ide.mcu.externaltools.gnu-tools-for-stm32.10.3-2021.10.win32_1.0.0.202111181127/tools/bin/../lib/gcc/arm-none-eabi/10.3.1/../../../../arm-none-eabi/lib/thumb/v7-m/nofp\libc_nano.a(lib_a-reent.o)
                0x0000000008007d70                _reclaim_reent
 .text._sbrk_r  0x0000000008007e28       0x20 d:/softwares/stm32cubeide_1.10.0/stm32cubeide/plugins/com.st.stm32cube.ide.mcu.externaltools.gnu-tools-for-stm32.10.3-2021.10.win32_1.0.0.202111181127/tools/bin/../lib/gcc/arm-none-eabi/10.3.1/../../../../arm-none-eabi/lib/thumb/v7-m/nofp\libc_nano.a(lib_a-sbrkr.o)
                0x0000000008007e28                _sbrk_r
 .text.sprintf  0x0000000008007e48       0x40 d:/softwares/stm32cubeide_1.10.0/stm32cubeide/plugins/com.st.stm32cube.ide.mcu.externaltools.gnu-tools-for-stm32.10.3-2021.10.win32_1.0.0.202111181127/tools/bin/../lib/gcc/arm-none-eabi/10.3.1/../../../../arm-none-eabi/lib/thumb/v7-m/nofp\libc_nano.a(lib_a-sprintf.o)
                0x0000000008007e48                siprintf
                0x0000000008007e48                sprintf
 .text.__malloc_lock
                0x0000000008007e88        0xc d:/softwares/stm32cubeide_1.10.0/stm32cubeide/plugins/com.st.stm32cube.ide.mcu.externaltools.gnu-tools-for-stm32.10.3-2021.10.win32_1.0.0.202111181127/tools/bin/../lib/gcc/arm-none-eabi/10.3.1/../../../../arm-none-eabi/lib/thumb/v7-m/nofp\libc_nano.a(lib_a-mlock.o)
                0x0000000008007e88                __malloc_lock
 .text.__malloc_unlock
                0x0000000008007e94        0xc d:/softwares/stm32cubeide_1.10.0/stm32cubeide/plugins/com.st.stm32cube.ide.mcu.externaltools.gnu-tools-for-stm32.10.3-2021.10.win32_1.0.0.202111181127/tools/bin/../lib/gcc/arm-none-eabi/10.3.1/../../../../arm-none-eabi/lib/thumb/v7-m/nofp\libc_nano.a(lib_a-mlock.o)
                0x0000000008007e94                __malloc_unlock
 .text._free_r  0x0000000008007ea0       0x90 d:/softwares/stm32cubeide_1.10.0/stm32cubeide/plugins/com.st.stm32cube.ide.mcu.externaltools.gnu-tools-for-stm32.10.3-2021.10.win32_1.0.0.202111181127/tools/bin/../lib/gcc/arm-none-eabi/10.3.1/../../../../arm-none-eabi/lib/thumb/v7-m/nofp\libc_nano.a(lib_a-nano-freer.o)
                0x0000000008007ea0                _free_r
 .text.__ssputs_r
                0x0000000008007f30       0xb6 d:/softwares/stm32cubeide_1.10.0/stm32cubeide/plugins/com.st.stm32cube.ide.mcu.externaltools.gnu-tools-for-stm32.10.3-2021.10.win32_1.0.0.202111181127/tools/bin/../lib/gcc/arm-none-eabi/10.3.1/../../../../arm-none-eabi/lib/thumb/v7-m/nofp\libc_nano.a(lib_a-nano-svfprintf.o)
                0x0000000008007f30                __ssputs_r
 *fill*         0x0000000008007fe6        0x2 
 .text._svfprintf_r
                0x0000000008007fe8      0x200 d:/softwares/stm32cubeide_1.10.0/stm32cubeide/plugins/com.st.stm32cube.ide.mcu.externaltools.gnu-tools-for-stm32.10.3-2021.10.win32_1.0.0.202111181127/tools/bin/../lib/gcc/arm-none-eabi/10.3.1/../../../../arm-none-eabi/lib/thumb/v7-m/nofp\libc_nano.a(lib_a-nano-svfprintf.o)
                0x0000000008007fe8                _svfiprintf_r
                0x0000000008007fe8                _svfprintf_r
 .text._printf_common
                0x00000000080081e8       0xde d:/softwares/stm32cubeide_1.10.0/stm32cubeide/plugins/com.st.stm32cube.ide.mcu.externaltools.gnu-tools-for-stm32.10.3-2021.10.win32_1.0.0.202111181127/tools/bin/../lib/gcc/arm-none-eabi/10.3.1/../../../../arm-none-eabi/lib/thumb/v7-m/nofp\libc_nano.a(lib_a-nano-vfprintf_i.o)
                0x00000000080081e8                _printf_common
 *fill*         0x00000000080082c6        0x2 
 .text._printf_i
                0x00000000080082c8      0x24c d:/softwares/stm32cubeide_1.10.0/stm32cubeide/plugins/com.st.stm32cube.ide.mcu.externaltools.gnu-tools-for-stm32.10.3-2021.10.win32_1.0.0.202111181127/tools/bin/../lib/gcc/arm-none-eabi/10.3.1/../../../../arm-none-eabi/lib/thumb/v7-m/nofp\libc_nano.a(lib_a-nano-vfprintf_i.o)
                0x00000000080082c8                _printf_i
 .text.memchr   0x0000000008008514       0x1c d:/softwares/stm32cubeide_1.10.0/stm32cubeide/plugins/com.st.stm32cube.ide.mcu.externaltools.gnu-tools-for-stm32.10.3-2021.10.win32_1.0.0.202111181127/tools/bin/../lib/gcc/arm-none-eabi/10.3.1/../../../../arm-none-eabi/lib/thumb/v7-m/nofp\libc_nano.a(lib_a-memchr-stub.o)
                0x0000000008008514                memchr
 .text.memmove  0x0000000008008530       0x34 d:/softwares/stm32cubeide_1.10.0/stm32cubeide/plugins/com.st.stm32cube.ide.mcu.externaltools.gnu-tools-for-stm32.10.3-2021.10.win32_1.0.0.202111181127/tools/bin/../lib/gcc/arm-none-eabi/10.3.1/../../../../arm-none-eabi/lib/thumb/v7-m/nofp\libc_nano.a(lib_a-memmove.o)
                0x0000000008008530                memmove
 .text._realloc_r
                0x0000000008008564       0x5e d:/softwares/stm32cubeide_1.10.0/stm32cubeide/plugins/com.st.stm32cube.ide.mcu.externaltools.gnu-tools-for-stm32.10.3-2021.10.win32_1.0.0.202111181127/tools/bin/../lib/gcc/arm-none-eabi/10.3.1/../../../../arm-none-eabi/lib/thumb/v7-m/nofp\libc_nano.a(lib_a-nano-reallocr.o)
                0x0000000008008564                _realloc_r
 .text._malloc_usable_size_r
                0x00000000080085c2       0x10 d:/softwares/stm32cubeide_1.10.0/stm32cubeide/plugins/com.st.stm32cube.ide.mcu.externaltools.gnu-tools-for-stm32.10.3-2021.10.win32_1.0.0.202111181127/tools/bin/../lib/gcc/arm-none-eabi/10.3.1/../../../../arm-none-eabi/lib/thumb/v7-m/nofp\libc_nano.a(lib_a-nano-msizer.o)
                0x00000000080085c2                _malloc_usable_size_r
 *fill*         0x00000000080085d2        0x2 
 .text.cos      0x00000000080085d4       0x8c d:/softwares/stm32cubeide_1.10.0/stm32cubeide/plugins/com.st.stm32cube.ide.mcu.externaltools.gnu-tools-for-stm32.10.3-2021.10.win32_1.0.0.202111181127/tools/bin/../lib/gcc/arm-none-eabi/10.3.1/../../../../arm-none-eabi/lib/thumb/v7-m/nofp\libm.a(lib_a-s_cos.o)
                0x00000000080085d4                cos
 .text.sin      0x0000000008008660       0x8c d:/softwares/stm32cubeide_1.10.0/stm32cubeide/plugins/com.st.stm32cube.ide.mcu.externaltools.gnu-tools-for-stm32.10.3-2021.10.win32_1.0.0.202111181127/tools/bin/../lib/gcc/arm-none-eabi/10.3.1/../../../../arm-none-eabi/lib/thumb/v7-m/nofp\libm.a(lib_a-s_sin.o)
                0x0000000008008660                sin
 .text.tan      0x00000000080086ec       0x54 d:/softwares/stm32cubeide_1.10.0/stm32cubeide/plugins/com.st.stm32cube.ide.mcu.externaltools.gnu-tools-for-stm32.10.3-2021.10.win32_1.0.0.202111181127/tools/bin/../lib/gcc/arm-none-eabi/10.3.1/../../../../arm-none-eabi/lib/thumb/v7-m/nofp\libm.a(lib_a-s_tan.o)
                0x00000000080086ec                tan
 .text.__ieee754_rem_pio2
                0x0000000008008740      0x3f0 d:/softwares/stm32cubeide_1.10.0/stm32cubeide/plugins/com.st.stm32cube.ide.mcu.externaltools.gnu-tools-for-stm32.10.3-2021.10.win32_1.0.0.202111181127/tools/bin/../lib/gcc/arm-none-eabi/10.3.1/../../../../arm-none-eabi/lib/thumb/v7-m/nofp\libm.a(lib_a-e_rem_pio2.o)
                0x0000000008008740                __ieee754_rem_pio2
 .text.__kernel_cos
                0x0000000008008b30      0x17c d:/softwares/stm32cubeide_1.10.0/stm32cubeide/plugins/com.st.stm32cube.ide.mcu.externaltools.gnu-tools-for-stm32.10.3-2021.10.win32_1.0.0.202111181127/tools/bin/../lib/gcc/arm-none-eabi/10.3.1/../../../../arm-none-eabi/lib/thumb/v7-m/nofp\libm.a(lib_a-k_cos.o)
                0x0000000008008b30                __kernel_cos
 .text.__kernel_rem_pio2
                0x0000000008008cac      0x684 d:/softwares/stm32cubeide_1.10.0/stm32cubeide/plugins/com.st.stm32cube.ide.mcu.externaltools.gnu-tools-for-stm32.10.3-2021.10.win32_1.0.0.202111181127/tools/bin/../lib/gcc/arm-none-eabi/10.3.1/../../../../arm-none-eabi/lib/thumb/v7-m/nofp\libm.a(lib_a-k_rem_pio2.o)
                0x0000000008008cac                __kernel_rem_pio2
 .text.__kernel_sin
                0x0000000008009330      0x16c d:/softwares/stm32cubeide_1.10.0/stm32cubeide/plugins/com.st.stm32cube.ide.mcu.externaltools.gnu-tools-for-stm32.10.3-2021.10.win32_1.0.0.202111181127/tools/bin/../lib/gcc/arm-none-eabi/10.3.1/../../../../arm-none-eabi/lib/thumb/v7-m/nofp\libm.a(lib_a-k_sin.o)
                0x0000000008009330                __kernel_sin
 *fill*         0x000000000800949c        0x4 
 .text.__kernel_tan
                0x00000000080094a0      0x3f8 d:/softwares/stm32cubeide_1.10.0/stm32cubeide/plugins/com.st.stm32cube.ide.mcu.externaltools.gnu-tools-for-stm32.10.3-2021.10.win32_1.0.0.202111181127/tools/bin/../lib/gcc/arm-none-eabi/10.3.1/../../../../arm-none-eabi/lib/thumb/v7-m/nofp\libm.a(lib_a-k_tan.o)
                0x00000000080094a0                __kernel_tan
 .text.fabs     0x0000000008009898        0x6 d:/softwares/stm32cubeide_1.10.0/stm32cubeide/plugins/com.st.stm32cube.ide.mcu.externaltools.gnu-tools-for-stm32.10.3-2021.10.win32_1.0.0.202111181127/tools/bin/../lib/gcc/arm-none-eabi/10.3.1/../../../../arm-none-eabi/lib/thumb/v7-m/nofp\libm.a(lib_a-s_fabs.o)
                0x0000000008009898                fabs
 *fill*         0x000000000800989e        0x2 
 .text.floor    0x00000000080098a0      0x100 d:/softwares/stm32cubeide_1.10.0/stm32cubeide/plugins/com.st.stm32cube.ide.mcu.externaltools.gnu-tools-for-stm32.10.3-2021.10.win32_1.0.0.202111181127/tools/bin/../lib/gcc/arm-none-eabi/10.3.1/../../../../arm-none-eabi/lib/thumb/v7-m/nofp\libm.a(lib_a-s_floor.o)
                0x00000000080098a0                floor
 .text.scalbn   0x00000000080099a0       0xfc d:/softwares/stm32cubeide_1.10.0/stm32cubeide/plugins/com.st.stm32cube.ide.mcu.externaltools.gnu-tools-for-stm32.10.3-2021.10.win32_1.0.0.202111181127/tools/bin/../lib/gcc/arm-none-eabi/10.3.1/../../../../arm-none-eabi/lib/thumb/v7-m/nofp\libm.a(lib_a-s_scalbn.o)
                0x00000000080099a0                scalbn
 *(.glue_7)
 .glue_7        0x0000000008009a9c        0x0 linker stubs
 *(.glue_7t)
 .glue_7t       0x0000000008009a9c        0x0 linker stubs
 *(.eh_frame)
 .eh_frame      0x0000000008009a9c        0x0 d:/softwares/stm32cubeide_1.10.0/stm32cubeide/plugins/com.st.stm32cube.ide.mcu.externaltools.gnu-tools-for-stm32.10.3-2021.10.win32_1.0.0.202111181127/tools/bin/../lib/gcc/arm-none-eabi/10.3.1/thumb/v7-m/nofp/crtbegin.o
 *(.init)
 .init          0x0000000008009a9c        0x4 d:/softwares/stm32cubeide_1.10.0/stm32cubeide/plugins/com.st.stm32cube.ide.mcu.externaltools.gnu-tools-for-stm32.10.3-2021.10.win32_1.0.0.202111181127/tools/bin/../lib/gcc/arm-none-eabi/10.3.1/thumb/v7-m/nofp/crti.o
                0x0000000008009a9c                _init
 .init          0x0000000008009aa0        0x8 d:/softwares/stm32cubeide_1.10.0/stm32cubeide/plugins/com.st.stm32cube.ide.mcu.externaltools.gnu-tools-for-stm32.10.3-2021.10.win32_1.0.0.202111181127/tools/bin/../lib/gcc/arm-none-eabi/10.3.1/thumb/v7-m/nofp/crtn.o
 *(.fini)
 .fini          0x0000000008009aa8        0x4 d:/softwares/stm32cubeide_1.10.0/stm32cubeide/plugins/com.st.stm32cube.ide.mcu.externaltools.gnu-tools-for-stm32.10.3-2021.10.win32_1.0.0.202111181127/tools/bin/../lib/gcc/arm-none-eabi/10.3.1/thumb/v7-m/nofp/crti.o
                0x0000000008009aa8                _fini
 .fini          0x0000000008009aac        0x8 d:/softwares/stm32cubeide_1.10.0/stm32cubeide/plugins/com.st.stm32cube.ide.mcu.externaltools.gnu-tools-for-stm32.10.3-2021.10.win32_1.0.0.202111181127/tools/bin/../lib/gcc/arm-none-eabi/10.3.1/thumb/v7-m/nofp/crtn.o
                0x0000000008009ab4                . = ALIGN (0x4)
                0x0000000008009ab4                _etext = .

.vfp11_veneer   0x0000000008009ab4        0x0
 .vfp11_veneer  0x0000000008009ab4        0x0 linker stubs

.v4_bx          0x0000000008009ab4        0x0
 .v4_bx         0x0000000008009ab4        0x0 linker stubs

.iplt           0x0000000008009ab4        0x0
 .iplt          0x0000000008009ab4        0x0 d:/softwares/stm32cubeide_1.10.0/stm32cubeide/plugins/com.st.stm32cube.ide.mcu.externaltools.gnu-tools-for-stm32.10.3-2021.10.win32_1.0.0.202111181127/tools/bin/../lib/gcc/arm-none-eabi/10.3.1/thumb/v7-m/nofp/crtbegin.o

.rodata         0x0000000008009ab8      0x598
                0x0000000008009ab8                . = ALIGN (0x4)
 *(.rodata)
 .rodata        0x0000000008009ab8       0x4d ./Core/Src/freertos.o
 *(.rodata*)
 .rodata.patio2ComFcn.str1.1
                0x0000000008009b05        0x3 ./Core/Src/freertos.o
 .rodata.read_time.str1.1
                0x0000000008009b08       0x37 ./Core/Src/freertos.o
 .rodata.str1.1
                0x0000000008009b3f       0xb3 ./Core/Src/freertos.o
 *fill*         0x0000000008009bf2        0x2 
 .rodata.defaultTask_attributes
                0x0000000008009bf4       0x24 ./Core/Src/freertos.o
                0x0000000008009bf4                defaultTask_attributes
 .rodata.patio1ComApp_attributes
                0x0000000008009c18       0x24 ./Core/Src/freertos.o
                0x0000000008009c18                patio1ComApp_attributes
 .rodata.patio1MotorCtrl_attributes
                0x0000000008009c3c       0x24 ./Core/Src/freertos.o
                0x0000000008009c3c                patio1MotorCtrl_attributes
 .rodata.patio1RangeApp_attributes
                0x0000000008009c60       0x24 ./Core/Src/freertos.o
                0x0000000008009c60                patio1RangeApp_attributes
 .rodata.patio1Ultra1App_attributes
                0x0000000008009c84       0x24 ./Core/Src/freertos.o
                0x0000000008009c84                patio1Ultra1App_attributes
 .rodata.patio1Ultra2App_attributes
                0x0000000008009ca8       0x24 ./Core/Src/freertos.o
                0x0000000008009ca8                patio1Ultra2App_attributes
 .rodata.patio2ComApp_attributes
                0x0000000008009ccc       0x24 ./Core/Src/freertos.o
                0x0000000008009ccc                patio2ComApp_attributes
 .rodata.patio2EngineApp_attributes
                0x0000000008009cf0       0x24 ./Core/Src/freertos.o
                0x0000000008009cf0                patio2EngineApp_attributes
 .rodata.patio2MotorCtrl_attributes
                0x0000000008009d14       0x24 ./Core/Src/freertos.o
                0x0000000008009d14                patio2MotorCtrl_attributes
 .rodata.patio2RangeApp_attributes
                0x0000000008009d38       0x24 ./Core/Src/freertos.o
                0x0000000008009d38                patio2RangeApp_attributes
 .rodata.patio2TransApp_attributes
                0x0000000008009d5c       0x24 ./Core/Src/freertos.o
                0x0000000008009d5c                patio2TransApp_attributes
 .rodata.patio2Ultra1App_attributes
                0x0000000008009d80       0x24 ./Core/Src/freertos.o
                0x0000000008009d80                patio2Ultra1App_attributes
 .rodata.AHBPrescTable
                0x0000000008009da4       0x10 ./Core/Src/system_stm32f1xx.o
                0x0000000008009da4                AHBPrescTable
 .rodata.APBPrescTable
                0x0000000008009db4        0x8 ./Core/Src/system_stm32f1xx.o
                0x0000000008009db4                APBPrescTable
 .rodata.HAL_RCC_GetSysClockFreq.str1.1
                0x0000000008009dbc       0x11 ./Drivers/STM32F1xx_HAL_Driver/Src/stm32f1xx_hal_rcc.o
 .rodata.vTaskStartScheduler.str1.1
                0x0000000008009dcd        0x5 ./Middlewares/Third_Party/FreeRTOS/Source/tasks.o
 .rodata.prvCheckForValidListAndQueue.str1.1
                0x0000000008009dd2        0x5 ./Middlewares/Third_Party/FreeRTOS/Source/timers.o
 .rodata.xTimerCreateTimerTask.str1.1
                0x0000000008009dd7        0x8 ./Middlewares/Third_Party/FreeRTOS/Source/timers.o
 *fill*         0x0000000008009ddf        0x1 
 .rodata.__sf_fake_stderr
                0x0000000008009de0       0x20 d:/softwares/stm32cubeide_1.10.0/stm32cubeide/plugins/com.st.stm32cube.ide.mcu.externaltools.gnu-tools-for-stm32.10.3-2021.10.win32_1.0.0.202111181127/tools/bin/../lib/gcc/arm-none-eabi/10.3.1/../../../../arm-none-eabi/lib/thumb/v7-m/nofp\libc_nano.a(lib_a-findfp.o)
                0x0000000008009de0                __sf_fake_stderr
 .rodata.__sf_fake_stdin
                0x0000000008009e00       0x20 d:/softwares/stm32cubeide_1.10.0/stm32cubeide/plugins/com.st.stm32cube.ide.mcu.externaltools.gnu-tools-for-stm32.10.3-2021.10.win32_1.0.0.202111181127/tools/bin/../lib/gcc/arm-none-eabi/10.3.1/../../../../arm-none-eabi/lib/thumb/v7-m/nofp\libc_nano.a(lib_a-findfp.o)
                0x0000000008009e00                __sf_fake_stdin
 .rodata.__sf_fake_stdout
                0x0000000008009e20       0x20 d:/softwares/stm32cubeide_1.10.0/stm32cubeide/plugins/com.st.stm32cube.ide.mcu.externaltools.gnu-tools-for-stm32.10.3-2021.10.win32_1.0.0.202111181127/tools/bin/../lib/gcc/arm-none-eabi/10.3.1/../../../../arm-none-eabi/lib/thumb/v7-m/nofp\libc_nano.a(lib_a-findfp.o)
                0x0000000008009e20                __sf_fake_stdout
 .rodata._svfprintf_r.str1.1
                0x0000000008009e40       0x11 d:/softwares/stm32cubeide_1.10.0/stm32cubeide/plugins/com.st.stm32cube.ide.mcu.externaltools.gnu-tools-for-stm32.10.3-2021.10.win32_1.0.0.202111181127/tools/bin/../lib/gcc/arm-none-eabi/10.3.1/../../../../arm-none-eabi/lib/thumb/v7-m/nofp\libc_nano.a(lib_a-nano-svfprintf.o)
 .rodata._printf_i.str1.1
                0x0000000008009e51       0x22 d:/softwares/stm32cubeide_1.10.0/stm32cubeide/plugins/com.st.stm32cube.ide.mcu.externaltools.gnu-tools-for-stm32.10.3-2021.10.win32_1.0.0.202111181127/tools/bin/../lib/gcc/arm-none-eabi/10.3.1/../../../../arm-none-eabi/lib/thumb/v7-m/nofp\libc_nano.a(lib_a-nano-vfprintf_i.o)
 *fill*         0x0000000008009e73        0x1 
 .rodata.npio2_hw
                0x0000000008009e74       0x80 d:/softwares/stm32cubeide_1.10.0/stm32cubeide/plugins/com.st.stm32cube.ide.mcu.externaltools.gnu-tools-for-stm32.10.3-2021.10.win32_1.0.0.202111181127/tools/bin/../lib/gcc/arm-none-eabi/10.3.1/../../../../arm-none-eabi/lib/thumb/v7-m/nofp\libm.a(lib_a-e_rem_pio2.o)
 .rodata.two_over_pi
                0x0000000008009ef4      0x108 d:/softwares/stm32cubeide_1.10.0/stm32cubeide/plugins/com.st.stm32cube.ide.mcu.externaltools.gnu-tools-for-stm32.10.3-2021.10.win32_1.0.0.202111181127/tools/bin/../lib/gcc/arm-none-eabi/10.3.1/../../../../arm-none-eabi/lib/thumb/v7-m/nofp\libm.a(lib_a-e_rem_pio2.o)
 *fill*         0x0000000008009ffc        0x4 
 .rodata.PIo2   0x000000000800a000       0x40 d:/softwares/stm32cubeide_1.10.0/stm32cubeide/plugins/com.st.stm32cube.ide.mcu.externaltools.gnu-tools-for-stm32.10.3-2021.10.win32_1.0.0.202111181127/tools/bin/../lib/gcc/arm-none-eabi/10.3.1/../../../../arm-none-eabi/lib/thumb/v7-m/nofp\libm.a(lib_a-k_rem_pio2.o)
 .rodata.init_jk
                0x000000000800a040       0x10 d:/softwares/stm32cubeide_1.10.0/stm32cubeide/plugins/com.st.stm32cube.ide.mcu.externaltools.gnu-tools-for-stm32.10.3-2021.10.win32_1.0.0.202111181127/tools/bin/../lib/gcc/arm-none-eabi/10.3.1/../../../../arm-none-eabi/lib/thumb/v7-m/nofp\libm.a(lib_a-k_rem_pio2.o)
                0x000000000800a050                . = ALIGN (0x4)

.rel.dyn        0x000000000800a050        0x0
 .rel.iplt      0x000000000800a050        0x0 d:/softwares/stm32cubeide_1.10.0/stm32cubeide/plugins/com.st.stm32cube.ide.mcu.externaltools.gnu-tools-for-stm32.10.3-2021.10.win32_1.0.0.202111181127/tools/bin/../lib/gcc/arm-none-eabi/10.3.1/thumb/v7-m/nofp/crtbegin.o

.ARM.extab      0x000000000800a050        0x0
                0x000000000800a050                . = ALIGN (0x4)
 *(.ARM.extab* .gnu.linkonce.armextab.*)
                0x000000000800a050                . = ALIGN (0x4)

.ARM            0x000000000800a050        0x0
                0x000000000800a050                . = ALIGN (0x4)
                0x000000000800a050                __exidx_start = .
 *(.ARM.exidx*)
                0x000000000800a050                __exidx_end = .
                0x000000000800a050                . = ALIGN (0x4)

.preinit_array  0x000000000800a050        0x0
                0x000000000800a050                . = ALIGN (0x4)
                0x000000000800a050                PROVIDE (__preinit_array_start = .)
 *(.preinit_array*)
                0x000000000800a050                PROVIDE (__preinit_array_end = .)
                0x000000000800a050                . = ALIGN (0x4)

.init_array     0x000000000800a050        0x4
                0x000000000800a050                . = ALIGN (0x4)
                0x000000000800a050                PROVIDE (__init_array_start = .)
 *(SORT_BY_NAME(.init_array.*))
 *(.init_array*)
 .init_array    0x000000000800a050        0x4 d:/softwares/stm32cubeide_1.10.0/stm32cubeide/plugins/com.st.stm32cube.ide.mcu.externaltools.gnu-tools-for-stm32.10.3-2021.10.win32_1.0.0.202111181127/tools/bin/../lib/gcc/arm-none-eabi/10.3.1/thumb/v7-m/nofp/crtbegin.o
                0x000000000800a054                PROVIDE (__init_array_end = .)
                0x000000000800a054                . = ALIGN (0x4)

.fini_array     0x000000000800a054        0x4
                0x000000000800a054                . = ALIGN (0x4)
                [!provide]                        PROVIDE (__fini_array_start = .)
 *(SORT_BY_NAME(.fini_array.*))
 *(.fini_array*)
 .fini_array    0x000000000800a054        0x4 d:/softwares/stm32cubeide_1.10.0/stm32cubeide/plugins/com.st.stm32cube.ide.mcu.externaltools.gnu-tools-for-stm32.10.3-2021.10.win32_1.0.0.202111181127/tools/bin/../lib/gcc/arm-none-eabi/10.3.1/thumb/v7-m/nofp/crtbegin.o
                [!provide]                        PROVIDE (__fini_array_end = .)
                0x000000000800a058                . = ALIGN (0x4)
                0x000000000800a058                _sidata = LOADADDR (.data)

.data           0x0000000020000000       0x94 load address 0x000000000800a058
                0x0000000020000000                . = ALIGN (0x4)
                0x0000000020000000                _sdata = .
 *(.data)
 *(.data*)
 .data.targetVelL
                0x0000000020000000        0x4 ./Core/Src/freertos.o
                0x0000000020000000                targetVelL
 .data.targetVelR
                0x0000000020000004        0x4 ./Core/Src/freertos.o
                0x0000000020000004                targetVelR
 .data.ultra1dis
                0x0000000020000008        0xc ./Core/Src/freertos.o
                0x0000000020000008                ultra1dis
 .data.ultra2dis
                0x0000000020000014        0xc ./Core/Src/freertos.o
                0x0000000020000014                ultra2dis
 .data.SystemCoreClock
                0x0000000020000020        0x4 ./Core/Src/system_stm32f1xx.o
                0x0000000020000020                SystemCoreClock
 .data.uwTickFreq
                0x0000000020000024        0x1 ./Drivers/STM32F1xx_HAL_Driver/Src/stm32f1xx_hal.o
                0x0000000020000024                uwTickFreq
 *fill*         0x0000000020000025        0x3 
 .data.uwTickPrio
                0x0000000020000028        0x4 ./Drivers/STM32F1xx_HAL_Driver/Src/stm32f1xx_hal.o
                0x0000000020000028                uwTickPrio
 .data.uxCriticalNesting
                0x000000002000002c        0x4 ./Middlewares/Third_Party/FreeRTOS/Source/portable/GCC/ARM_CM3/port.o
 .data._impure_ptr
                0x0000000020000030        0x4 d:/softwares/stm32cubeide_1.10.0/stm32cubeide/plugins/com.st.stm32cube.ide.mcu.externaltools.gnu-tools-for-stm32.10.3-2021.10.win32_1.0.0.202111181127/tools/bin/../lib/gcc/arm-none-eabi/10.3.1/../../../../arm-none-eabi/lib/thumb/v7-m/nofp\libc_nano.a(lib_a-impure.o)
                0x0000000020000030                _impure_ptr
 .data.impure_data
                0x0000000020000034       0x60 d:/softwares/stm32cubeide_1.10.0/stm32cubeide/plugins/com.st.stm32cube.ide.mcu.externaltools.gnu-tools-for-stm32.10.3-2021.10.win32_1.0.0.202111181127/tools/bin/../lib/gcc/arm-none-eabi/10.3.1/../../../../arm-none-eabi/lib/thumb/v7-m/nofp\libc_nano.a(lib_a-impure.o)
 *(.RamFunc)
 *(.RamFunc*)
                0x0000000020000094                . = ALIGN (0x4)
                0x0000000020000094                _edata = .

.igot.plt       0x0000000020000094        0x0 load address 0x000000000800a0ec
 .igot.plt      0x0000000020000094        0x0 d:/softwares/stm32cubeide_1.10.0/stm32cubeide/plugins/com.st.stm32cube.ide.mcu.externaltools.gnu-tools-for-stm32.10.3-2021.10.win32_1.0.0.202111181127/tools/bin/../lib/gcc/arm-none-eabi/10.3.1/thumb/v7-m/nofp/crtbegin.o
                0x0000000020000094                . = ALIGN (0x4)

.bss            0x0000000020000094     0x9c2c load address 0x000000000800a0ec
                0x0000000020000094                _sbss = .
                0x0000000020000094                __bss_start__ = _sbss
 *(.bss)
 .bss           0x0000000020000094       0x1c d:/softwares/stm32cubeide_1.10.0/stm32cubeide/plugins/com.st.stm32cube.ide.mcu.externaltools.gnu-tools-for-stm32.10.3-2021.10.win32_1.0.0.202111181127/tools/bin/../lib/gcc/arm-none-eabi/10.3.1/thumb/v7-m/nofp/crtbegin.o
 *(.bss*)
 .bss.hadc1     0x00000000200000b0       0x30 ./Core/Src/adc.o
                0x00000000200000b0                hadc1
 .bss.acc_xE1   0x00000000200000e0        0x4 ./Core/Src/freertos.o
                0x00000000200000e0                acc_xE1
 .bss.acc_xE2   0x00000000200000e4        0x4 ./Core/Src/freertos.o
                0x00000000200000e4                acc_xE2
 .bss.acc_yE1   0x00000000200000e8        0x4 ./Core/Src/freertos.o
                0x00000000200000e8                acc_yE1
 .bss.acc_yE2   0x00000000200000ec        0x4 ./Core/Src/freertos.o
                0x00000000200000ec                acc_yE2
 .bss.acc_zE1   0x00000000200000f0        0x4 ./Core/Src/freertos.o
                0x00000000200000f0                acc_zE1
 .bss.acc_zE2   0x00000000200000f4        0x4 ./Core/Src/freertos.o
                0x00000000200000f4                acc_zE2
 .bss.defaultTaskHandle
                0x00000000200000f8        0x4 ./Core/Src/freertos.o
                0x00000000200000f8                defaultTaskHandle
 .bss.finalDirection
                0x00000000200000fc        0x1 ./Core/Src/freertos.o
                0x00000000200000fc                finalDirection
 .bss.finishBasketFlag
                0x00000000200000fd        0x1 ./Core/Src/freertos.o
                0x00000000200000fd                finishBasketFlag
 .bss.finishTransFlag
                0x00000000200000fe        0x1 ./Core/Src/freertos.o
                0x00000000200000fe                finishTransFlag
 *fill*         0x00000000200000ff        0x1 
 .bss.gyro_xE1  0x0000000020000100        0x4 ./Core/Src/freertos.o
                0x0000000020000100                gyro_xE1
 .bss.gyro_xE2  0x0000000020000104        0x4 ./Core/Src/freertos.o
                0x0000000020000104                gyro_xE2
 .bss.gyro_yE1  0x0000000020000108        0x4 ./Core/Src/freertos.o
                0x0000000020000108                gyro_yE1
 .bss.gyro_yE2  0x000000002000010c        0x4 ./Core/Src/freertos.o
                0x000000002000010c                gyro_yE2
 .bss.gyro_zE1  0x0000000020000110        0x4 ./Core/Src/freertos.o
                0x0000000020000110                gyro_zE1
 .bss.gyro_zE2  0x0000000020000114        0x4 ./Core/Src/freertos.o
                0x0000000020000114                gyro_zE2
 .bss.patio1ComAppHandle
                0x0000000020000118        0x4 ./Core/Src/freertos.o
                0x0000000020000118                patio1ComAppHandle
 .bss.patio1MotorCtrlHandle
                0x000000002000011c        0x4 ./Core/Src/freertos.o
                0x000000002000011c                patio1MotorCtrlHandle
 .bss.patio1RangeAppHandle
                0x0000000020000120        0x4 ./Core/Src/freertos.o
                0x0000000020000120                patio1RangeAppHandle
 .bss.patio1Tasks
                0x0000000020000124        0x1 ./Core/Src/freertos.o
                0x0000000020000124                patio1Tasks
 *fill*         0x0000000020000125        0x3 
 .bss.patio1Ultra1AppHandle
                0x0000000020000128        0x4 ./Core/Src/freertos.o
                0x0000000020000128                patio1Ultra1AppHandle
 .bss.patio1Ultra2AppHandle
                0x000000002000012c        0x4 ./Core/Src/freertos.o
                0x000000002000012c                patio1Ultra2AppHandle
 .bss.patio1_flag
                0x0000000020000130        0x1 ./Core/Src/freertos.o
                0x0000000020000130                patio1_flag
 *fill*         0x0000000020000131        0x3 
 .bss.patio2ComAppHandle
                0x0000000020000134        0x4 ./Core/Src/freertos.o
                0x0000000020000134                patio2ComAppHandle
 .bss.patio2EngineAppHandle
                0x0000000020000138        0x4 ./Core/Src/freertos.o
                0x0000000020000138                patio2EngineAppHandle
 .bss.patio2MotorCtrlHandle
                0x000000002000013c        0x4 ./Core/Src/freertos.o
                0x000000002000013c                patio2MotorCtrlHandle
 .bss.patio2RangeAppHandle
                0x0000000020000140        0x4 ./Core/Src/freertos.o
                0x0000000020000140                patio2RangeAppHandle
 .bss.patio2Tasks
                0x0000000020000144        0x1 ./Core/Src/freertos.o
                0x0000000020000144                patio2Tasks
 *fill*         0x0000000020000145        0x3 
 .bss.patio2TransAppHandle
                0x0000000020000148        0x4 ./Core/Src/freertos.o
                0x0000000020000148                patio2TransAppHandle
 .bss.patio2Ultra1AppHandle
                0x000000002000014c        0x4 ./Core/Src/freertos.o
                0x000000002000014c                patio2Ultra1AppHandle
 .bss.patio2_recognise_finish
                0x0000000020000150        0x1 ./Core/Src/freertos.o
                0x0000000020000150                patio2_recognise_finish
 .bss.which_patio
                0x0000000020000151        0x1 ./Core/Src/freertos.o
                0x0000000020000151                which_patio
 *fill*         0x0000000020000152        0x2 
 .bss.xP1Door   0x0000000020000154        0x4 ./Core/Src/freertos.o
                0x0000000020000154                xP1Door
 .bss.xPos      0x0000000020000158        0x4 ./Core/Src/freertos.o
                0x0000000020000158                xPos
 .bss.xV        0x000000002000015c        0x4 ./Core/Src/freertos.o
                0x000000002000015c                xV
 .bss.yPos      0x0000000020000160        0x4 ./Core/Src/freertos.o
                0x0000000020000160                yPos
 .bss.yV        0x0000000020000164        0x4 ./Core/Src/freertos.o
                0x0000000020000164                yV
 .bss.zAngle    0x0000000020000168        0x4 ./Core/Src/freertos.o
                0x0000000020000168                zAngle
 .bss.zW        0x000000002000016c        0x4 ./Core/Src/freertos.o
                0x000000002000016c                zW
 .bss.hi2c1     0x0000000020000170       0x54 ./Core/Src/i2c.o
                0x0000000020000170                hi2c1
 .bss.hi2c2     0x00000000200001c4       0x54 ./Core/Src/i2c.o
                0x00000000200001c4                hi2c2
 .bss.htim6     0x0000000020000218       0x48 ./Core/Src/stm32f1xx_hal_timebase_tim.o
                0x0000000020000218                htim6
 .bss.__sbrk_heap_end
                0x0000000020000260        0x4 ./Core/Src/sysmem.o
 .bss.htim1     0x0000000020000264       0x48 ./Core/Src/tim.o
                0x0000000020000264                htim1
 .bss.htim2     0x00000000200002ac       0x48 ./Core/Src/tim.o
                0x00000000200002ac                htim2
 .bss.htim3     0x00000000200002f4       0x48 ./Core/Src/tim.o
                0x00000000200002f4                htim3
 .bss.htim4     0x000000002000033c       0x48 ./Core/Src/tim.o
                0x000000002000033c                htim4
 .bss.htim5     0x0000000020000384       0x48 ./Core/Src/tim.o
                0x0000000020000384                htim5
 .bss.htim8     0x00000000200003cc       0x48 ./Core/Src/tim.o
                0x00000000200003cc                htim8
 .bss.huart4    0x0000000020000414       0x44 ./Core/Src/usart.o
                0x0000000020000414                huart4
 .bss.huart5    0x0000000020000458       0x44 ./Core/Src/usart.o
                0x0000000020000458                huart5
 .bss.uwTick    0x000000002000049c        0x4 ./Drivers/STM32F1xx_HAL_Driver/Src/stm32f1xx_hal.o
                0x000000002000049c                uwTick
 .bss.Idle_Stack
                0x00000000200004a0      0x800 ./Middlewares/Third_Party/FreeRTOS/Source/CMSIS_RTOS_V2/cmsis_os2.o
 .bss.Idle_TCB  0x0000000020000ca0       0xbc ./Middlewares/Third_Party/FreeRTOS/Source/CMSIS_RTOS_V2/cmsis_os2.o
 .bss.KernelState
                0x0000000020000d5c        0x4 ./Middlewares/Third_Party/FreeRTOS/Source/CMSIS_RTOS_V2/cmsis_os2.o
 .bss.Timer_Stack
                0x0000000020000d60     0x1000 ./Middlewares/Third_Party/FreeRTOS/Source/CMSIS_RTOS_V2/cmsis_os2.o
 .bss.Timer_TCB
                0x0000000020001d60       0xbc ./Middlewares/Third_Party/FreeRTOS/Source/CMSIS_RTOS_V2/cmsis_os2.o
 .bss.xQueueRegistry
                0x0000000020001e1c       0x40 ./Middlewares/Third_Party/FreeRTOS/Source/queue.o
                0x0000000020001e1c                xQueueRegistry
 .bss.pxCurrentTCB
                0x0000000020001e5c        0x4 ./Middlewares/Third_Party/FreeRTOS/Source/tasks.o
                0x0000000020001e5c                pxCurrentTCB
 .bss.pxDelayedTaskList
                0x0000000020001e60        0x4 ./Middlewares/Third_Party/FreeRTOS/Source/tasks.o
 .bss.pxOverflowDelayedTaskList
                0x0000000020001e64        0x4 ./Middlewares/Third_Party/FreeRTOS/Source/tasks.o
 .bss.pxReadyTasksLists
                0x0000000020001e68      0x460 ./Middlewares/Third_Party/FreeRTOS/Source/tasks.o
 .bss.uxCurrentNumberOfTasks
                0x00000000200022c8        0x4 ./Middlewares/Third_Party/FreeRTOS/Source/tasks.o
 .bss.uxDeletedTasksWaitingCleanUp